Archive member included to satisfy reference by file (symbol)

app/libapp.a(main.c.obj)      (--whole-archive)
zephyr/libzephyr.a(cbprintf.c.obj)
                              (--whole-archive)
zephyr/libzephyr.a(cbprintf_packaged.c.obj)
                              (--whole-archive)
zephyr/libzephyr.a(crc32c_sw.c.obj)
                              (--whole-archive)
zephyr/libzephyr.a(crc32_sw.c.obj)
                              (--whole-archive)
zephyr/libzephyr.a(crc16_sw.c.obj)
                              (--whole-archive)
zephyr/libzephyr.a(crc8_sw.c.obj)
                              (--whole-archive)
zephyr/libzephyr.a(crc7_sw.c.obj)
                              (--whole-archive)
zephyr/libzephyr.a(dec.c.obj)
                              (--whole-archive)
zephyr/libzephyr.a(fdtable.c.obj)
                              (--whole-archive)
zephyr/libzephyr.a(hex.c.obj)
                              (--whole-archive)
zephyr/libzephyr.a(notify.c.obj)
                              (--whole-archive)
zephyr/libzephyr.a(printk.c.obj)
                              (--whole-archive)
zephyr/libzephyr.a(onoff.c.obj)
                              (--whole-archive)
zephyr/libzephyr.a(rb.c.obj)  (--whole-archive)
zephyr/libzephyr.a(sem.c.obj)
                              (--whole-archive)
zephyr/libzephyr.a(thread_entry.c.obj)
                              (--whole-archive)
zephyr/libzephyr.a(timeutil.c.obj)
                              (--whole-archive)
zephyr/libzephyr.a(heap.c.obj)
                              (--whole-archive)
zephyr/libzephyr.a(heap-validate.c.obj)
                              (--whole-archive)
zephyr/libzephyr.a(bitarray.c.obj)
                              (--whole-archive)
zephyr/libzephyr.a(multi_heap.c.obj)
                              (--whole-archive)
zephyr/libzephyr.a(cbprintf_complete.c.obj)
                              (--whole-archive)
zephyr/libzephyr.a(assert.c.obj)
                              (--whole-archive)
zephyr/libzephyr.a(configs.c.obj)
                              (--whole-archive)
zephyr/libzephyr.a(idle.c.obj)
                              (--whole-archive)
zephyr/libzephyr.a(soc_irq.S.obj)
                              (--whole-archive)
zephyr/libzephyr.a(soc_common_irq.c.obj)
                              (--whole-archive)
zephyr/libzephyr.a(vector.S.obj)
                              (--whole-archive)
zephyr/libzephyr.a(tracing_none.c.obj)
                              (--whole-archive)
zephyr/libzephyr.a(pinmux_sifive.c.obj)
                              (--whole-archive)
zephyr/arch/common/libarch__common.a(sw_isr_common.c.obj)
                              (--whole-archive)
zephyr/arch/arch/riscv/core/libarch__riscv__core.a(cpu_idle.c.obj)
                              (--whole-archive)
zephyr/arch/arch/riscv/core/libarch__riscv__core.a(fatal.c.obj)
                              (--whole-archive)
zephyr/arch/arch/riscv/core/libarch__riscv__core.a(irq_manage.c.obj)
                              (--whole-archive)
zephyr/arch/arch/riscv/core/libarch__riscv__core.a(isr.S.obj)
                              (--whole-archive)
zephyr/arch/arch/riscv/core/libarch__riscv__core.a(prep_c.c.obj)
                              (--whole-archive)
zephyr/arch/arch/riscv/core/libarch__riscv__core.a(reboot.c.obj)
                              (--whole-archive)
zephyr/arch/arch/riscv/core/libarch__riscv__core.a(reset.S.obj)
                              (--whole-archive)
zephyr/arch/arch/riscv/core/libarch__riscv__core.a(swap.S.obj)
                              (--whole-archive)
zephyr/arch/arch/riscv/core/libarch__riscv__core.a(thread.c.obj)
                              (--whole-archive)
zephyr/lib/libc/minimal/liblib__libc__minimal.a(abort.c.obj)
                              (--whole-archive)
zephyr/lib/libc/minimal/liblib__libc__minimal.a(atoi.c.obj)
                              (--whole-archive)
zephyr/lib/libc/minimal/liblib__libc__minimal.a(strtol.c.obj)
                              (--whole-archive)
zephyr/lib/libc/minimal/liblib__libc__minimal.a(strtoul.c.obj)
                              (--whole-archive)
zephyr/lib/libc/minimal/liblib__libc__minimal.a(malloc.c.obj)
                              (--whole-archive)
zephyr/lib/libc/minimal/liblib__libc__minimal.a(bsearch.c.obj)
                              (--whole-archive)
zephyr/lib/libc/minimal/liblib__libc__minimal.a(exit.c.obj)
                              (--whole-archive)
zephyr/lib/libc/minimal/liblib__libc__minimal.a(qsort.c.obj)
                              (--whole-archive)
zephyr/lib/libc/minimal/liblib__libc__minimal.a(strncasecmp.c.obj)
                              (--whole-archive)
zephyr/lib/libc/minimal/liblib__libc__minimal.a(strstr.c.obj)
                              (--whole-archive)
zephyr/lib/libc/minimal/liblib__libc__minimal.a(string.c.obj)
                              (--whole-archive)
zephyr/lib/libc/minimal/liblib__libc__minimal.a(strspn.c.obj)
[...]
Memory Configuration

Name             Origin             Length             Attributes
ROM              0x0000000020400000 0x0000000000c00000 xr
RAM              0x0000000080000000 0x0000000000004000 xrw
IDT_LIST         0x00000000fffff7ff 0x0000000000000800 xw
*default*        0x0000000000000000 0xffffffffffffffff

Linker script and memory map

LOAD zephyr/CMakeFiles/zephyr_pre1.dir/misc/empty_file.c.obj
LOAD zephyr/CMakeFiles/zephyr_pre1.dir/dev_handles.c.obj
LOAD zephyr/CMakeFiles/offsets.dir/./arch/riscv/core/offsets/offsets.c.obj

.rel.plt        0x0000000000000000        0x0
 *(SORT_BY_ALIGNMENT(.rel.plt))
                [!provide]                        PROVIDE (__rel_iplt_start = .)
 *(SORT_BY_ALIGNMENT(.rel.iplt))
                [!provide]                        PROVIDE (__rel_iplt_end = .)

.rela.plt       0x0000000000000000        0x0
 *(SORT_BY_ALIGNMENT(.rela.plt))
                [!provide]                        PROVIDE (__rela_iplt_start = .)
 *(SORT_BY_ALIGNMENT(.rela.iplt))
                [!provide]                        PROVIDE (__rela_iplt_end = .)

.rel.dyn
 *(SORT_BY_ALIGNMENT(.rel.*))

.rela.dyn       0x0000000020400000        0x0
 *(SORT_BY_ALIGNMENT(.rela.*))
 .rela.text.blink
                0x0000000020400000        0x0 app/libapp.a(main.c.obj)
 .rela.sdata._char_out
                0x0000000020400000        0x0 app/libapp.a(main.c.obj)
 .rela.text.sys_heap_free
                0x0000000020400000        0x0 app/libapp.a(main.c.obj)
 .rela.text.sys_heap_aligned_alloc
                0x0000000020400000        0x0 app/libapp.a(main.c.obj)
 .rela.text.sys_heap_init
                0x0000000020400000        0x0 app/libapp.a(main.c.obj)
 .rela.vectors.__start
                0x0000000020400000        0x0 app/libapp.a(main.c.obj)
 .rela.exception.entry.__irq_wrapper
                0x0000000020400000        0x0 app/libapp.a(main.c.obj)
 .rela.text._PrepC
                0x0000000020400000        0x0 app/libapp.a(main.c.obj)
 .rela.text.artyA7_pinmux_init
                0x0000000020400000        0x0 app/libapp.a(main.c.obj)
 .rela.text.gpio_sifive_manage_callback
                0x0000000020400000        0x0 app/libapp.a(main.c.obj)
 .rela.text.gpio_sifive_irq_handler
                0x0000000020400000        0x0 app/libapp.a(main.c.obj)
 .rela.text.gpio_sifive_pin_interrupt_configure
                0x0000000020400000        0x0 app/libapp.a(main.c.obj)
 .rela.text.gpio_pin_set_dt.isra.0
                0x0000000020400000        0x0 app/libapp.a(main.c.obj)
 .rela.text.spi_sifive_init
                0x0000000020400000        0x0 app/libapp.a(main.c.obj)
 .rela.text.timer_isr
                0x0000000020400000        0x0 app/libapp.a(main.c.obj)
 .rela.text.sys_clock_set_timeout
                0x0000000020400000        0x0 app/libapp.a(main.c.obj)
 .rela.text.sys_clock_elapsed
                0x0000000020400000        0x0 app/libapp.a(main.c.obj)
 .rela.rodata.levels.0
                0x0000000020400000        0x0 app/libapp.a(main.c.obj)
 .rela.text.k_sys_fatal_error_handler
                0x0000000020400000        0x0 app/libapp.a(main.c.obj)
 .rela.text.z_fatal_error
                0x0000000020400000        0x0 app/libapp.a(main.c.obj)
 .rela.text.bg_thread_main
                0x0000000020400000        0x0 app/libapp.a(main.c.obj)
 .rela.text.z_bss_zero
                0x0000000020400000        0x0 app/libapp.a(main.c.obj)
 .rela.text.z_setup_new_thread
                0x0000000020400000        0x0 app/libapp.a(main.c.obj)
 .rela.text.z_init_static_threads
                0x0000000020400000        0x0 app/libapp.a(main.c.obj)
 .rela.text.idle
                0x0000000020400000        0x0 app/libapp.a(main.c.obj)
 .rela.text.queue_insert
                0x0000000020400000        0x0 app/libapp.a(main.c.obj)
 .rela.text.z_impl_k_queue_get
                0x0000000020400000        0x0 app/libapp.a(main.c.obj)
 .rela.text.z_impl_k_sem_give
                0x0000000020400000        0x0 app/libapp.a(main.c.obj)
 .rela.text.z_impl_k_sem_take
                0x0000000020400000        0x0 app/libapp.a(main.c.obj)
 .rela.text.k_sched_time_slice_set
                0x0000000020400000        0x0 app/libapp.a(main.c.obj)
 .rela.text.z_reschedule
                0x0000000020400000        0x0 app/libapp.a(main.c.obj)
 .rela.text.k_sched_lock
                0x0000000020400000        0x0 app/libapp.a(main.c.obj)
 .rela.text.z_priq_dumb_remove
                0x0000000020400000        0x0 app/libapp.a(main.c.obj)
 .rela.text.unpend_thread_no_timeout
                0x0000000020400000        0x0 app/libapp.a(main.c.obj)
 .rela.text.z_unpend_thread
                0x0000000020400000        0x0 app/libapp.a(main.c.obj)
 .rela.text.update_cache
                0x0000000020400000        0x0 app/libapp.a(main.c.obj)
 .rela.text.move_thread_to_end_of_prio_q
                0x0000000020400000        0x0 app/libapp.a(main.c.obj)
 .rela.text.z_time_slice
                0x0000000020400000        0x0 app/libapp.a(main.c.obj)
 .rela.text.ready_thread
                0x0000000020400000        0x0 app/libapp.a(main.c.obj)
 .rela.text.z_ready_thread
                0x0000000020400000        0x0 app/libapp.a(main.c.obj)
 .rela.text.z_sched_start
                0x0000000020400000        0x0 app/libapp.a(main.c.obj)
 .rela.text.z_thread_timeout
                0x0000000020400000        0x0 app/libapp.a(main.c.obj)
 .rela.text.add_to_waitq_locked
                0x0000000020400000        0x0 app/libapp.a(main.c.obj)
 .rela.text.pend
                0x0000000020400000        0x0 app/libapp.a(main.c.obj)
 .rela.text.z_pend_curr
                0x0000000020400000        0x0 app/libapp.a(main.c.obj)
 .rela.text.z_impl_k_thread_suspend
                0x0000000020400000        0x0 app/libapp.a(main.c.obj)
 .rela.text.k_sched_unlock
                0x0000000020400000        0x0 app/libapp.a(main.c.obj)
 .rela.text.z_unpend_first_thread
                0x0000000020400000        0x0 app/libapp.a(main.c.obj)
 .rela.text.z_impl_k_yield
                0x0000000020400000        0x0 app/libapp.a(main.c.obj)
 .rela.text.z_tick_sleep
                0x0000000020400000        0x0 app/libapp.a(main.c.obj)
 .rela.text.z_impl_k_sleep
                0x0000000020400000        0x0 app/libapp.a(main.c.obj)
 .rela.text.z_thread_abort
                0x0000000020400000        0x0 app/libapp.a(main.c.obj)
 .rela.text.z_data_copy
                0x0000000020400000        0x0 app/libapp.a(main.c.obj)
 .rela.text.z_add_timeout
                0x0000000020400000        0x0 app/libapp.a(main.c.obj)
 .rela.text.z_abort_timeout
                0x0000000020400000        0x0 app/libapp.a(main.c.obj)
 .rela.text.z_set_timeout_expiry
                0x0000000020400000        0x0 app/libapp.a(main.c.obj)
 .rela.text.sys_clock_announce
                0x0000000020400000        0x0 app/libapp.a(main.c.obj)
 .rela.text.sys_clock_tick_get
                0x0000000020400000        0x0 app/libapp.a(main.c.obj)
 .rela.text.z_heap_aligned_alloc
                0x0000000020400000        0x0 app/libapp.a(main.c.obj)
 .rela.text.k_aligned_alloc
                0x0000000020400000        0x0 app/libapp.a(main.c.obj)
 .rela.text.statics_init
                0x0000000020400000        0x0 app/libapp.a(main.c.obj)
 .rela.text.k_heap_aligned_alloc
                0x0000000020400000        0x0 app/libapp.a(main.c.obj)
 .rela.text.k_heap_free
                0x0000000020400000        0x0 app/libapp.a(main.c.obj)

.plt
 *(SORT_BY_ALIGNMENT(.plt))

.iplt
 *(SORT_BY_ALIGNMENT(.iplt))
                0x0000000020400000                __rom_region_start = 0x20400000

vector          0x0000000020400000       0x18
                0x0000000020400000                . = ALIGN (0x4)
 *(SORT_BY_ALIGNMENT(.vectors.*))
 .vectors.__start
                0x0000000020400000       0x18 zephyr/libzephyr.a(vector.S.obj)
                0x0000000020400000                __start

rom_start       0x0000000020400018        0x8
                0x0000000020400020                . = ALIGN (0x10)
 *fill*         0x0000000020400018        0x8 

reset           0x0000000020400020        0x4
 *(SORT_BY_ALIGNMENT(.reset.*))
 .reset.__reset
                0x0000000020400020        0x4 zephyr/arch/arch/riscv/core/libarch__riscv__core.a(reset.S.obj)
                0x0000000020400020                __reset

exceptions      0x0000000020400024      0x2c0
 *(SORT_BY_ALIGNMENT(.exception.entry.*))
 .exception.entry.__irq_wrapper
                0x0000000020400024      0x270 zephyr/arch/arch/riscv/core/libarch__riscv__core.a(isr.S.obj)
                0x0000000020400024                __irq_wrapper
 *(SORT_BY_ALIGNMENT(.exception.other.*))
 .exception.other.__soc_handle_irq
                0x0000000020400294       0x10 zephyr/libzephyr.a(soc_irq.S.obj)
                0x0000000020400294                __soc_handle_irq
 .exception.other.__soc_is_irq
                0x00000000204002a4       0x1c zephyr/libzephyr.a(soc_irq.S.obj)
                0x00000000204002a4                __soc_is_irq
 .exception.other.arch_swap
                0x00000000204002c0       0x24 zephyr/arch/arch/riscv/core/libarch__riscv__core.a(swap.S.obj)
                0x00000000204002c0                arch_swap

text            0x00000000204002e4     0x7c60
                0x00000000204002e4                . = ALIGN (0x4)
 *(SORT_BY_ALIGNMENT(.openocd_debug))
 *(SORT_BY_ALIGNMENT(.openocd_debug.*))
                0x00000000204002e4                __text_region_start = .
 *(SORT_BY_ALIGNMENT(.text))
 .text          0x00000000204002e4       0x4c /home/arachidi/zephyr-sdk-0.13.2/riscv64-zephyr-elf/bin/../lib/gcc/riscv64-zephyr-elf/10.3.0/libgcc.a(_clzsi2.o)
                0x00000000204002e4                __clzsi2
 .text          0x0000000020400330       0x50 /home/arachidi/zephyr-sdk-0.13.2/riscv64-zephyr-elf/bin/../lib/gcc/riscv64-zephyr-elf/10.3.0/libgcc.a(_ctzsi2.o)
                0x0000000020400330                __ctzsi2
 .text          0x0000000020400380      0x434 /home/arachidi/zephyr-sdk-0.13.2/riscv64-zephyr-elf/bin/../lib/gcc/riscv64-zephyr-elf/10.3.0/libgcc.a(_udivdi3.o)
                0x0000000020400380                __udivdi3
 .text          0x00000000204007b4      0x404 /home/arachidi/zephyr-sdk-0.13.2/riscv64-zephyr-elf/bin/../lib/gcc/riscv64-zephyr-elf/10.3.0/libgcc.a(_umoddi3.o)
                0x00000000204007b4                __umoddi3
 *(SORT_BY_ALIGNMENT(.text.*))
 .text._OffsetAbsSyms
                0x0000000020400bb8        0x4 zephyr/CMakeFiles/offsets.dir/./arch/riscv/core/offsets/offsets.c.obj
                0x0000000020400bb8                _OffsetAbsSyms
 .text.uart_out
                0x0000000020400bbc       0x48 app/libapp.a(main.c.obj)
                0x0000000020400bbc                uart_out
 .text.blink    0x0000000020400c04      0x3a0 app/libapp.a(main.c.obj)
                0x0000000020400c04                blink
 .text.blink0   0x0000000020400fa4       0x14 app/libapp.a(main.c.obj)
                0x0000000020400fa4                blink0
 .text.blink1   0x0000000020400fb8       0x14 app/libapp.a(main.c.obj)
                0x0000000020400fb8                blink1
 .text.arch_printk_char_out
                0x0000000020400fcc        0x8 zephyr/libzephyr.a(printk.c.obj)
                0x0000000020400fcc                arch_printk_char_out
 .text.char_out
                0x0000000020400fd4       0x18 zephyr/libzephyr.a(printk.c.obj)
 .text.__printk_hook_install
                0x0000000020400fec        0xc zephyr/libzephyr.a(printk.c.obj)
                0x0000000020400fec                __printk_hook_install
 .text.vprintk  0x0000000020400ff8       0x30 zephyr/libzephyr.a(printk.c.obj)
                0x0000000020400ff8                vprintk
 .text.printk   0x0000000020401028       0x3c zephyr/libzephyr.a(printk.c.obj)
                0x0000000020401028                printk
 .text.z_thread_entry
                0x0000000020401064       0x24 zephyr/libzephyr.a(thread_entry.c.obj)
                0x0000000020401064                z_thread_entry
 .text.chunk_size
                0x0000000020401088       0x14 zephyr/libzephyr.a(heap.c.obj)
 .text.free_list_add
                0x000000002040109c       0xb4 zephyr/libzephyr.a(heap.c.obj)
 .text.free_list_remove_bidx
                0x0000000020401150       0x68 zephyr/libzephyr.a(heap.c.obj)
 .text.free_list_remove
                0x00000000204011b8       0x44 zephyr/libzephyr.a(heap.c.obj)
 .text.alloc_chunk
                0x00000000204011fc      0x100 zephyr/libzephyr.a(heap.c.obj)
 .text.merge_chunks
                0x00000000204012fc       0x84 zephyr/libzephyr.a(heap.c.obj)
 .text.split_chunks
                0x0000000020401380       0x90 zephyr/libzephyr.a(heap.c.obj)
 .text.free_chunk
                0x0000000020401410       0xc4 zephyr/libzephyr.a(heap.c.obj)
 .text.sys_heap_free
                0x00000000204014d4      0x11c zephyr/libzephyr.a(heap.c.obj)
                0x00000000204014d4                sys_heap_free
 .text.sys_heap_alloc
                0x00000000204015f0       0xb0 zephyr/libzephyr.a(heap.c.obj)
                0x00000000204015f0                sys_heap_alloc
 .text.sys_heap_aligned_alloc
                0x00000000204016a0      0x1e0 zephyr/libzephyr.a(heap.c.obj)
                0x00000000204016a0                sys_heap_aligned_alloc
 .text.sys_heap_init
                0x0000000020401880      0x20c zephyr/libzephyr.a(heap.c.obj)
                0x0000000020401880                sys_heap_init
 .text.encode_uint
                0x0000000020401a8c      0x15c zephyr/libzephyr.a(cbprintf_complete.c.obj)
 .text.outs     0x0000000020401be8       0x78 zephyr/libzephyr.a(cbprintf_complete.c.obj)
 .text.cbvprintf
                0x0000000020401c60      0xb0c zephyr/libzephyr.a(cbprintf_complete.c.obj)
                0x0000000020401c60                cbvprintf
 .text.assert_post_action
                0x000000002040276c       0x1c zephyr/libzephyr.a(assert.c.obj)
                0x000000002040276c                assert_post_action
 .text._ConfigAbsSyms
                0x0000000020402788        0x4 zephyr/libzephyr.a(configs.c.obj)
                0x0000000020402788                _ConfigAbsSyms
 .text.arch_cpu_idle
                0x000000002040278c       0x24 zephyr/libzephyr.a(idle.c.obj)
                0x000000002040278c                arch_cpu_idle
 .text.arch_irq_enable
                0x00000000204027b0       0x24 zephyr/libzephyr.a(soc_common_irq.c.obj)
                0x00000000204027b0                arch_irq_enable
 .text.arch_irq_disable
                0x00000000204027d4       0x24 zephyr/libzephyr.a(soc_common_irq.c.obj)
                0x00000000204027d4                arch_irq_disable
 .text.arch_irq_priority_set
                0x00000000204027f8       0x18 zephyr/libzephyr.a(soc_common_irq.c.obj)
                0x00000000204027f8                arch_irq_priority_set
 .text.soc_interrupt_init
                0x0000000020402810       0x14 zephyr/libzephyr.a(soc_common_irq.c.obj)
                0x0000000020402810                soc_interrupt_init
 .text.sys_trace_idle
                0x0000000020402824        0x4 zephyr/libzephyr.a(tracing_none.c.obj)
                0x0000000020402824                sys_trace_idle
 .text.pinmux_sifive_set
                0x0000000020402828       0x5c zephyr/libzephyr.a(pinmux_sifive.c.obj)
 .text.pinmux_sifive_get
                0x0000000020402884       0x3c zephyr/libzephyr.a(pinmux_sifive.c.obj)
 .text.pinmux_sifive_pullup
                0x00000000204028c0        0x8 zephyr/libzephyr.a(pinmux_sifive.c.obj)
 .text.pinmux_sifive_init
                0x00000000204028c8       0x14 zephyr/libzephyr.a(pinmux_sifive.c.obj)
 .text.pinmux_sifive_input
                0x00000000204028dc        0x8 zephyr/libzephyr.a(pinmux_sifive.c.obj)
 .text.z_riscv_fatal_error
                0x00000000204028e4        0xc zephyr/arch/arch/riscv/core/libarch__riscv__core.a(fatal.c.obj)
                0x00000000204028e4                z_riscv_fatal_error
 .text._Fault   0x00000000204028f0       0x30 zephyr/arch/arch/riscv/core/libarch__riscv__core.a(fatal.c.obj)
                0x00000000204028f0                _Fault
 .text.z_irq_spurious
                0x0000000020402920       0x18 zephyr/arch/arch/riscv/core/libarch__riscv__core.a(irq_manage.c.obj)
                0x0000000020402920                z_irq_spurious
 .text._PrepC   0x0000000020402938       0x18 zephyr/arch/arch/riscv/core/libarch__riscv__core.a(prep_c.c.obj)
                0x0000000020402938                _PrepC
 .text.__initialize
                0x0000000020402950       0x2c zephyr/arch/arch/riscv/core/libarch__riscv__core.a(reset.S.obj)
                0x0000000020402950                __initialize
 .text.z_thread_entry_wrapper
                0x000000002040297c        0x4 zephyr/arch/arch/riscv/core/libarch__riscv__core.a(swap.S.obj)
                0x000000002040297c                z_thread_entry_wrapper
 .text.arch_new_thread
                0x0000000020402980       0x38 zephyr/arch/arch/riscv/core/libarch__riscv__core.a(thread.c.obj)
                0x0000000020402980                arch_new_thread
 .text.strlen   0x00000000204029b8       0x20 zephyr/lib/libc/minimal/liblib__libc__minimal.a(string.c.obj)
                0x00000000204029b8                strlen
 .text.strnlen  0x00000000204029d8       0x24 zephyr/lib/libc/minimal/liblib__libc__minimal.a(string.c.obj)
                0x00000000204029d8                strnlen
 .text.memcpy   0x00000000204029fc       0x24 zephyr/lib/libc/minimal/liblib__libc__minimal.a(string.c.obj)
                0x00000000204029fc                memcpy
 .text.memset   0x0000000020402a20       0x20 zephyr/lib/libc/minimal/liblib__libc__minimal.a(string.c.obj)
                0x0000000020402a20                memset
 .text._stdout_hook_default
                0x0000000020402a40        0x8 zephyr/lib/libc/minimal/liblib__libc__minimal.a(stdout_console.c.obj)
 .text.__stdout_hook_install
                0x0000000020402a48        0x8 zephyr/lib/libc/minimal/liblib__libc__minimal.a(stdout_console.c.obj)
                0x0000000020402a48                __stdout_hook_install
 .text.pinmux_pin_set.constprop.0.isra.0
                0x0000000020402a50       0x20 zephyr/boards/riscv/artyA7/libboards__riscv__artyA7.a(pinmux.c.obj)
 .text.artyA7_pinmux_init
                0x0000000020402a70       0x9c zephyr/boards/riscv/artyA7/libboards__riscv__artyA7.a(pinmux.c.obj)
 .text.plic_init
                0x0000000020402b0c       0x54 zephyr/drivers/interrupt_controller/libdrivers__interrupt_controller.a(intc_plic.c.obj)
 .text.plic_irq_handler
                0x0000000020402b60       0x78 zephyr/drivers/interrupt_controller/libdrivers__interrupt_controller.a(intc_plic.c.obj)
 .text.riscv_plic_irq_enable
                0x0000000020402bd8       0x38 zephyr/drivers/interrupt_controller/libdrivers__interrupt_controller.a(intc_plic.c.obj)
                0x0000000020402bd8                riscv_plic_irq_enable
 .text.riscv_plic_irq_disable
                0x0000000020402c10       0x3c zephyr/drivers/interrupt_controller/libdrivers__interrupt_controller.a(intc_plic.c.obj)
                0x0000000020402c10                riscv_plic_irq_disable
 .text.riscv_plic_set_priority
                0x0000000020402c4c       0x20 zephyr/drivers/interrupt_controller/libdrivers__interrupt_controller.a(intc_plic.c.obj)
                0x0000000020402c4c                riscv_plic_set_priority
 .text.riscv_plic_get_irq
                0x0000000020402c6c        0xc zephyr/drivers/interrupt_controller/libdrivers__interrupt_controller.a(intc_plic.c.obj)
                0x0000000020402c6c                riscv_plic_get_irq
 .text.uart_console_init
                0x0000000020402c78       0x58 zephyr/drivers/console/libdrivers__console.a(uart_console.c.obj)
 .text.console_out
                0x0000000020402cd0       0x64 zephyr/drivers/console/libdrivers__console.a(uart_console.c.obj)
 .text.gpio_sifive_config
                0x0000000020402d34       0xcc zephyr/drivers/gpio/libdrivers__gpio.a(gpio_sifive.c.obj)
 .text.gpio_sifive_port_get_raw
                0x0000000020402e00       0x18 zephyr/drivers/gpio/libdrivers__gpio.a(gpio_sifive.c.obj)
 .text.gpio_sifive_port_set_masked_raw
                0x0000000020402e18       0x24 zephyr/drivers/gpio/libdrivers__gpio.a(gpio_sifive.c.obj)
 .text.gpio_sifive_port_set_bits_raw
                0x0000000020402e3c       0x1c zephyr/drivers/gpio/libdrivers__gpio.a(gpio_sifive.c.obj)
 .text.gpio_sifive_port_clear_bits_raw
                0x0000000020402e58       0x20 zephyr/drivers/gpio/libdrivers__gpio.a(gpio_sifive.c.obj)
 .text.gpio_sifive_port_toggle_bits
                0x0000000020402e78       0x1c zephyr/drivers/gpio/libdrivers__gpio.a(gpio_sifive.c.obj)
 .text.gpio_sifive_init
                0x0000000020402e94       0x48 zephyr/drivers/gpio/libdrivers__gpio.a(gpio_sifive.c.obj)
 .text.gpio_sifive_manage_callback
                0x0000000020402edc      0x138 zephyr/drivers/gpio/libdrivers__gpio.a(gpio_sifive.c.obj)
 .text.gpio_sifive_cfg_0
                0x0000000020403014      0x1a4 zephyr/drivers/gpio/libdrivers__gpio.a(gpio_sifive.c.obj)
 .text.gpio_sifive_irq_handler
                0x00000000204031b8      0x110 zephyr/drivers/gpio/libdrivers__gpio.a(gpio_sifive.c.obj)
 .text.gpio_sifive_pin_interrupt_configure
                0x00000000204032c8      0x1d8 zephyr/drivers/gpio/libdrivers__gpio.a(gpio_sifive.c.obj)
 .text.spi_context_get_next_buf.constprop.0
                0x00000000204034a0       0x40 zephyr/drivers/spi/libdrivers__spi.a(spi_sifive.c.obj)
 .text.gpio_pin_set_dt.isra.0
                0x00000000204034e0      0x114 zephyr/drivers/spi/libdrivers__spi.a(spi_sifive.c.obj)
 .text._spi_context_cs_control
                0x00000000204035f4       0x9c zephyr/drivers/spi/libdrivers__spi.a(spi_sifive.c.obj)
 .text.spi_context_unlock_unconditionally
                0x0000000020403690       0x4c zephyr/drivers/spi/libdrivers__spi.a(spi_sifive.c.obj)
 .text.spi_sifive_release
                0x00000000204036dc       0x20 zephyr/drivers/spi/libdrivers__spi.a(spi_sifive.c.obj)
                0x00000000204036dc                spi_sifive_release
 .text.spi_sifive_init
                0x00000000204036fc      0x21c zephyr/drivers/spi/libdrivers__spi.a(spi_sifive.c.obj)
                0x00000000204036fc                spi_sifive_init
 .text.spi_config
                0x0000000020403918       0xe4 zephyr/drivers/spi/libdrivers__spi.a(spi_sifive.c.obj)
                0x0000000020403918                spi_config
 .text.spi_sifive_send
                0x00000000204039fc       0x1c zephyr/drivers/spi/libdrivers__spi.a(spi_sifive.c.obj)
                0x00000000204039fc                spi_sifive_send
 .text.spi_sifive_recv
                0x0000000020403a18       0x20 zephyr/drivers/spi/libdrivers__spi.a(spi_sifive.c.obj)
                0x0000000020403a18                spi_sifive_recv
 .text.spi_sifive_xfer
                0x0000000020403a38      0x1a4 zephyr/drivers/spi/libdrivers__spi.a(spi_sifive.c.obj)
                0x0000000020403a38                spi_sifive_xfer
 .text.spi_sifive_transceive
                0x0000000020403bdc      0x250 zephyr/drivers/spi/libdrivers__spi.a(spi_sifive.c.obj)
                0x0000000020403bdc                spi_sifive_transceive
 .text.uart_sifive_poll_out
                0x0000000020403e2c       0x18 zephyr/drivers/serial/libdrivers__serial.a(uart_sifive.c.obj)
 .text.uart_sifive_poll_in
                0x0000000020403e44       0x24 zephyr/drivers/serial/libdrivers__serial.a(uart_sifive.c.obj)
 .text.uart_sifive_fifo_fill
                0x0000000020403e68       0x30 zephyr/drivers/serial/libdrivers__serial.a(uart_sifive.c.obj)
 .text.uart_sifive_fifo_read
                0x0000000020403e98       0x2c zephyr/drivers/serial/libdrivers__serial.a(uart_sifive.c.obj)
 .text.uart_sifive_irq_tx_enable
                0x0000000020403ec4       0x18 zephyr/drivers/serial/libdrivers__serial.a(uart_sifive.c.obj)
 .text.uart_sifive_irq_tx_disable
                0x0000000020403edc       0x18 zephyr/drivers/serial/libdrivers__serial.a(uart_sifive.c.obj)
 .text.uart_sifive_irq_tx_ready
                0x0000000020403ef4       0x14 zephyr/drivers/serial/libdrivers__serial.a(uart_sifive.c.obj)
 .text.uart_sifive_irq_tx_complete
                0x0000000020403f08       0x18 zephyr/drivers/serial/libdrivers__serial.a(uart_sifive.c.obj)
 .text.uart_sifive_irq_rx_enable
                0x0000000020403f20       0x18 zephyr/drivers/serial/libdrivers__serial.a(uart_sifive.c.obj)
 .text.uart_sifive_irq_rx_disable
                0x0000000020403f38       0x18 zephyr/drivers/serial/libdrivers__serial.a(uart_sifive.c.obj)
 .text.uart_sifive_irq_rx_ready
                0x0000000020403f50       0x18 zephyr/drivers/serial/libdrivers__serial.a(uart_sifive.c.obj)
 .text.uart_sifive_irq_err_enable
                0x0000000020403f68        0x4 zephyr/drivers/serial/libdrivers__serial.a(uart_sifive.c.obj)
 .text.uart_sifive_irq_is_pending
                0x0000000020403f6c       0x18 zephyr/drivers/serial/libdrivers__serial.a(uart_sifive.c.obj)
 .text.uart_sifive_irq_update
                0x0000000020403f84        0x8 zephyr/drivers/serial/libdrivers__serial.a(uart_sifive.c.obj)
 .text.uart_sifive_irq_callback_set
                0x0000000020403f8c       0x10 zephyr/drivers/serial/libdrivers__serial.a(uart_sifive.c.obj)
 .text.uart_sifive_irq_handler
                0x0000000020403f9c       0x18 zephyr/drivers/serial/libdrivers__serial.a(uart_sifive.c.obj)
 .text.uart_sifive_init
                0x0000000020403fb4       0x6c zephyr/drivers/serial/libdrivers__serial.a(uart_sifive.c.obj)
 .text.uart_sifive_irq_cfg_func_0
                0x0000000020404020       0x24 zephyr/drivers/serial/libdrivers__serial.a(uart_sifive.c.obj)
 .text.uart_sifive_irq_err_disable
                0x0000000020404044        0x4 zephyr/drivers/serial/libdrivers__serial.a(uart_sifive.c.obj)
 .text.mtime    0x0000000020404048       0x18 zephyr/drivers/timer/libdrivers__timer.a(riscv_machine_timer.c.obj)
 .text.timer_isr
                0x0000000020404060      0x11c zephyr/drivers/timer/libdrivers__timer.a(riscv_machine_timer.c.obj)
 .text.sys_clock_driver_init
                0x000000002040417c       0x60 zephyr/drivers/timer/libdrivers__timer.a(riscv_machine_timer.c.obj)
 .text.sys_clock_set_timeout
                0x00000000204041dc      0x188 zephyr/drivers/timer/libdrivers__timer.a(riscv_machine_timer.c.obj)
                0x00000000204041dc                sys_clock_set_timeout
 .text.sys_clock_elapsed
                0x0000000020404364       0xf8 zephyr/drivers/timer/libdrivers__timer.a(riscv_machine_timer.c.obj)
                0x0000000020404364                sys_clock_elapsed
 .text.sys_clock_cycle_get_32
                0x000000002040445c       0x18 zephyr/drivers/timer/libdrivers__timer.a(riscv_machine_timer.c.obj)
                0x000000002040445c                sys_clock_cycle_get_32
 .text.z_device_state_init
                0x0000000020404474        0x4 zephyr/kernel/libkernel.a(device.c.obj)
                0x0000000020404474                z_device_state_init
 .text.z_sys_init_run_level
                0x0000000020404478       0xa8 zephyr/kernel/libkernel.a(device.c.obj)
                0x0000000020404478                z_sys_init_run_level
 .text.z_device_ready
                0x0000000020404520       0x24 zephyr/kernel/libkernel.a(device.c.obj)
                0x0000000020404520                z_device_ready
 .text.arch_system_halt
                0x0000000020404544        0xc zephyr/kernel/libkernel.a(fatal.c.obj)
                0x0000000020404544                arch_system_halt
 .text.k_sys_fatal_error_handler
                0x0000000020404550        0xc zephyr/kernel/libkernel.a(fatal.c.obj)
                0x0000000020404550                k_sys_fatal_error_handler
 .text.z_fatal_error
                0x000000002040455c       0x9c zephyr/kernel/libkernel.a(fatal.c.obj)
                0x000000002040455c                z_fatal_error
 .text.init_idle_thread
                0x00000000204045f8       0x88 zephyr/kernel/libkernel.a(init.c.obj)
 .text.bg_thread_main
                0x0000000020404680       0x50 zephyr/kernel/libkernel.a(init.c.obj)
 .text.z_bss_zero
                0x00000000204046d0       0x20 zephyr/kernel/libkernel.a(init.c.obj)
                0x00000000204046d0                z_bss_zero
 .text.z_cstart
                0x00000000204046f0       0xd8 zephyr/kernel/libkernel.a(init.c.obj)
                0x00000000204046f0                z_cstart
 .text.k_is_in_isr
                0x00000000204047c8       0x10 zephyr/kernel/libkernel.a(thread.c.obj)
                0x00000000204047c8                k_is_in_isr
 .text.z_setup_new_thread
                0x00000000204047d8      0x140 zephyr/kernel/libkernel.a(thread.c.obj)
                0x00000000204047d8                z_setup_new_thread
 .text.z_init_static_threads
                0x0000000020404918      0x1b4 zephyr/kernel/libkernel.a(thread.c.obj)
                0x0000000020404918                z_init_static_threads
 .text.z_spin_lock_valid
                0x0000000020404acc       0x28 zephyr/kernel/libkernel.a(thread.c.obj)
                0x0000000020404acc                z_spin_lock_valid
 .text.z_spin_unlock_valid
                0x0000000020404af4       0x30 zephyr/kernel/libkernel.a(thread.c.obj)
                0x0000000020404af4                z_spin_unlock_valid
 .text.z_spin_lock_set_owner
                0x0000000020404b24       0x1c zephyr/kernel/libkernel.a(thread.c.obj)
                0x0000000020404b24                z_spin_lock_set_owner
 .text.idle     0x0000000020404b40       0x58 zephyr/kernel/libkernel.a(idle.c.obj)
                0x0000000020404b40                idle
 .text.queue_insert
                0x0000000020404b98      0x1f4 zephyr/kernel/libkernel.a(queue.c.obj)
 .text.z_queue_node_peek
                0x0000000020404d8c       0x40 zephyr/kernel/libkernel.a(queue.c.obj)
                0x0000000020404d8c                z_queue_node_peek
 .text.k_queue_append
                0x0000000020404dcc       0x14 zephyr/kernel/libkernel.a(queue.c.obj)
                0x0000000020404dcc                k_queue_append
 .text.z_impl_k_queue_get
                0x0000000020404de0      0x164 zephyr/kernel/libkernel.a(queue.c.obj)
                0x0000000020404de0                z_impl_k_queue_get
 .text.z_impl_k_sem_give
                0x0000000020404f44       0xd0 zephyr/kernel/libkernel.a(sem.c.obj)
                0x0000000020404f44                z_impl_k_sem_give
 .text.z_impl_k_sem_take
                0x0000000020405014      0x1f0 zephyr/kernel/libkernel.a(sem.c.obj)
                0x0000000020405014                z_impl_k_sem_take
 .text.z_reset_time_slice
                0x0000000020405204       0x58 zephyr/kernel/libkernel.a(sched.c.obj)
                0x0000000020405204                z_reset_time_slice
 .text.k_sched_time_slice_set
                0x000000002040525c      0x144 zephyr/kernel/libkernel.a(sched.c.obj)
                0x000000002040525c                k_sched_time_slice_set
 .text.z_reschedule
                0x00000000204053a0      0x104 zephyr/kernel/libkernel.a(sched.c.obj)
                0x00000000204053a0                z_reschedule
 .text.z_reschedule_irqlock
                0x00000000204054a4       0x20 zephyr/kernel/libkernel.a(sched.c.obj)
                0x00000000204054a4                z_reschedule_irqlock
 .text.z_reschedule_unlocked
                0x00000000204054c4       0x10 zephyr/kernel/libkernel.a(sched.c.obj)
 .text.k_sched_lock
                0x00000000204054d4      0x180 zephyr/kernel/libkernel.a(sched.c.obj)
                0x00000000204054d4                k_sched_lock
 .text.z_priq_dumb_remove
                0x0000000020405654       0x78 zephyr/kernel/libkernel.a(sched.c.obj)
                0x0000000020405654                z_priq_dumb_remove
 .text.unpend_thread_no_timeout
                0x00000000204056cc       0x78 zephyr/kernel/libkernel.a(sched.c.obj)
 .text.z_unpend_thread
                0x0000000020405744       0xf0 zephyr/kernel/libkernel.a(sched.c.obj)
                0x0000000020405744                z_unpend_thread
 .text.z_priq_dumb_best
                0x0000000020405834       0x14 zephyr/kernel/libkernel.a(sched.c.obj)
                0x0000000020405834                z_priq_dumb_best
 .text.update_cache
                0x0000000020405848       0xc8 zephyr/kernel/libkernel.a(sched.c.obj)
 .text.move_thread_to_end_of_prio_q
                0x0000000020405910      0x10c zephyr/kernel/libkernel.a(sched.c.obj)
 .text.z_time_slice
                0x0000000020405a1c      0x154 zephyr/kernel/libkernel.a(sched.c.obj)
                0x0000000020405a1c                z_time_slice
 .text.ready_thread
                0x0000000020405b70      0x110 zephyr/kernel/libkernel.a(sched.c.obj)
 .text.z_ready_thread
                0x0000000020405c80       0xec zephyr/kernel/libkernel.a(sched.c.obj)
                0x0000000020405c80                z_ready_thread
 .text.z_sched_start
                0x0000000020405d6c      0x124 zephyr/kernel/libkernel.a(sched.c.obj)
                0x0000000020405d6c                z_sched_start
 .text.z_thread_timeout
                0x0000000020405e90      0x118 zephyr/kernel/libkernel.a(sched.c.obj)
                0x0000000020405e90                z_thread_timeout
 .text.unready_thread
                0x0000000020405fa8       0x58 zephyr/kernel/libkernel.a(sched.c.obj)
 .text.add_to_waitq_locked
                0x0000000020406000       0xe0 zephyr/kernel/libkernel.a(sched.c.obj)
 .text.pend     0x00000000204060e0      0x15c zephyr/kernel/libkernel.a(sched.c.obj)
 .text.z_pend_curr
                0x000000002040623c       0x98 zephyr/kernel/libkernel.a(sched.c.obj)
                0x000000002040623c                z_pend_curr
 .text.z_impl_k_thread_suspend
                0x00000000204062d4      0x16c zephyr/kernel/libkernel.a(sched.c.obj)
                0x00000000204062d4                z_impl_k_thread_suspend
 .text.k_sched_unlock
                0x0000000020406440      0x188 zephyr/kernel/libkernel.a(sched.c.obj)
                0x0000000020406440                k_sched_unlock
 .text.z_unpend_first_thread
                0x00000000204065c8      0x104 zephyr/kernel/libkernel.a(sched.c.obj)
                0x00000000204065c8                z_unpend_first_thread
 .text.z_unpend_all
                0x00000000204066cc       0x50 zephyr/kernel/libkernel.a(sched.c.obj)
                0x00000000204066cc                z_unpend_all
 .text.z_sched_init
                0x000000002040671c       0x24 zephyr/kernel/libkernel.a(sched.c.obj)
                0x000000002040671c                z_sched_init
 .text.z_impl_k_yield
                0x0000000020406740      0x1fc zephyr/kernel/libkernel.a(sched.c.obj)
                0x0000000020406740                z_impl_k_yield
 .text.z_tick_sleep
                0x000000002040693c      0x22c zephyr/kernel/libkernel.a(sched.c.obj)
 .text.z_impl_k_sleep
                0x0000000020406b68       0xdc zephyr/kernel/libkernel.a(sched.c.obj)
                0x0000000020406b68                z_impl_k_sleep
 .text.z_impl_z_current_get
                0x0000000020406c44        0xc zephyr/kernel/libkernel.a(sched.c.obj)
                0x0000000020406c44                z_impl_z_current_get
 .text.z_thread_abort
                0x0000000020406c50      0x220 zephyr/kernel/libkernel.a(sched.c.obj)
                0x0000000020406c50                z_thread_abort
 .text.z_impl_k_thread_abort
                0x0000000020406e70        0x4 zephyr/kernel/libkernel.a(sched.c.obj)
                0x0000000020406e70                z_impl_k_thread_abort
 .text.z_data_copy
                0x0000000020406e74       0x20 zephyr/kernel/libkernel.a(xip.c.obj)
                0x0000000020406e74                z_data_copy
 .text.elapsed  0x0000000020406e94       0x18 zephyr/kernel/libkernel.a(timeout.c.obj)
 .text.next_timeout
                0x0000000020406eac       0x8c zephyr/kernel/libkernel.a(timeout.c.obj)
 .text.remove_timeout
                0x0000000020406f38       0x54 zephyr/kernel/libkernel.a(timeout.c.obj)
 .text.z_add_timeout
                0x0000000020406f8c      0x29c zephyr/kernel/libkernel.a(timeout.c.obj)
                0x0000000020406f8c                z_add_timeout
 .text.z_abort_timeout
                0x0000000020407228      0x100 zephyr/kernel/libkernel.a(timeout.c.obj)
                0x0000000020407228                z_abort_timeout
 .text.z_set_timeout_expiry
                0x0000000020407328      0x10c zephyr/kernel/libkernel.a(timeout.c.obj)
                0x0000000020407328                z_set_timeout_expiry
 .text.sys_clock_announce
                0x0000000020407434      0x294 zephyr/kernel/libkernel.a(timeout.c.obj)
                0x0000000020407434                sys_clock_announce
 .text.sys_clock_tick_get
                0x00000000204076c8      0x110 zephyr/kernel/libkernel.a(timeout.c.obj)
                0x00000000204076c8                sys_clock_tick_get
 .text.sys_clock_tick_get_32
                0x00000000204077d8       0x18 zephyr/kernel/libkernel.a(timeout.c.obj)
                0x00000000204077d8                sys_clock_tick_get_32
 .text.z_impl_k_busy_wait
                0x00000000204077f0       0x60 zephyr/kernel/libkernel.a(timeout.c.obj)
                0x00000000204077f0                z_impl_k_busy_wait
 .text.sys_clock_timeout_end_calc
                0x0000000020407850       0xa0 zephyr/kernel/libkernel.a(timeout.c.obj)
                0x0000000020407850                sys_clock_timeout_end_calc
 .text.z_heap_aligned_alloc
                0x00000000204078f0       0xb8 zephyr/kernel/libkernel.a(mempool.c.obj)
 .text.k_free   0x00000000204079a8       0x14 zephyr/kernel/libkernel.a(mempool.c.obj)
                0x00000000204079a8                k_free
 .text.k_aligned_alloc
                0x00000000204079bc       0xcc zephyr/kernel/libkernel.a(mempool.c.obj)
                0x00000000204079bc                k_aligned_alloc
 .text.k_malloc
                0x0000000020407a88        0xc zephyr/kernel/libkernel.a(mempool.c.obj)
                0x0000000020407a88                k_malloc
 .text.z_thread_aligned_alloc
                0x0000000020407a94       0x60 zephyr/kernel/libkernel.a(mempool.c.obj)
                0x0000000020407a94                z_thread_aligned_alloc
 .text.main     0x0000000020407af4        0x8 zephyr/kernel/libkernel.a(main_weak.c.obj)
                0x0000000020407af4                main
 .text.boot_banner
                0x0000000020407afc       0x1c zephyr/kernel/libkernel.a(banner.c.obj)
                0x0000000020407afc                boot_banner
 .text.k_heap_init
                0x0000000020407b18       0x10 zephyr/kernel/libkernel.a(kheap.c.obj)
                0x0000000020407b18                k_heap_init
 .text.statics_init
                0x0000000020407b28       0xa8 zephyr/kernel/libkernel.a(kheap.c.obj)
 .text.k_heap_aligned_alloc
                0x0000000020407bd0      0x244 zephyr/kernel/libkernel.a(kheap.c.obj)
                0x0000000020407bd0                k_heap_aligned_alloc
 .text.k_heap_free
                0x0000000020407e14      0x130 zephyr/kernel/libkernel.a(kheap.c.obj)
                0x0000000020407e14                k_heap_free
 *(SORT_BY_ALIGNMENT(.gnu.linkonce.t.*))
                0x0000000020407f44                __text_region_end = .
                0x0000000020407f44                __rodata_region_start = .

initlevel       0x0000000020407f44       0x50
                0x0000000020407f44                __init_start = .
                0x0000000020407f44                __init_PRE_KERNEL_1_start = .
 *(SORT_BY_NAME(SORT_BY_ALIGNMENT(.z_init_PRE_KERNEL_1[0-9]_*)))
 *(SORT_BY_NAME(SORT_BY_ALIGNMENT(.z_init_PRE_KERNEL_1[1-9][0-9]_*)))
 .z_init_PRE_KERNEL_130_
                0x0000000020407f44        0x8 zephyr/kernel/libkernel.a(kheap.c.obj)
 .z_init_PRE_KERNEL_140_
                0x0000000020407f4c        0x8 zephyr/libzephyr.a(pinmux_sifive.c.obj)
 .z_init_PRE_KERNEL_140_
                0x0000000020407f54        0x8 zephyr/drivers/interrupt_controller/libdrivers__interrupt_controller.a(intc_plic.c.obj)
 .z_init_PRE_KERNEL_140_
                0x0000000020407f5c        0x8 zephyr/drivers/gpio/libdrivers__gpio.a(gpio_sifive.c.obj)
 .z_init_PRE_KERNEL_145_
                0x0000000020407f64        0x8 zephyr/boards/riscv/artyA7/libboards__riscv__artyA7.a(pinmux.c.obj)
 .z_init_PRE_KERNEL_150_
                0x0000000020407f6c        0x8 zephyr/drivers/serial/libdrivers__serial.a(uart_sifive.c.obj)
 .z_init_PRE_KERNEL_160_
                0x0000000020407f74        0x8 zephyr/drivers/console/libdrivers__console.a(uart_console.c.obj)
                0x0000000020407f7c                __init_PRE_KERNEL_2_start = .
 *(SORT_BY_NAME(SORT_BY_ALIGNMENT(.z_init_PRE_KERNEL_2[0-9]_*)))
 .z_init_PRE_KERNEL_20_
                0x0000000020407f7c        0x8 zephyr/drivers/timer/libdrivers__timer.a(riscv_machine_timer.c.obj)
 *(SORT_BY_NAME(SORT_BY_ALIGNMENT(.z_init_PRE_KERNEL_2[1-9][0-9]_*)))
                0x0000000020407f84                __init_POST_KERNEL_start = .
 *(SORT_BY_NAME(SORT_BY_ALIGNMENT(.z_init_POST_KERNEL[0-9]_*)))
 *(SORT_BY_NAME(SORT_BY_ALIGNMENT(.z_init_POST_KERNEL[1-9][0-9]_*)))
 .z_init_POST_KERNEL70_
                0x0000000020407f84       0x10 zephyr/drivers/spi/libdrivers__spi.a(spi_sifive.c.obj)
                0x0000000020407f94                __init_APPLICATION_start = .
 *(SORT_BY_NAME(SORT_BY_ALIGNMENT(.z_init_APPLICATION[0-9]_*)))
 *(SORT_BY_NAME(SORT_BY_ALIGNMENT(.z_init_APPLICATION[1-9][0-9]_*)))
                0x0000000020407f94                __init_SMP_start = .
 *(SORT_BY_NAME(SORT_BY_ALIGNMENT(.z_init_SMP[0-9]_*)))
 *(SORT_BY_NAME(SORT_BY_ALIGNMENT(.z_init_SMP[1-9][0-9]_*)))
                0x0000000020407f94                __init_end = .

devices         0x0000000020407f94       0x78
                0x0000000020407f94                __device_start = .
                0x0000000020407f94                __device_PRE_KERNEL_1_start = .
 *(SORT_BY_NAME(SORT_BY_ALIGNMENT(.z_device_PRE_KERNEL_1[0-9]_*)))
 *(SORT_BY_NAME(SORT_BY_ALIGNMENT(.z_device_PRE_KERNEL_1[1-9][0-9]_*)))
 .z_device_PRE_KERNEL_140_
                0x0000000020407f94       0x18 zephyr/libzephyr.a(pinmux_sifive.c.obj)
                0x0000000020407f94                __device_dts_ord_33
 .z_device_PRE_KERNEL_140_
                0x0000000020407fac       0x18 zephyr/drivers/gpio/libdrivers__gpio.a(gpio_sifive.c.obj)
                0x0000000020407fac                __device_dts_ord_9
 .z_device_PRE_KERNEL_150_
                0x0000000020407fc4       0x18 zephyr/drivers/serial/libdrivers__serial.a(uart_sifive.c.obj)
                0x0000000020407fc4                __device_dts_ord_27
                0x0000000020407fdc                __device_PRE_KERNEL_2_start = .
 *(SORT_BY_NAME(SORT_BY_ALIGNMENT(.z_device_PRE_KERNEL_2[0-9]_*)))
 *(SORT_BY_NAME(SORT_BY_ALIGNMENT(.z_device_PRE_KERNEL_2[1-9][0-9]_*)))
                0x0000000020407fdc                __device_POST_KERNEL_start = .
 *(SORT_BY_NAME(SORT_BY_ALIGNMENT(.z_device_POST_KERNEL[0-9]_*)))
 *(SORT_BY_NAME(SORT_BY_ALIGNMENT(.z_device_POST_KERNEL[1-9][0-9]_*)))
 .z_device_POST_KERNEL70_
                0x0000000020407fdc       0x30 zephyr/drivers/spi/libdrivers__spi.a(spi_sifive.c.obj)
                0x0000000020407fdc                __device_dts_ord_30
                0x0000000020407ff4                __device_dts_ord_29
                0x000000002040800c                __device_APPLICATION_start = .
 *(SORT_BY_NAME(SORT_BY_ALIGNMENT(.z_device_APPLICATION[0-9]_*)))
 *(SORT_BY_NAME(SORT_BY_ALIGNMENT(.z_device_APPLICATION[1-9][0-9]_*)))
                0x000000002040800c                __device_SMP_start = .
 *(SORT_BY_NAME(SORT_BY_ALIGNMENT(.z_device_SMP[0-9]_*)))
 *(SORT_BY_NAME(SORT_BY_ALIGNMENT(.z_device_SMP[1-9][0-9]_*)))
                0x000000002040800c                __device_end = .

sw_isr_table    0x000000002040800c      0x200
                0x000000002040800c                . = ALIGN (0x0)
 *(SORT_BY_ALIGNMENT(.gnu.linkonce.sw_isr_table*))
 .gnu.linkonce.sw_isr_table
                0x000000002040800c      0x200 zephyr/arch/common/libisr_tables.a(isr_tables.c.obj)
                0x000000002040800c                _sw_isr_table

initlevel_error
                0x0000000020407f44        0x0
 *(SORT_BY_NAME(SORT_BY_ALIGNMENT(.z_init_[_A-Z0-9]*)))
                0x0000000000000001                ASSERT ((SIZEOF (initlevel_error) == 0x0), Undefined initialization levels used.)

app_shmem_regions
                0x000000002040820c        0x0
                0x000000002040820c                __app_shmem_regions_start = .
 *(SORT_BY_NAME(SORT_BY_ALIGNMENT(.app_regions.*)))
                0x000000002040820c                __app_shmem_regions_end = .

bt_l2cap_fixed_chan_area
                0x000000002040820c        0x0
                0x000000002040820c                _bt_l2cap_fixed_chan_list_start = .
 *(SORT_BY_NAME(SORT_BY_ALIGNMENT(._bt_l2cap_fixed_chan.static.*)))
                0x000000002040820c                _bt_l2cap_fixed_chan_list_end = .

bt_gatt_service_static_area
                0x000000002040820c        0x0
                0x000000002040820c                _bt_gatt_service_static_list_start = .
 *(SORT_BY_NAME(SORT_BY_ALIGNMENT(._bt_gatt_service_static.static.*)))
                0x000000002040820c                _bt_gatt_service_static_list_end = .

k_p4wq_initparam_area
                0x000000002040820c        0x0
                0x000000002040820c                _k_p4wq_initparam_list_start = .
 *(SORT_BY_NAME(SORT_BY_ALIGNMENT(._k_p4wq_initparam.static.*)))
                0x000000002040820c                _k_p4wq_initparam_list_end = .

log_strings_sections
                0x000000002040820c        0x0
                0x000000002040820c                __log_strings_start = .
 *(SORT_BY_NAME(SORT_BY_ALIGNMENT(.log_strings*)))
                0x000000002040820c                __log_strings_end = .

log_const_sections
                0x000000002040820c        0x0
                0x000000002040820c                __log_const_start = .
 *(SORT_BY_NAME(SORT_BY_ALIGNMENT(.log_const_*)))
                0x000000002040820c                __log_const_end = .

log_backends_sections
                0x000000002040820c        0x0
                0x000000002040820c                __log_backends_start = .
 *(SORT_BY_ALIGNMENT(._log_backend.*))
                0x000000002040820c                __log_backends_end = .

shell_area      0x000000002040820c        0x0
                0x000000002040820c                _shell_list_start = .
 *(SORT_BY_NAME(SORT_BY_ALIGNMENT(._shell.static.*)))
                0x000000002040820c                _shell_list_end = .

shell_root_cmds_sections
                0x000000002040820c        0x0
                0x000000002040820c                __shell_root_cmds_start = .
 *(SORT_BY_NAME(SORT_BY_ALIGNMENT(.shell_root_cmd_*)))
                0x000000002040820c                __shell_root_cmds_end = .

font_entry_sections
                0x000000002040820c        0x0
                0x000000002040820c                __font_entry_start = .
 *(SORT_BY_NAME(SORT_BY_ALIGNMENT(._cfb_font.*)))
                0x000000002040820c                __font_entry_end = .

tracing_backend_area
                0x000000002040820c        0x0
                0x000000002040820c                _tracing_backend_list_start = .
 *(SORT_BY_NAME(SORT_BY_ALIGNMENT(._tracing_backend.static.*)))
                0x000000002040820c                _tracing_backend_list_end = .

zephyr_dbg_info
 *(SORT_BY_ALIGNMENT(.dbg_thread_info))

device_handles  0x000000002040820c       0x22
                0x000000002040820c                __device_handles_start = .
 *(SORT_BY_NAME(SORT_BY_ALIGNMENT(.__device_handles_pass2*)))
 .__device_handles_pass2
                0x000000002040820c       0x22 zephyr/CMakeFiles/zephyr_pre1.dir/dev_handles.c.obj
                0x000000002040820c                __devicehdl_DT_N_S_soc_S_spi_10024000
                0x0000000020408212                __devicehdl_DT_N_S_soc_S_spi_10034000
                0x0000000020408218                __devicehdl_DT_N_S_soc_S_serial_10013000
                0x000000002040821e                __devicehdl_DT_N_S_soc_S_gpio_10012000
                0x0000000020408226                __devicehdl_DT_N_S_soc_S_gpio_10012000_S_pinctrl_10012038
                0x000000002040822e                __device_handles_end = .

rodata          0x0000000020408230      0xeec
                0x0000000020408230                . = ALIGN (0x4)
 *(SORT_BY_ALIGNMENT(.srodata))
 *(SORT_BY_ALIGNMENT(.srodata.*))
 .srodata.pinmux_sifive_0_config
                0x0000000020408230        0x4 zephyr/libzephyr.a(pinmux_sifive.c.obj)
 .srodata.__compound_literal.0
                0x0000000020408234        0x8 zephyr/drivers/spi/libdrivers__spi.a(spi_sifive.c.obj)
 .srodata.__compound_literal.1
                0x000000002040823c        0x8 zephyr/drivers/spi/libdrivers__spi.a(spi_sifive.c.obj)
 .srodata._k_neg_eagain
                0x0000000020408244        0x4 zephyr/kernel/libkernel.a(errno.c.obj)
                0x0000000020408244                _k_neg_eagain
 *(SORT_BY_ALIGNMENT(.rodata))
 .rodata        0x0000000020408248      0x100 /home/arachidi/zephyr-sdk-0.13.2/riscv64-zephyr-elf/bin/../lib/gcc/riscv64-zephyr-elf/10.3.0/libgcc.a(_clz.o)
                0x0000000020408248                __clz_tab
 *(SORT_BY_ALIGNMENT(.rodata.*))
 .rodata.uart_out.str1.4
                0x0000000020408348       0x1b app/libapp.a(main.c.obj)
 *fill*         0x0000000020408363        0x1 
 .rodata.blink.str1.4
                0x0000000020408364      0x1e5 app/libapp.a(main.c.obj)
 *fill*         0x0000000020408549        0x3 
 .rodata.str1.4
                0x000000002040854c       0x39 app/libapp.a(main.c.obj)
 *fill*         0x0000000020408585        0x3 
 .rodata.led0   0x0000000020408588        0xc app/libapp.a(main.c.obj)
 .rodata.led1   0x0000000020408594        0xc app/libapp.a(main.c.obj)
 .rodata.sys_heap_free.str1.4
                0x00000000204085a0       0xd4 zephyr/libzephyr.a(heap.c.obj)
                                         0xf4 (size before relaxing)
 .rodata.sys_heap_aligned_alloc.str1.4
                0x0000000020408674       0x39 zephyr/libzephyr.a(heap.c.obj)
 *fill*         0x00000000204086ad        0x3 
 .rodata.sys_heap_init.str1.4
                0x00000000204086b0       0xc7 zephyr/libzephyr.a(heap.c.obj)
 *fill*         0x0000000020408777        0x1 
 .rodata.cbvprintf.str1.4
                0x0000000020408778        0x6 zephyr/libzephyr.a(cbprintf_complete.c.obj)
 *fill*         0x000000002040877e        0x2 
 .rodata.cbvprintf
                0x0000000020408780       0xfc zephyr/libzephyr.a(cbprintf_complete.c.obj)
 .rodata.str1.4
                0x000000002040887c       0x11 zephyr/libzephyr.a(pinmux_sifive.c.obj)
 *fill*         0x000000002040888d        0x3 
 .rodata.pinmux_sifive_driver_api
                0x0000000020408890       0x10 zephyr/libzephyr.a(pinmux_sifive.c.obj)
 .rodata.artyA7_pinmux_init.str1.4
                0x00000000204088a0       0x43 zephyr/boards/riscv/artyA7/libboards__riscv__artyA7.a(pinmux.c.obj)
                                         0x61 (size before relaxing)
 *fill*         0x00000000204088e3        0x1 
 .rodata.gpio_sifive_manage_callback.str1.4
                0x00000000204088e4       0x77 zephyr/drivers/gpio/libdrivers__gpio.a(gpio_sifive.c.obj)
                                         0x97 (size before relaxing)
 *fill*         0x000000002040895b        0x1 
 .rodata.gpio_sifive_irq_handler.str1.4
                0x000000002040895c        0xc zephyr/drivers/gpio/libdrivers__gpio.a(gpio_sifive.c.obj)
 .rodata.gpio_sifive_pin_interrupt_configure.str1.4
                0x0000000020408968       0x6f zephyr/drivers/gpio/libdrivers__gpio.a(gpio_sifive.c.obj)
                                         0x73 (size before relaxing)
 *fill*         0x00000000204089d7        0x1 
 .rodata.str1.4
                0x00000000204089d8        0x7 zephyr/drivers/gpio/libdrivers__gpio.a(gpio_sifive.c.obj)
 *fill*         0x00000000204089df        0x1 
 .rodata.gpio_sifive_config0
                0x00000000204089e0       0x10 zephyr/drivers/gpio/libdrivers__gpio.a(gpio_sifive.c.obj)
 .rodata.gpio_sifive_driver
                0x00000000204089f0       0x24 zephyr/drivers/gpio/libdrivers__gpio.a(gpio_sifive.c.obj)
 .rodata.gpio_pin_set_dt.isra.0.str1.4
                0x0000000020408a14       0x9e zephyr/drivers/spi/libdrivers__spi.a(spi_sifive.c.obj)
 .rodata.spi_sifive_init.str1.4
                0x0000000020408a14       0xaf zephyr/drivers/spi/libdrivers__spi.a(spi_sifive.c.obj)
 .rodata.str1.4
                0x0000000020408a14        0xe zephyr/drivers/spi/libdrivers__spi.a(spi_sifive.c.obj)
 *fill*         0x0000000020408a22        0x2 
 .rodata.str1.4
                0x0000000020408a24        0x7 zephyr/drivers/serial/libdrivers__serial.a(uart_sifive.c.obj)
 *fill*         0x0000000020408a2b        0x1 
 .rodata.uart_sifive_dev_cfg_0
                0x0000000020408a2c       0x18 zephyr/drivers/serial/libdrivers__serial.a(uart_sifive.c.obj)
 .rodata.uart_sifive_driver_api
                0x0000000020408a44       0x4c zephyr/drivers/serial/libdrivers__serial.a(uart_sifive.c.obj)
 .rodata.timer_isr.str1.4
                0x0000000020408a90       0x85 zephyr/drivers/timer/libdrivers__timer.a(riscv_machine_timer.c.obj)
                                         0xa5 (size before relaxing)
 *fill*         0x0000000020408b15        0x3 
 .rodata.levels.0
                0x0000000020408b18       0x14 zephyr/kernel/libkernel.a(device.c.obj)
 .rodata.z_fatal_error.str1.4
                0x0000000020408b2c       0x79 zephyr/kernel/libkernel.a(fatal.c.obj)
                                         0x99 (size before relaxing)
 *fill*         0x0000000020408ba5        0x3 
 .rodata.z_cstart.str1.4
                0x0000000020408ba8        0x5 zephyr/kernel/libkernel.a(init.c.obj)
 *fill*         0x0000000020408bad        0x3 
 .rodata.z_setup_new_thread.str1.4
                0x0000000020408bb0       0xd5 zephyr/kernel/libkernel.a(thread.c.obj)
                                         0xf5 (size before relaxing)
 *fill*         0x0000000020408c85        0x3 
 .rodata.z_init_static_threads.str1.4
                0x0000000020408c88       0x4f zephyr/kernel/libkernel.a(thread.c.obj)
 *fill*         0x0000000020408cd7        0x1 
 .rodata.idle.str1.4
                0x0000000020408cd8       0x4c zephyr/kernel/libkernel.a(idle.c.obj)
                                         0x69 (size before relaxing)
 .rodata.queue_insert.str1.4
                0x0000000020408d24       0xa5 zephyr/kernel/libkernel.a(queue.c.obj)
 .rodata.z_impl_k_sem_give.str1.4
                0x0000000020408d24       0x78 zephyr/kernel/libkernel.a(sem.c.obj)
 .rodata.z_impl_k_sem_take.str1.4
                0x0000000020408d24       0x73 zephyr/kernel/libkernel.a(sem.c.obj)
                                         0xa1 (size before relaxing)
 .rodata.k_sched_time_slice_set.str1.4
                0x0000000020408d97       0xa5 zephyr/kernel/libkernel.a(sched.c.obj)
 *fill*         0x0000000020408d97        0x1 
 .rodata.k_sched_lock.str1.4
                0x0000000020408d98       0x71 zephyr/kernel/libkernel.a(sched.c.obj)
                                         0x75 (size before relaxing)
 *fill*         0x0000000020408e09        0x3 
 .rodata.z_priq_dumb_remove.str1.4
                0x0000000020408e0c       0x45 zephyr/kernel/libkernel.a(sched.c.obj)
 *fill*         0x0000000020408e51        0x3 
 .rodata.unpend_thread_no_timeout.str1.4
                0x0000000020408e54       0x17 zephyr/kernel/libkernel.a(sched.c.obj)
 *fill*         0x0000000020408e6b        0x1 
 .rodata.update_cache.str1.4
                0x0000000020408e6c       0x27 zephyr/kernel/libkernel.a(sched.c.obj)
 *fill*         0x0000000020408e93        0x1 
 .rodata.k_sched_unlock.str1.4
                0x0000000020408e94       0x31 zephyr/kernel/libkernel.a(sched.c.obj)
 *fill*         0x0000000020408ec5        0x3 
 .rodata.z_tick_sleep.str1.4
                0x0000000020408ec8       0x40 zephyr/kernel/libkernel.a(sched.c.obj)
 .rodata.z_thread_abort.str1.4
                0x0000000020408f08       0x22 zephyr/kernel/libkernel.a(sched.c.obj)
                                         0x26 (size before relaxing)
 *fill*         0x0000000020408f2a        0x2 
 .rodata.z_add_timeout.str1.4
                0x0000000020408f2c       0x44 zephyr/kernel/libkernel.a(timeout.c.obj)
                                         0xed (size before relaxing)
 .rodata.z_heap_aligned_alloc.str1.4
                0x0000000020408f70       0x80 zephyr/kernel/libkernel.a(mempool.c.obj)
                                         0xa0 (size before relaxing)
 .rodata.k_aligned_alloc.str1.4
                0x0000000020408ff0       0x6d zephyr/kernel/libkernel.a(mempool.c.obj)
                                         0xa9 (size before relaxing)
 *fill*         0x000000002040905d        0x3 
 .rodata.boot_banner.str1.4
                0x0000000020409060       0x37 zephyr/kernel/libkernel.a(banner.c.obj)
                                         0x3b (size before relaxing)
 *fill*         0x0000000020409097        0x1 
 .rodata.statics_init.str1.4
                0x0000000020409098       0x3a zephyr/kernel/libkernel.a(kheap.c.obj)
                                         0x7b (size before relaxing)
 *fill*         0x00000000204090d2        0x2 
 .rodata.k_heap_aligned_alloc.str1.4
                0x00000000204090d4       0x45 zephyr/kernel/libkernel.a(kheap.c.obj)
                                         0xd1 (size before relaxing)
 *(SORT_BY_ALIGNMENT(.gnu.linkonce.r.*))
 *(SORT_BY_ALIGNMENT(.sdata2) SORT_BY_ALIGNMENT(.sdata2.*) SORT_BY_ALIGNMENT(.gnu.linkonce.s2.*))
                0x000000002040911c                . = ALIGN (0x4)
 *fill*         0x0000000020409119        0x3 
                0x000000002040911c                __rodata_region_end = .

bss             0x0000000080000000      0x2f0
                0x0000000080000000                . = ALIGN (0x4)
                0x0000000080000000                __bss_start = .
                0x0000000080000000                _image_ram_start = .
                0x0000000080000000                __kernel_ram_start = .
 *(SORT_BY_ALIGNMENT(.sbss))
 *(SORT_BY_ALIGNMENT(.sbss.*))
 .sbss.last_count
                0x0000000080000000        0x8 zephyr/drivers/timer/libdrivers__timer.a(riscv_machine_timer.c.obj)
 .sbss.curr_tick
                0x0000000080000008        0x8 zephyr/kernel/libkernel.a(timeout.c.obj)
 .sbss.save_irq
                0x0000000080000010        0x4 zephyr/drivers/interrupt_controller/libdrivers__interrupt_controller.a(intc_plic.c.obj)
 .sbss.uart_console_dev
                0x0000000080000014        0x4 zephyr/drivers/console/libdrivers__console.a(uart_console.c.obj)
 .sbss.uart_sifive_data_0
                0x0000000080000018        0x8 zephyr/drivers/serial/libdrivers__serial.a(uart_sifive.c.obj)
 .sbss.lock     0x0000000080000020        0x4 zephyr/drivers/timer/libdrivers__timer.a(riscv_machine_timer.c.obj)
 .sbss.lock     0x0000000080000024        0x4 zephyr/kernel/libkernel.a(sem.c.obj)
 .sbss.sched_spinlock
                0x0000000080000028        0x4 zephyr/kernel/libkernel.a(sched.c.obj)
                0x0000000080000028                sched_spinlock
 .sbss.slice_max_prio
                0x000000008000002c        0x4 zephyr/kernel/libkernel.a(sched.c.obj)
 .sbss.slice_time
                0x0000000080000030        0x4 zephyr/kernel/libkernel.a(sched.c.obj)
 .sbss.announce_remaining
                0x0000000080000034        0x4 zephyr/kernel/libkernel.a(timeout.c.obj)
 .sbss.timeout_lock
                0x0000000080000038        0x4 zephyr/kernel/libkernel.a(timeout.c.obj)
 .sbss.z_sys_post_kernel
                0x000000008000003c        0x1 zephyr/kernel/libkernel.a(init.c.obj)
                0x000000008000003c                z_sys_post_kernel
 *(SORT_BY_ALIGNMENT(.bss))
 *(SORT_BY_ALIGNMENT(.bss.*))
 *fill*         0x000000008000003d        0x3 
 .bss._k_thread_obj_blink0_id
                0x0000000080000040       0x80 app/libapp.a(main.c.obj)
                0x0000000080000040                _k_thread_obj_blink0_id
 .bss._k_thread_obj_blink1_id
                0x00000000800000c0       0x80 app/libapp.a(main.c.obj)
                0x00000000800000c0                _k_thread_obj_blink1_id
 .bss._k_thread_obj_uart_out_id
                0x0000000080000140       0x80 app/libapp.a(main.c.obj)
                0x0000000080000140                _k_thread_obj_uart_out_id
 .bss.z_idle_threads
                0x00000000800001c0       0x80 zephyr/kernel/libkernel.a(init.c.obj)
                0x00000000800001c0                z_idle_threads
 .bss.z_main_thread
                0x0000000080000240       0x80 zephyr/kernel/libkernel.a(init.c.obj)
                0x0000000080000240                z_main_thread
 .bss.gpio_sifive_data0
                0x00000000800002c0        0xc zephyr/drivers/gpio/libdrivers__gpio.a(gpio_sifive.c.obj)
 .bss._kernel   0x00000000800002cc       0x24 zephyr/kernel/libkernel.a(init.c.obj)
                0x00000000800002cc                _kernel
 *(SORT_BY_ALIGNMENT(COMMON))
                0x00000000800002f0                __bss_end = ALIGN (0x4)

noinit          0x00000000800002f0     0x1b00
 *(SORT_BY_ALIGNMENT(.noinit))
 *(SORT_BY_ALIGNMENT(.noinit.*))
 .noinit."WEST_TOPDIR/zephyr/samples/basic/threads/src/main.c".0
                0x00000000800002f0      0x400 app/libapp.a(main.c.obj)
                0x00000000800002f0                _k_thread_stack_blink0_id
 .noinit."WEST_TOPDIR/zephyr/samples/basic/threads/src/main.c".1
                0x00000000800006f0      0x400 app/libapp.a(main.c.obj)
                0x00000000800006f0                _k_thread_stack_blink1_id
 .noinit."WEST_TOPDIR/zephyr/samples/basic/threads/src/main.c".2
                0x0000000080000af0      0x400 app/libapp.a(main.c.obj)
                0x0000000080000af0                _k_thread_stack_uart_out_id
 .noinit."WEST_TOPDIR/zephyr/kernel/init.c".0
                0x0000000080000ef0      0x400 zephyr/kernel/libkernel.a(init.c.obj)
                0x0000000080000ef0                z_main_stack
 .noinit."WEST_TOPDIR/zephyr/kernel/init.c".1
                0x00000000800012f0      0x200 zephyr/kernel/libkernel.a(init.c.obj)
 .noinit."WEST_TOPDIR/zephyr/kernel/init.c".2
                0x00000000800014f0      0x800 zephyr/kernel/libkernel.a(init.c.obj)
                0x00000000800014f0                z_interrupt_stacks
 .noinit."WEST_TOPDIR/zephyr/kernel/mempool.c".kheap_buf__system_heap
                0x0000000080001cf0      0x100 zephyr/kernel/libkernel.a(mempool.c.obj)
                0x0000000080001cf0                kheap__system_heap

datas           0x0000000080001df0       0xd0 load address 0x000000002040911c
                0x0000000080001df0                . = ALIGN (0x4)
                0x0000000080001df0                __data_region_start = .
                0x0000000080001df0                __data_start = .
 *(SORT_BY_ALIGNMENT(.data))
 *(SORT_BY_ALIGNMENT(.data.*))
 .data.spi_sifive_data_1
                0x0000000080001df0       0x54 zephyr/drivers/spi/libdrivers__spi.a(spi_sifive.c.obj)
 .data.spi_sifive_data_2
                0x0000000080001e44       0x54 zephyr/drivers/spi/libdrivers__spi.a(spi_sifive.c.obj)
                0x0000000080001e98                . = ALIGN (0x8)
                0x0000000080002698                PROVIDE (__global_pointer$ = (. + 0x800))
 *(SORT_BY_ALIGNMENT(.sdata) SORT_BY_ALIGNMENT(.sdata.*) SORT_BY_ALIGNMENT(.gnu.linkonce.s.*))
 .sdata._char_out
                0x0000000080001e98        0x4 zephyr/libzephyr.a(printk.c.obj)
                0x0000000080001e98                _char_out
 .sdata._stdout_hook
                0x0000000080001e9c        0x4 zephyr/lib/libc/minimal/liblib__libc__minimal.a(stdout_console.c.obj)
 .sdata.spi_sifive_api
                0x0000000080001ea0        0x8 zephyr/drivers/spi/libdrivers__spi.a(spi_sifive.c.obj)
 .sdata.spi_sifive_cfg_1
                0x0000000080001ea8        0x8 zephyr/drivers/spi/libdrivers__spi.a(spi_sifive.c.obj)
 .sdata.spi_sifive_cfg_2
                0x0000000080001eb0        0x8 zephyr/drivers/spi/libdrivers__spi.a(spi_sifive.c.obj)
 .sdata.timeout_list
                0x0000000080001eb8        0x8 zephyr/kernel/libkernel.a(timeout.c.obj)
                0x0000000080001ec0                __data_end = .
                0x00000000000000d0                __data_size = (__data_end - __data_start)
                0x000000002040911c                __data_load_start = LOADADDR (datas)
                0x000000002040911c                __data_region_load_start = LOADADDR (datas)

device_states   0x0000000080001ec0       0x14 load address 0x00000000204091ec
                0x0000000080001ec0                __device_states_start = .
 *(SORT_BY_ALIGNMENT(.z_devstate))
 .z_devstate    0x0000000080001ec0        0x4 zephyr/libzephyr.a(pinmux_sifive.c.obj)
 .z_devstate    0x0000000080001ec4        0x4 zephyr/drivers/gpio/libdrivers__gpio.a(gpio_sifive.c.obj)
 .z_devstate    0x0000000080001ec8        0x8 zephyr/drivers/spi/libdrivers__spi.a(spi_sifive.c.obj)
 .z_devstate    0x0000000080001ed0        0x4 zephyr/drivers/serial/libdrivers__serial.a(uart_sifive.c.obj)
 *(SORT_BY_ALIGNMENT(.z_devstate.*))
                0x0000000080001ed4                __device_states_end = .

initshell       0x0000000080001ed4        0x0 load address 0x0000000020409200
                0x0000000080001ed4                __shell_module_start = .
 *(SORT_BY_ALIGNMENT(.shell_module_*))
                0x0000000080001ed4                __shell_module_end = .
                0x0000000080001ed4                __shell_cmd_start = .
 *(SORT_BY_ALIGNMENT(.shell_cmd_*))
                0x0000000080001ed4                __shell_cmd_end = .

log_dynamic_sections
                0x0000000080001ed4        0x0 load address 0x0000000020409200
                0x0000000080001ed4                __log_dynamic_start = .
 *(SORT_BY_NAME(SORT_BY_ALIGNMENT(.log_dynamic_*)))
                0x0000000080001ed4                __log_dynamic_end = .

_static_thread_data_area
                0x0000000080001ed4       0x90 load address 0x0000000020409200
                0x0000000080001ed4                __static_thread_data_list_start = .
 *(SORT_BY_NAME(SORT_BY_ALIGNMENT(.__static_thread_data.static.*)))
 .__static_thread_data.static._k_thread_data_blink0_id
                0x0000000080001ed4       0x30 app/libapp.a(main.c.obj)
                0x0000000080001ed4                _k_thread_data_blink0_id
 .__static_thread_data.static._k_thread_data_blink1_id
                0x0000000080001f04       0x30 app/libapp.a(main.c.obj)
                0x0000000080001f04                _k_thread_data_blink1_id
 .__static_thread_data.static._k_thread_data_uart_out_id
                0x0000000080001f34       0x30 app/libapp.a(main.c.obj)
                0x0000000080001f34                _k_thread_data_uart_out_id
                0x0000000080001f64                __static_thread_data_list_end = .

k_timer_area    0x0000000080001f64        0x0 load address 0x0000000020409290
                0x0000000080001f64                _k_timer_list_start = .
 *(SORT_BY_NAME(SORT_BY_ALIGNMENT(._k_timer.static.*)))
                0x0000000080001f64                _k_timer_list_end = .

k_mem_slab_area
                0x0000000080001f64        0x0 load address 0x0000000020409290
                0x0000000080001f64                _k_mem_slab_list_start = .
 *(SORT_BY_NAME(SORT_BY_ALIGNMENT(._k_mem_slab.static.*)))
                0x0000000080001f64                _k_mem_slab_list_end = .

k_mem_pool_area
                0x0000000080001f64        0x0 load address 0x0000000020409290
                0x0000000080001f64                _k_mem_pool_list_start = .
 *(SORT_BY_NAME(SORT_BY_ALIGNMENT(._k_mem_pool.static.*)))
                0x0000000080001f64                _k_mem_pool_list_end = .

k_heap_area     0x0000000080001f64       0x18 load address 0x0000000020409290
                0x0000000080001f64                _k_heap_list_start = .
 *(SORT_BY_NAME(SORT_BY_ALIGNMENT(._k_heap.static.*)))
 ._k_heap.static._system_heap
                0x0000000080001f64       0x18 zephyr/kernel/libkernel.a(mempool.c.obj)
                0x0000000080001f64                _system_heap
                0x0000000080001f7c                _k_heap_list_end = .

k_mutex_area    0x0000000080001f7c        0x0 load address 0x00000000204092a8
                0x0000000080001f7c                _k_mutex_list_start = .
 *(SORT_BY_NAME(SORT_BY_ALIGNMENT(._k_mutex.static.*)))
                0x0000000080001f7c                _k_mutex_list_end = .

k_stack_area    0x0000000080001f7c        0x0 load address 0x00000000204092a8
                0x0000000080001f7c                _k_stack_list_start = .
 *(SORT_BY_NAME(SORT_BY_ALIGNMENT(._k_stack.static.*)))
                0x0000000080001f7c                _k_stack_list_end = .

k_msgq_area     0x0000000080001f7c        0x0 load address 0x00000000204092a8
                0x0000000080001f7c                _k_msgq_list_start = .
 *(SORT_BY_NAME(SORT_BY_ALIGNMENT(._k_msgq.static.*)))
                0x0000000080001f7c                _k_msgq_list_end = .

k_mbox_area     0x0000000080001f7c        0x0 load address 0x00000000204092a8
                0x0000000080001f7c                _k_mbox_list_start = .
 *(SORT_BY_NAME(SORT_BY_ALIGNMENT(._k_mbox.static.*)))
                0x0000000080001f7c                _k_mbox_list_end = .

k_pipe_area     0x0000000080001f7c        0x0 load address 0x00000000204092a8
                0x0000000080001f7c                _k_pipe_list_start = .
 *(SORT_BY_NAME(SORT_BY_ALIGNMENT(._k_pipe.static.*)))
                0x0000000080001f7c                _k_pipe_list_end = .

k_sem_area      0x0000000080001f7c        0x0 load address 0x00000000204092a8
                0x0000000080001f7c                _k_sem_list_start = .
 *(SORT_BY_NAME(SORT_BY_ALIGNMENT(._k_sem.static.*)))
                0x0000000080001f7c                _k_sem_list_end = .

k_event_area    0x0000000080001f7c        0x0 load address 0x00000000204092a8
                0x0000000080001f7c                _k_event_list_start = .
 *(SORT_BY_NAME(SORT_BY_ALIGNMENT(._k_event.static.*)))
                0x0000000080001f7c                _k_event_list_end = .

k_queue_area    0x0000000080001f7c       0x14 load address 0x00000000204092a8
                0x0000000080001f7c                _k_queue_list_start = .
 *(SORT_BY_NAME(SORT_BY_ALIGNMENT(._k_queue.static.*)))
 ._k_queue.static.printk_fifo
                0x0000000080001f7c       0x14 app/libapp.a(main.c.obj)
                0x0000000080001f7c                printk_fifo
                0x0000000080001f90                _k_queue_list_end = .

k_condvar_area  0x0000000080001f90        0x0 load address 0x00000000204092bc
                0x0000000080001f90                _k_condvar_list_start = .
 *(SORT_BY_NAME(SORT_BY_ALIGNMENT(._k_condvar.static.*)))
                0x0000000080001f90                _k_condvar_list_end = .

_net_buf_pool_area
                0x0000000080001f90        0x0 load address 0x00000000204092bc
                0x0000000080001f90                _net_buf_pool_list = .
 *(SORT_BY_NAME(SORT_BY_ALIGNMENT(._net_buf_pool.static.*)))
                0x0000000080001f90                __data_region_end = .
                0x0000000080001f90                _image_ram_end = .
                0x0000000080001f90                _end = .
                0x0000000080001f90                __kernel_ram_end = .
                0x0000000000001f90                __kernel_ram_size = (__kernel_ram_end - __kernel_ram_start)

.intList        0x00000000fffff800      0x238
 *(SORT_BY_ALIGNMENT(.irq_info*))
 .irq_info      0x00000000fffff800        0x8 zephyr/arch/common/libisr_tables.a(isr_tables.c.obj)
                0x00000000fffff800                _iheader
 *(SORT_BY_ALIGNMENT(.intList*))
 .intList       0x00000000fffff808       0x10 zephyr/drivers/interrupt_controller/libdrivers__interrupt_controller.a(intc_plic.c.obj)
 .intList       0x00000000fffff818      0x200 zephyr/drivers/gpio/libdrivers__gpio.a(gpio_sifive.c.obj)
 .intList       0x00000000fffffa18       0x10 zephyr/drivers/serial/libdrivers__serial.a(uart_sifive.c.obj)
 .intList       0x00000000fffffa28       0x10 zephyr/drivers/timer/libdrivers__timer.a(riscv_machine_timer.c.obj)

.stab
 *(SORT_BY_ALIGNMENT(.stab))

.stabstr
 *(SORT_BY_ALIGNMENT(.stabstr))

.stab.excl
 *(SORT_BY_ALIGNMENT(.stab.excl))

.stab.exclstr
 *(SORT_BY_ALIGNMENT(.stab.exclstr))

.stab.index
 *(SORT_BY_ALIGNMENT(.stab.index))

.stab.indexstr
 *(SORT_BY_ALIGNMENT(.stab.indexstr))

.gnu.build.attributes
 *(SORT_BY_ALIGNMENT(.gnu.build.attributes) SORT_BY_ALIGNMENT(.gnu.build.attributes.*))

.comment        0x0000000000000000       0x2e
 *(SORT_BY_ALIGNMENT(.comment))
 .comment       0x0000000000000000       0x2e zephyr/CMakeFiles/zephyr_pre1.dir/dev_handles.c.obj
                                         0x2f (size before relaxing)
 .comment       0x000000000000002e       0x2f zephyr/CMakeFiles/offsets.dir/./arch/riscv/core/offsets/offsets.c.obj
 .comment       0x000000000000002e       0x2f app/libapp.a(main.c.obj)
 .comment       0x000000000000002e       0x2f zephyr/libzephyr.a(printk.c.obj)
 .comment       0x000000000000002e       0x2f zephyr/libzephyr.a(thread_entry.c.obj)
 .comment       0x000000000000002e       0x2f zephyr/libzephyr.a(heap.c.obj)
 .comment       0x000000000000002e       0x2f zephyr/libzephyr.a(cbprintf_complete.c.obj)
 .comment       0x000000000000002e       0x2f zephyr/libzephyr.a(assert.c.obj)
 .comment       0x000000000000002e       0x2f zephyr/libzephyr.a(configs.c.obj)
 .comment       0x000000000000002e       0x2f zephyr/libzephyr.a(idle.c.obj)
 .comment       0x000000000000002e       0x2f zephyr/libzephyr.a(soc_common_irq.c.obj)
 .comment       0x000000000000002e       0x2f zephyr/libzephyr.a(tracing_none.c.obj)
 .comment       0x000000000000002e       0x2f zephyr/libzephyr.a(pinmux_sifive.c.obj)
 .comment       0x000000000000002e       0x2f zephyr/arch/arch/riscv/core/libarch__riscv__core.a(fatal.c.obj)
 .comment       0x000000000000002e       0x2f zephyr/arch/arch/riscv/core/libarch__riscv__core.a(irq_manage.c.obj)
 .comment       0x000000000000002e       0x2f zephyr/arch/arch/riscv/core/libarch__riscv__core.a(prep_c.c.obj)
 .comment       0x000000000000002e       0x2f zephyr/arch/arch/riscv/core/libarch__riscv__core.a(thread.c.obj)
 .comment       0x000000000000002e       0x2f zephyr/lib/libc/minimal/liblib__libc__minimal.a(string.c.obj)
 .comment       0x000000000000002e       0x2f zephyr/lib/libc/minimal/liblib__libc__minimal.a(stdout_console.c.obj)
 .comment       0x000000000000002e       0x2f zephyr/boards/riscv/artyA7/libboards__riscv__artyA7.a(pinmux.c.obj)
 .comment       0x000000000000002e       0x2f zephyr/drivers/interrupt_controller/libdrivers__interrupt_controller.a(intc_plic.c.obj)
 .comment       0x000000000000002e       0x2f zephyr/drivers/console/libdrivers__console.a(uart_console.c.obj)
 .comment       0x000000000000002e       0x2f zephyr/drivers/gpio/libdrivers__gpio.a(gpio_sifive.c.obj)
 .comment       0x000000000000002e       0x2f zephyr/drivers/spi/libdrivers__spi.a(spi_sifive.c.obj)
 .comment       0x000000000000002e       0x2f zephyr/drivers/serial/libdrivers__serial.a(uart_sifive.c.obj)
 .comment       0x000000000000002e       0x2f zephyr/drivers/timer/libdrivers__timer.a(riscv_machine_timer.c.obj)
 .comment       0x000000000000002e       0x2f zephyr/kernel/libkernel.a(device.c.obj)
 .comment       0x000000000000002e       0x2f zephyr/kernel/libkernel.a(errno.c.obj)
 .comment       0x000000000000002e       0x2f zephyr/kernel/libkernel.a(fatal.c.obj)
 .comment       0x000000000000002e       0x2f zephyr/kernel/libkernel.a(init.c.obj)
 .comment       0x000000000000002e       0x2f zephyr/kernel/libkernel.a(thread.c.obj)
 .comment       0x000000000000002e       0x2f zephyr/kernel/libkernel.a(idle.c.obj)
 .comment       0x000000000000002e       0x2f zephyr/kernel/libkernel.a(queue.c.obj)
 .comment       0x000000000000002e       0x2f zephyr/kernel/libkernel.a(sem.c.obj)
 .comment       0x000000000000002e       0x2f zephyr/kernel/libkernel.a(sched.c.obj)
 .comment       0x000000000000002e       0x2f zephyr/kernel/libkernel.a(xip.c.obj)
 .comment       0x000000000000002e       0x2f zephyr/kernel/libkernel.a(timeout.c.obj)
 .comment       0x000000000000002e       0x2f zephyr/kernel/libkernel.a(mempool.c.obj)
 .comment       0x000000000000002e       0x2f zephyr/kernel/libkernel.a(main_weak.c.obj)
 .comment       0x000000000000002e       0x2f zephyr/kernel/libkernel.a(banner.c.obj)
 .comment       0x000000000000002e       0x2f zephyr/kernel/libkernel.a(kheap.c.obj)
 .comment       0x000000000000002e       0x2f zephyr/arch/common/libisr_tables.a(isr_tables.c.obj)

.debug
 *(SORT_BY_ALIGNMENT(.debug))

.line
 *(SORT_BY_ALIGNMENT(.line))

.debug_srcinfo
 *(SORT_BY_ALIGNMENT(.debug_srcinfo))

.debug_sfnames
 *(SORT_BY_ALIGNMENT(.debug_sfnames))

.debug_aranges  0x0000000000000000      0xda8
 *(SORT_BY_ALIGNMENT(.debug_aranges))
 .debug_aranges
                0x0000000000000000       0x28 zephyr/libzephyr.a(soc_irq.S.obj)
 .debug_aranges
                0x0000000000000028       0x20 zephyr/libzephyr.a(vector.S.obj)
 .debug_aranges
                0x0000000000000048       0x20 zephyr/arch/arch/riscv/core/libarch__riscv__core.a(isr.S.obj)
 .debug_aranges
                0x0000000000000068       0x28 zephyr/arch/arch/riscv/core/libarch__riscv__core.a(reset.S.obj)
 .debug_aranges
                0x0000000000000090       0x28 zephyr/arch/arch/riscv/core/libarch__riscv__core.a(swap.S.obj)
 .debug_aranges
                0x00000000000000b8       0x18 zephyr/CMakeFiles/zephyr_pre1.dir/dev_handles.c.obj
 .debug_aranges
                0x00000000000000d0       0x20 zephyr/CMakeFiles/offsets.dir/./arch/riscv/core/offsets/offsets.c.obj
 .debug_aranges
                0x00000000000000f0       0x38 app/libapp.a(main.c.obj)
 .debug_aranges
                0x0000000000000128       0x68 zephyr/libzephyr.a(printk.c.obj)
 .debug_aranges
                0x0000000000000190       0x20 zephyr/libzephyr.a(thread_entry.c.obj)
 .debug_aranges
                0x00000000000001b0       0x88 zephyr/libzephyr.a(heap.c.obj)
 .debug_aranges
                0x0000000000000238       0x30 zephyr/libzephyr.a(cbprintf_complete.c.obj)
 .debug_aranges
                0x0000000000000268       0x20 zephyr/libzephyr.a(assert.c.obj)
 .debug_aranges
                0x0000000000000288       0x20 zephyr/libzephyr.a(configs.c.obj)
 .debug_aranges
                0x00000000000002a8       0x28 zephyr/libzephyr.a(idle.c.obj)
 .debug_aranges
                0x00000000000002d0       0x40 zephyr/libzephyr.a(soc_common_irq.c.obj)
 .debug_aranges
                0x0000000000000310       0x20 zephyr/libzephyr.a(tracing_none.c.obj)
 .debug_aranges
                0x0000000000000330       0x38 zephyr/libzephyr.a(pinmux_sifive.c.obj)
 .debug_aranges
                0x0000000000000368       0x28 zephyr/arch/arch/riscv/core/libarch__riscv__core.a(fatal.c.obj)
 .debug_aranges
                0x0000000000000390       0x20 zephyr/arch/arch/riscv/core/libarch__riscv__core.a(irq_manage.c.obj)
 .debug_aranges
                0x00000000000003b0       0x20 zephyr/arch/arch/riscv/core/libarch__riscv__core.a(prep_c.c.obj)
 .debug_aranges
                0x00000000000003d0       0x20 zephyr/arch/arch/riscv/core/libarch__riscv__core.a(thread.c.obj)
 .debug_aranges
                0x00000000000003f0       0x98 zephyr/lib/libc/minimal/liblib__libc__minimal.a(string.c.obj)
 .debug_aranges
                0x0000000000000488       0x58 zephyr/lib/libc/minimal/liblib__libc__minimal.a(stdout_console.c.obj)
 .debug_aranges
                0x00000000000004e0       0x28 zephyr/boards/riscv/artyA7/libboards__riscv__artyA7.a(pinmux.c.obj)
 .debug_aranges
                0x0000000000000508       0x50 zephyr/drivers/interrupt_controller/libdrivers__interrupt_controller.a(intc_plic.c.obj)
 .debug_aranges
                0x0000000000000558       0x30 zephyr/drivers/console/libdrivers__console.a(uart_console.c.obj)
 .debug_aranges
                0x0000000000000588       0x70 zephyr/drivers/gpio/libdrivers__gpio.a(gpio_sifive.c.obj)
 .debug_aranges
                0x00000000000005f8       0x70 zephyr/drivers/spi/libdrivers__spi.a(spi_sifive.c.obj)
 .debug_aranges
                0x0000000000000668       0xa8 zephyr/drivers/serial/libdrivers__serial.a(uart_sifive.c.obj)
 .debug_aranges
                0x0000000000000710       0x50 zephyr/drivers/timer/libdrivers__timer.a(riscv_machine_timer.c.obj)
 .debug_aranges
                0x0000000000000760       0x58 zephyr/kernel/libkernel.a(device.c.obj)
 .debug_aranges
                0x00000000000007b8       0x20 zephyr/kernel/libkernel.a(errno.c.obj)
 .debug_aranges
                0x00000000000007d8       0x58 zephyr/kernel/libkernel.a(fatal.c.obj)
 .debug_aranges
                0x0000000000000830       0x40 zephyr/kernel/libkernel.a(init.c.obj)
 .debug_aranges
                0x0000000000000870       0xc8 zephyr/kernel/libkernel.a(thread.c.obj)
 .debug_aranges
                0x0000000000000938       0x28 zephyr/kernel/libkernel.a(idle.c.obj)
 .debug_aranges
                0x0000000000000960       0x98 zephyr/kernel/libkernel.a(queue.c.obj)
 .debug_aranges
                0x00000000000009f8       0x38 zephyr/kernel/libkernel.a(sem.c.obj)
 .debug_aranges
                0x0000000000000a30      0x1d8 zephyr/kernel/libkernel.a(sched.c.obj)
 .debug_aranges
                0x0000000000000c08       0x20 zephyr/kernel/libkernel.a(xip.c.obj)
 .debug_aranges
                0x0000000000000c28       0x98 zephyr/kernel/libkernel.a(timeout.c.obj)
 .debug_aranges
                0x0000000000000cc0       0x50 zephyr/kernel/libkernel.a(mempool.c.obj)
 .debug_aranges
                0x0000000000000d10       0x20 zephyr/kernel/libkernel.a(main_weak.c.obj)
 .debug_aranges
                0x0000000000000d30       0x20 zephyr/kernel/libkernel.a(banner.c.obj)
 .debug_aranges
                0x0000000000000d50       0x40 zephyr/kernel/libkernel.a(kheap.c.obj)
 .debug_aranges
                0x0000000000000d90       0x18 zephyr/arch/common/libisr_tables.a(isr_tables.c.obj)

.debug_pubnames
 *(SORT_BY_ALIGNMENT(.debug_pubnames))

.debug_info     0x0000000000000000    0x2c0fe
 *(SORT_BY_ALIGNMENT(.debug_info) SORT_BY_ALIGNMENT(.gnu.linkonce.wi.*))
 .debug_info    0x0000000000000000      0x195 zephyr/CMakeFiles/zephyr_pre1.dir/dev_handles.c.obj
 .debug_info    0x0000000000000195       0x93 zephyr/CMakeFiles/offsets.dir/./arch/riscv/core/offsets/offsets.c.obj
 .debug_info    0x0000000000000228     0x18dc app/libapp.a(main.c.obj)
 .debug_info    0x0000000000001b04      0x4cf zephyr/libzephyr.a(printk.c.obj)
 .debug_info    0x0000000000001fd3      0x5f6 zephyr/libzephyr.a(thread_entry.c.obj)
 .debug_info    0x00000000000025c9     0x2ae5 zephyr/libzephyr.a(heap.c.obj)
 .debug_info    0x00000000000050ae      0xefc zephyr/libzephyr.a(cbprintf_complete.c.obj)
 .debug_info    0x0000000000005faa       0xec zephyr/libzephyr.a(assert.c.obj)
 .debug_info    0x0000000000006096       0x38 zephyr/libzephyr.a(configs.c.obj)
 .debug_info    0x00000000000060ce      0x1a6 zephyr/libzephyr.a(idle.c.obj)
 .debug_info    0x0000000000006274       0x22 zephyr/libzephyr.a(soc_irq.S.obj)
 .debug_info    0x0000000000006296      0x3ab zephyr/libzephyr.a(soc_common_irq.c.obj)
 .debug_info    0x0000000000006641       0x26 zephyr/libzephyr.a(vector.S.obj)
 .debug_info    0x0000000000006667       0xb1 zephyr/libzephyr.a(tracing_none.c.obj)
 .debug_info    0x0000000000006718      0x591 zephyr/libzephyr.a(pinmux_sifive.c.obj)
 .debug_info    0x0000000000006ca9     0x4bee zephyr/arch/arch/riscv/core/libarch__riscv__core.a(fatal.c.obj)
 .debug_info    0x000000000000b897      0xc85 zephyr/arch/arch/riscv/core/libarch__riscv__core.a(irq_manage.c.obj)
 .debug_info    0x000000000000c51c       0x26 zephyr/arch/arch/riscv/core/libarch__riscv__core.a(isr.S.obj)
 .debug_info    0x000000000000c542       0xec zephyr/arch/arch/riscv/core/libarch__riscv__core.a(prep_c.c.obj)
 .debug_info    0x000000000000c62e       0x22 zephyr/arch/arch/riscv/core/libarch__riscv__core.a(reset.S.obj)
 .debug_info    0x000000000000c650       0x22 zephyr/arch/arch/riscv/core/libarch__riscv__core.a(swap.S.obj)
 .debug_info    0x000000000000c672      0x6bb zephyr/arch/arch/riscv/core/libarch__riscv__core.a(thread.c.obj)
 .debug_info    0x000000000000cd2d      0x640 zephyr/lib/libc/minimal/liblib__libc__minimal.a(string.c.obj)
 .debug_info    0x000000000000d36d      0x5e1 zephyr/lib/libc/minimal/liblib__libc__minimal.a(stdout_console.c.obj)
 .debug_info    0x000000000000d94e      0x611 zephyr/boards/riscv/artyA7/libboards__riscv__artyA7.a(pinmux.c.obj)
 .debug_info    0x000000000000df5f      0x5b1 zephyr/drivers/interrupt_controller/libdrivers__interrupt_controller.a(intc_plic.c.obj)
 .debug_info    0x000000000000e510      0x9a9 zephyr/drivers/console/libdrivers__console.a(uart_console.c.obj)
 .debug_info    0x000000000000eeb9     0x1c0d zephyr/drivers/gpio/libdrivers__gpio.a(gpio_sifive.c.obj)
 .debug_info    0x0000000000010ac6     0x5229 zephyr/drivers/spi/libdrivers__spi.a(spi_sifive.c.obj)
 .debug_info    0x0000000000015cef      0xbfb zephyr/drivers/serial/libdrivers__serial.a(uart_sifive.c.obj)
 .debug_info    0x00000000000168ea      0xc1c zephyr/drivers/timer/libdrivers__timer.a(riscv_machine_timer.c.obj)
 .debug_info    0x0000000000017506      0x772 zephyr/kernel/libkernel.a(device.c.obj)
 .debug_info    0x0000000000017c78      0x637 zephyr/kernel/libkernel.a(errno.c.obj)
 .debug_info    0x00000000000182af     0x1b8f zephyr/kernel/libkernel.a(fatal.c.obj)
 .debug_info    0x0000000000019e3e      0xc36 zephyr/kernel/libkernel.a(init.c.obj)
 .debug_info    0x000000000001aa74     0x227f zephyr/kernel/libkernel.a(thread.c.obj)
 .debug_info    0x000000000001ccf3      0x772 zephyr/kernel/libkernel.a(idle.c.obj)
 .debug_info    0x000000000001d465     0x237e zephyr/kernel/libkernel.a(queue.c.obj)
 .debug_info    0x000000000001f7e3      0xf5e zephyr/kernel/libkernel.a(sem.c.obj)
 .debug_info    0x0000000000020741     0x7643 zephyr/kernel/libkernel.a(sched.c.obj)
 .debug_info    0x0000000000027d84       0xdc zephyr/kernel/libkernel.a(xip.c.obj)
 .debug_info    0x0000000000027e60     0x242f zephyr/kernel/libkernel.a(timeout.c.obj)
 .debug_info    0x000000000002a28f      0xb6e zephyr/kernel/libkernel.a(mempool.c.obj)
 .debug_info    0x000000000002adfd       0xb2 zephyr/kernel/libkernel.a(main_weak.c.obj)
 .debug_info    0x000000000002aeaf       0xff zephyr/kernel/libkernel.a(banner.c.obj)
 .debug_info    0x000000000002afae     0x1026 zephyr/kernel/libkernel.a(kheap.c.obj)
 .debug_info    0x000000000002bfd4      0x12a zephyr/arch/common/libisr_tables.a(isr_tables.c.obj)

.debug_abbrev   0x0000000000000000     0x6bb8
 *(SORT_BY_ALIGNMENT(.debug_abbrev))
 .debug_abbrev  0x0000000000000000       0x82 zephyr/CMakeFiles/zephyr_pre1.dir/dev_handles.c.obj
 .debug_abbrev  0x0000000000000082       0x44 zephyr/CMakeFiles/offsets.dir/./arch/riscv/core/offsets/offsets.c.obj
 .debug_abbrev  0x00000000000000c6      0x452 app/libapp.a(main.c.obj)
 .debug_abbrev  0x0000000000000518      0x23e zephyr/libzephyr.a(printk.c.obj)
 .debug_abbrev  0x0000000000000756      0x201 zephyr/libzephyr.a(thread_entry.c.obj)
 .debug_abbrev  0x0000000000000957      0x3c5 zephyr/libzephyr.a(heap.c.obj)
 .debug_abbrev  0x0000000000000d1c      0x385 zephyr/libzephyr.a(cbprintf_complete.c.obj)
 .debug_abbrev  0x00000000000010a1       0x83 zephyr/libzephyr.a(assert.c.obj)
 .debug_abbrev  0x0000000000001124       0x2e zephyr/libzephyr.a(configs.c.obj)
 .debug_abbrev  0x0000000000001152      0x11c zephyr/libzephyr.a(idle.c.obj)
 .debug_abbrev  0x000000000000126e       0x12 zephyr/libzephyr.a(soc_irq.S.obj)
 .debug_abbrev  0x0000000000001280      0x170 zephyr/libzephyr.a(soc_common_irq.c.obj)
 .debug_abbrev  0x00000000000013f0       0x14 zephyr/libzephyr.a(vector.S.obj)
 .debug_abbrev  0x0000000000001404       0x5e zephyr/libzephyr.a(tracing_none.c.obj)
 .debug_abbrev  0x0000000000001462      0x23a zephyr/libzephyr.a(pinmux_sifive.c.obj)
 .debug_abbrev  0x000000000000169c      0x23d zephyr/arch/arch/riscv/core/libarch__riscv__core.a(fatal.c.obj)
 .debug_abbrev  0x00000000000018d9      0x1cd zephyr/arch/arch/riscv/core/libarch__riscv__core.a(irq_manage.c.obj)
 .debug_abbrev  0x0000000000001aa6       0x14 zephyr/arch/arch/riscv/core/libarch__riscv__core.a(isr.S.obj)
 .debug_abbrev  0x0000000000001aba       0x64 zephyr/arch/arch/riscv/core/libarch__riscv__core.a(prep_c.c.obj)
 .debug_abbrev  0x0000000000001b1e       0x12 zephyr/arch/arch/riscv/core/libarch__riscv__core.a(reset.S.obj)
 .debug_abbrev  0x0000000000001b30       0x12 zephyr/arch/arch/riscv/core/libarch__riscv__core.a(swap.S.obj)
 .debug_abbrev  0x0000000000001b42      0x1b3 zephyr/arch/arch/riscv/core/libarch__riscv__core.a(thread.c.obj)
 .debug_abbrev  0x0000000000001cf5      0x1a0 zephyr/lib/libc/minimal/liblib__libc__minimal.a(string.c.obj)
 .debug_abbrev  0x0000000000001e95      0x22d zephyr/lib/libc/minimal/liblib__libc__minimal.a(stdout_console.c.obj)
 .debug_abbrev  0x00000000000020c2      0x2a1 zephyr/boards/riscv/artyA7/libboards__riscv__artyA7.a(pinmux.c.obj)
 .debug_abbrev  0x0000000000002363      0x2dd zephyr/drivers/interrupt_controller/libdrivers__interrupt_controller.a(intc_plic.c.obj)
 .debug_abbrev  0x0000000000002640      0x38b zephyr/drivers/console/libdrivers__console.a(uart_console.c.obj)
 .debug_abbrev  0x00000000000029cb      0x4cb zephyr/drivers/gpio/libdrivers__gpio.a(gpio_sifive.c.obj)
 .debug_abbrev  0x0000000000002e96      0x588 zephyr/drivers/spi/libdrivers__spi.a(spi_sifive.c.obj)
 .debug_abbrev  0x000000000000341e      0x393 zephyr/drivers/serial/libdrivers__serial.a(uart_sifive.c.obj)
 .debug_abbrev  0x00000000000037b1      0x392 zephyr/drivers/timer/libdrivers__timer.a(riscv_machine_timer.c.obj)
 .debug_abbrev  0x0000000000003b43      0x30d zephyr/kernel/libkernel.a(device.c.obj)
 .debug_abbrev  0x0000000000003e50      0x17c zephyr/kernel/libkernel.a(errno.c.obj)
 .debug_abbrev  0x0000000000003fcc      0x439 zephyr/kernel/libkernel.a(fatal.c.obj)
 .debug_abbrev  0x0000000000004405      0x415 zephyr/kernel/libkernel.a(init.c.obj)
 .debug_abbrev  0x000000000000481a      0x58c zephyr/kernel/libkernel.a(thread.c.obj)
 .debug_abbrev  0x0000000000004da6      0x235 zephyr/kernel/libkernel.a(idle.c.obj)
 .debug_abbrev  0x0000000000004fdb      0x485 zephyr/kernel/libkernel.a(queue.c.obj)
 .debug_abbrev  0x0000000000005460      0x378 zephyr/kernel/libkernel.a(sem.c.obj)
 .debug_abbrev  0x00000000000057d8      0x610 zephyr/kernel/libkernel.a(sched.c.obj)
 .debug_abbrev  0x0000000000005de8       0x88 zephyr/kernel/libkernel.a(xip.c.obj)
 .debug_abbrev  0x0000000000005e70      0x4dc zephyr/kernel/libkernel.a(timeout.c.obj)
 .debug_abbrev  0x000000000000634c      0x2fa zephyr/kernel/libkernel.a(mempool.c.obj)
 .debug_abbrev  0x0000000000006646       0x68 zephyr/kernel/libkernel.a(main_weak.c.obj)
 .debug_abbrev  0x00000000000066ae       0xb8 zephyr/kernel/libkernel.a(banner.c.obj)
 .debug_abbrev  0x0000000000006766      0x37e zephyr/kernel/libkernel.a(kheap.c.obj)
 .debug_abbrev  0x0000000000006ae4       0xd4 zephyr/arch/common/libisr_tables.a(isr_tables.c.obj)

.debug_line     0x0000000000000000    0x1a490
 *(SORT_BY_ALIGNMENT(.debug_line) SORT_BY_ALIGNMENT(.debug_line.*) SORT_BY_ALIGNMENT(.debug_line_end))
 .debug_line    0x0000000000000000       0xec zephyr/CMakeFiles/zephyr_pre1.dir/dev_handles.c.obj
 .debug_line    0x00000000000000ec      0x219 zephyr/CMakeFiles/offsets.dir/./arch/riscv/core/offsets/offsets.c.obj
 .debug_line    0x0000000000000305      0xc13 app/libapp.a(main.c.obj)
 .debug_line    0x0000000000000f18      0x50b zephyr/libzephyr.a(printk.c.obj)
 .debug_line    0x0000000000001423      0x36e zephyr/libzephyr.a(thread_entry.c.obj)
 .debug_line    0x0000000000001791     0x287e zephyr/libzephyr.a(heap.c.obj)
 .debug_line    0x000000000000400f     0x16d2 zephyr/libzephyr.a(cbprintf_complete.c.obj)
 .debug_line    0x00000000000056e1       0xd2 zephyr/libzephyr.a(assert.c.obj)
 .debug_line    0x00000000000057b3      0x483 zephyr/libzephyr.a(configs.c.obj)
 .debug_line    0x0000000000005c36      0x1f0 zephyr/libzephyr.a(idle.c.obj)
 .debug_line    0x0000000000005e26       0xc5 zephyr/libzephyr.a(soc_irq.S.obj)
 .debug_line    0x0000000000005eeb      0x45c zephyr/libzephyr.a(soc_common_irq.c.obj)
 .debug_line    0x0000000000006347       0x90 zephyr/libzephyr.a(vector.S.obj)
 .debug_line    0x00000000000063d7       0x7c zephyr/libzephyr.a(tracing_none.c.obj)
 .debug_line    0x0000000000006453      0x3b2 zephyr/libzephyr.a(pinmux_sifive.c.obj)
 .debug_line    0x0000000000006805      0x376 zephyr/arch/arch/riscv/core/libarch__riscv__core.a(fatal.c.obj)
 .debug_line    0x0000000000006b7b      0x2e4 zephyr/arch/arch/riscv/core/libarch__riscv__core.a(irq_manage.c.obj)
 .debug_line    0x0000000000006e5f      0x223 zephyr/arch/arch/riscv/core/libarch__riscv__core.a(isr.S.obj)
 .debug_line    0x0000000000007082      0x13a zephyr/arch/arch/riscv/core/libarch__riscv__core.a(prep_c.c.obj)
 .debug_line    0x00000000000071bc       0xac zephyr/arch/arch/riscv/core/libarch__riscv__core.a(reset.S.obj)
 .debug_line    0x0000000000007268       0xa6 zephyr/arch/arch/riscv/core/libarch__riscv__core.a(swap.S.obj)
 .debug_line    0x000000000000730e      0x375 zephyr/arch/arch/riscv/core/libarch__riscv__core.a(thread.c.obj)
 .debug_line    0x0000000000007683      0xa7b zephyr/lib/libc/minimal/liblib__libc__minimal.a(string.c.obj)
 .debug_line    0x00000000000080fe      0x4cb zephyr/lib/libc/minimal/liblib__libc__minimal.a(stdout_console.c.obj)
 .debug_line    0x00000000000085c9      0x37d zephyr/boards/riscv/artyA7/libboards__riscv__artyA7.a(pinmux.c.obj)
 .debug_line    0x0000000000008946      0x600 zephyr/drivers/interrupt_controller/libdrivers__interrupt_controller.a(intc_plic.c.obj)
 .debug_line    0x0000000000008f46      0x429 zephyr/drivers/console/libdrivers__console.a(uart_console.c.obj)