Archive member included to satisfy reference by file (symbol)

app/libapp.a(main.c.obj)      (--whole-archive)
zephyr/libzephyr.a(cbprintf.c.obj)
                              (--whole-archive)
zephyr/libzephyr.a(cbprintf_packaged.c.obj)
                              (--whole-archive)
zephyr/libzephyr.a(crc32c_sw.c.obj)
                              (--whole-archive)
zephyr/libzephyr.a(crc32_sw.c.obj)
                              (--whole-archive)
zephyr/libzephyr.a(crc16_sw.c.obj)
                              (--whole-archive)
zephyr/libzephyr.a(crc8_sw.c.obj)
                              (--whole-archive)
zephyr/libzephyr.a(crc7_sw.c.obj)
                              (--whole-archive)
zephyr/libzephyr.a(dec.c.obj)
                              (--whole-archive)
zephyr/libzephyr.a(fdtable.c.obj)
                              (--whole-archive)
zephyr/libzephyr.a(hex.c.obj)
                              (--whole-archive)
zephyr/libzephyr.a(notify.c.obj)
                              (--whole-archive)
zephyr/libzephyr.a(printk.c.obj)
                              (--whole-archive)
zephyr/libzephyr.a(onoff.c.obj)
                              (--whole-archive)
zephyr/libzephyr.a(rb.c.obj)  (--whole-archive)
zephyr/libzephyr.a(sem.c.obj)
                              (--whole-archive)
zephyr/libzephyr.a(thread_entry.c.obj)
                              (--whole-archive)
zephyr/libzephyr.a(timeutil.c.obj)
                              (--whole-archive)
zephyr/libzephyr.a(heap.c.obj)
                              (--whole-archive)
zephyr/libzephyr.a(heap-validate.c.obj)
                              (--whole-archive)
zephyr/libzephyr.a(bitarray.c.obj)
                              (--whole-archive)
zephyr/libzephyr.a(multi_heap.c.obj)
                              (--whole-archive)
zephyr/libzephyr.a(cbprintf_complete.c.obj)
                              (--whole-archive)
zephyr/libzephyr.a(configs.c.obj)
                              (--whole-archive)
zephyr/libzephyr.a(idle.c.obj)
                              (--whole-archive)
zephyr/libzephyr.a(soc_irq.S.obj)
                              (--whole-archive)
zephyr/libzephyr.a(soc_common_irq.c.obj)
                              (--whole-archive)
zephyr/libzephyr.a(vector.S.obj)
                              (--whole-archive)
zephyr/libzephyr.a(tracing_none.c.obj)
                              (--whole-archive)
zephyr/arch/common/libarch__common.a(sw_isr_common.c.obj)
                              (--whole-archive)
zephyr/arch/arch/riscv/core/libarch__riscv__core.a(cpu_idle.c.obj)
                              (--whole-archive)
zephyr/arch/arch/riscv/core/libarch__riscv__core.a(fatal.c.obj)
                              (--whole-archive)
zephyr/arch/arch/riscv/core/libarch__riscv__core.a(irq_manage.c.obj)
                              (--whole-archive)
zephyr/arch/arch/riscv/core/libarch__riscv__core.a(isr.S.obj)
                              (--whole-archive)
zephyr/arch/arch/riscv/core/libarch__riscv__core.a(prep_c.c.obj)
                              (--whole-archive)
zephyr/arch/arch/riscv/core/libarch__riscv__core.a(reboot.c.obj)
                              (--whole-archive)
zephyr/arch/arch/riscv/core/libarch__riscv__core.a(reset.S.obj)
                              (--whole-archive)
zephyr/arch/arch/riscv/core/libarch__riscv__core.a(swap.S.obj)
                              (--whole-archive)
zephyr/arch/arch/riscv/core/libarch__riscv__core.a(thread.c.obj)
                              (--whole-archive)
zephyr/lib/libc/minimal/liblib__libc__minimal.a(abort.c.obj)
                              (--whole-archive)
zephyr/lib/libc/minimal/liblib__libc__minimal.a(atoi.c.obj)
                              (--whole-archive)
zephyr/lib/libc/minimal/liblib__libc__minimal.a(strtol.c.obj)
                              (--whole-archive)
zephyr/lib/libc/minimal/liblib__libc__minimal.a(strtoul.c.obj)
                              (--whole-archive)
zephyr/lib/libc/minimal/liblib__libc__minimal.a(malloc.c.obj)
                              (--whole-archive)
zephyr/lib/libc/minimal/liblib__libc__minimal.a(bsearch.c.obj)
                              (--whole-archive)
zephyr/lib/libc/minimal/liblib__libc__minimal.a(exit.c.obj)
                              (--whole-archive)
zephyr/lib/libc/minimal/liblib__libc__minimal.a(qsort.c.obj)
                              (--whole-archive)
zephyr/lib/libc/minimal/liblib__libc__minimal.a(strncasecmp.c.obj)
                              (--whole-archive)
zephyr/lib/libc/minimal/liblib__libc__minimal.a(strstr.c.obj)
                              (--whole-archive)
zephyr/lib/libc/minimal/liblib__libc__minimal.a(string.c.obj)
                              (--whole-archive)
zephyr/lib/libc/minimal/liblib__libc__minimal.a(strspn.c.obj)
                              (--whole-archive)
zephyr/lib/libc/minimal/liblib__libc__minimal.a(stdout_console.c.obj)
                              (--whole-archive)
[...]
Memory Configuration

Name             Origin             Length             Attributes
ROM              0x0000000020400000 0x0000000000c00000 xr
RAM              0x0000000080000000 0x0000000000004000 xrw
IDT_LIST         0x00000000fffff7ff 0x0000000000000800 xw
*default*        0x0000000000000000 0xffffffffffffffff

Linker script and memory map

LOAD zephyr/CMakeFiles/zephyr_final.dir/misc/empty_file.c.obj
LOAD zephyr/CMakeFiles/zephyr_final.dir/dev_handles.c.obj
LOAD zephyr/CMakeFiles/zephyr_final.dir/isr_tables.c.obj
LOAD zephyr/CMakeFiles/offsets.dir/./arch/riscv/core/offsets/offsets.c.obj

.rel.plt        0x0000000000000000        0x0
 *(SORT_BY_ALIGNMENT(.rel.plt))
                [!provide]                        PROVIDE (__rel_iplt_start = .)
 *(SORT_BY_ALIGNMENT(.rel.iplt))
                [!provide]                        PROVIDE (__rel_iplt_end = .)

.rela.plt       0x0000000000000000        0x0
 *(SORT_BY_ALIGNMENT(.rela.plt))
                [!provide]                        PROVIDE (__rela_iplt_start = .)
 *(SORT_BY_ALIGNMENT(.rela.iplt))
                [!provide]                        PROVIDE (__rela_iplt_end = .)

.rel.dyn
 *(SORT_BY_ALIGNMENT(.rel.*))

.rela.dyn       0x0000000020400000        0x0
 *(SORT_BY_ALIGNMENT(.rela.*))
 .rela.sdata._char_out
                0x0000000020400000        0x0 zephyr/CMakeFiles/zephyr_final.dir/isr_tables.c.obj
 .rela.vectors.__start
                0x0000000020400000        0x0 zephyr/CMakeFiles/zephyr_final.dir/isr_tables.c.obj
 .rela.exception.entry.__irq_wrapper
                0x0000000020400000        0x0 zephyr/CMakeFiles/zephyr_final.dir/isr_tables.c.obj
 .rela.text._PrepC
                0x0000000020400000        0x0 zephyr/CMakeFiles/zephyr_final.dir/isr_tables.c.obj
 .rela.text.k_sys_fatal_error_handler
                0x0000000020400000        0x0 zephyr/CMakeFiles/zephyr_final.dir/isr_tables.c.obj
 .rela.text.z_fatal_error
                0x0000000020400000        0x0 zephyr/CMakeFiles/zephyr_final.dir/isr_tables.c.obj
 .rela.text.z_bss_zero
                0x0000000020400000        0x0 zephyr/CMakeFiles/zephyr_final.dir/isr_tables.c.obj
 .rela.text.z_init_static_threads
                0x0000000020400000        0x0 zephyr/CMakeFiles/zephyr_final.dir/isr_tables.c.obj
 .rela.text.z_data_copy
                0x0000000020400000        0x0 zephyr/CMakeFiles/zephyr_final.dir/isr_tables.c.obj
 .rela.rodata.levels.0
                0x0000000020400000        0x0 zephyr/CMakeFiles/zephyr_final.dir/isr_tables.c.obj

.plt
 *(SORT_BY_ALIGNMENT(.plt))

.iplt
 *(SORT_BY_ALIGNMENT(.iplt))
                0x0000000020400000                __rom_region_start = 0x20400000

vector          0x0000000020400000       0x18
                0x0000000020400000                . = ALIGN (0x4)
 *(SORT_BY_ALIGNMENT(.vectors.*))
 .vectors.__start
                0x0000000020400000       0x18 zephyr/libzephyr.a(vector.S.obj)
                0x0000000020400000                __start

rom_start       0x0000000020400018        0x8
                0x0000000020400020                . = ALIGN (0x10)
 *fill*         0x0000000020400018        0x8 

reset           0x0000000020400020        0x4
 *(SORT_BY_ALIGNMENT(.reset.*))
 .reset.__reset
                0x0000000020400020        0x4 zephyr/arch/arch/riscv/core/libarch__riscv__core.a(reset.S.obj)
                0x0000000020400020                __reset

exceptions      0x0000000020400024      0x2c0
 *(SORT_BY_ALIGNMENT(.exception.entry.*))
 .exception.entry.__irq_wrapper
                0x0000000020400024      0x270 zephyr/arch/arch/riscv/core/libarch__riscv__core.a(isr.S.obj)
                0x0000000020400024                __irq_wrapper
 *(SORT_BY_ALIGNMENT(.exception.other.*))
 .exception.other.__soc_handle_irq
                0x0000000020400294       0x10 zephyr/libzephyr.a(soc_irq.S.obj)
                0x0000000020400294                __soc_handle_irq
 .exception.other.__soc_is_irq
                0x00000000204002a4       0x1c zephyr/libzephyr.a(soc_irq.S.obj)
                0x00000000204002a4                __soc_is_irq
 .exception.other.arch_swap
                0x00000000204002c0       0x24 zephyr/arch/arch/riscv/core/libarch__riscv__core.a(swap.S.obj)
                0x00000000204002c0                arch_swap

text            0x00000000204002e4     0x2af0
                0x00000000204002e4                . = ALIGN (0x4)
 *(SORT_BY_ALIGNMENT(.openocd_debug))
 *(SORT_BY_ALIGNMENT(.openocd_debug.*))
                0x00000000204002e4                __text_region_start = .
 *(SORT_BY_ALIGNMENT(.text))
 .text          0x00000000204002e4      0x434 /home/arachidi/zephyr-sdk-0.13.2/riscv64-zephyr-elf/bin/../lib/gcc/riscv64-zephyr-elf/10.3.0/libgcc.a(_udivdi3.o)
                0x00000000204002e4                __udivdi3
 .text          0x0000000020400718      0x404 /home/arachidi/zephyr-sdk-0.13.2/riscv64-zephyr-elf/bin/../lib/gcc/riscv64-zephyr-elf/10.3.0/libgcc.a(_umoddi3.o)
                0x0000000020400718                __umoddi3
 *(SORT_BY_ALIGNMENT(.text.*))
 .text._OffsetAbsSyms
                0x0000000020400b1c        0x4 zephyr/CMakeFiles/offsets.dir/./arch/riscv/core/offsets/offsets.c.obj
                0x0000000020400b1c                _OffsetAbsSyms
 .text.main     0x0000000020400b20       0x14 app/libapp.a(main.c.obj)
                0x0000000020400b20                main
 .text.arch_printk_char_out
                0x0000000020400b34        0x8 zephyr/libzephyr.a(printk.c.obj)
                0x0000000020400b34                arch_printk_char_out
 .text.char_out
                0x0000000020400b3c       0x18 zephyr/libzephyr.a(printk.c.obj)
 .text.vprintk  0x0000000020400b54       0x30 zephyr/libzephyr.a(printk.c.obj)
                0x0000000020400b54                vprintk
 .text.printk   0x0000000020400b84       0x3c zephyr/libzephyr.a(printk.c.obj)
                0x0000000020400b84                printk
 .text.z_thread_entry
                0x0000000020400bc0       0x24 zephyr/libzephyr.a(thread_entry.c.obj)
                0x0000000020400bc0                z_thread_entry
 .text.encode_uint
                0x0000000020400be4      0x15c zephyr/libzephyr.a(cbprintf_complete.c.obj)
 .text.outs     0x0000000020400d40       0x78 zephyr/libzephyr.a(cbprintf_complete.c.obj)
 .text.cbvprintf
                0x0000000020400db8      0xb0c zephyr/libzephyr.a(cbprintf_complete.c.obj)
                0x0000000020400db8                cbvprintf
 .text._ConfigAbsSyms
                0x00000000204018c4        0x4 zephyr/libzephyr.a(configs.c.obj)
                0x00000000204018c4                _ConfigAbsSyms
 .text.arch_cpu_idle
                0x00000000204018c8       0x24 zephyr/libzephyr.a(idle.c.obj)
                0x00000000204018c8                arch_cpu_idle
 .text.arch_irq_enable
                0x00000000204018ec       0x24 zephyr/libzephyr.a(soc_common_irq.c.obj)
                0x00000000204018ec                arch_irq_enable
 .text.arch_irq_priority_set
                0x0000000020401910       0x18 zephyr/libzephyr.a(soc_common_irq.c.obj)
                0x0000000020401910                arch_irq_priority_set
 .text.soc_interrupt_init
                0x0000000020401928       0x14 zephyr/libzephyr.a(soc_common_irq.c.obj)
                0x0000000020401928                soc_interrupt_init
 .text.sys_trace_idle
                0x000000002040193c        0x4 zephyr/libzephyr.a(tracing_none.c.obj)
                0x000000002040193c                sys_trace_idle
 .text.z_riscv_fatal_error
                0x0000000020401940        0xc zephyr/arch/arch/riscv/core/libarch__riscv__core.a(fatal.c.obj)
                0x0000000020401940                z_riscv_fatal_error
 .text._Fault   0x000000002040194c       0x30 zephyr/arch/arch/riscv/core/libarch__riscv__core.a(fatal.c.obj)
                0x000000002040194c                _Fault
 .text.z_irq_spurious
                0x000000002040197c       0x18 zephyr/arch/arch/riscv/core/libarch__riscv__core.a(irq_manage.c.obj)
                0x000000002040197c                z_irq_spurious
 .text._PrepC   0x0000000020401994       0x18 zephyr/arch/arch/riscv/core/libarch__riscv__core.a(prep_c.c.obj)
                0x0000000020401994                _PrepC
 .text.__initialize
                0x00000000204019ac       0x2c zephyr/arch/arch/riscv/core/libarch__riscv__core.a(reset.S.obj)
                0x00000000204019ac                __initialize
 .text.z_thread_entry_wrapper
                0x00000000204019d8        0x4 zephyr/arch/arch/riscv/core/libarch__riscv__core.a(swap.S.obj)
                0x00000000204019d8                z_thread_entry_wrapper
 .text.arch_new_thread
                0x00000000204019dc       0x38 zephyr/arch/arch/riscv/core/libarch__riscv__core.a(thread.c.obj)
                0x00000000204019dc                arch_new_thread
 .text.strlen   0x0000000020401a14       0x20 zephyr/lib/libc/minimal/liblib__libc__minimal.a(string.c.obj)
                0x0000000020401a14                strlen
 .text.strnlen  0x0000000020401a34       0x24 zephyr/lib/libc/minimal/liblib__libc__minimal.a(string.c.obj)
                0x0000000020401a34                strnlen
 .text.memcpy   0x0000000020401a58       0x24 zephyr/lib/libc/minimal/liblib__libc__minimal.a(string.c.obj)
                0x0000000020401a58                memcpy
 .text.memset   0x0000000020401a7c       0x20 zephyr/lib/libc/minimal/liblib__libc__minimal.a(string.c.obj)
                0x0000000020401a7c                memset
 .text.plic_init
                0x0000000020401a9c       0x54 zephyr/drivers/interrupt_controller/libdrivers__interrupt_controller.a(intc_plic.c.obj)
 .text.plic_irq_handler
                0x0000000020401af0       0x78 zephyr/drivers/interrupt_controller/libdrivers__interrupt_controller.a(intc_plic.c.obj)
 .text.riscv_plic_irq_enable
                0x0000000020401b68       0x38 zephyr/drivers/interrupt_controller/libdrivers__interrupt_controller.a(intc_plic.c.obj)
                0x0000000020401b68                riscv_plic_irq_enable
 .text.riscv_plic_set_priority
                0x0000000020401ba0       0x20 zephyr/drivers/interrupt_controller/libdrivers__interrupt_controller.a(intc_plic.c.obj)
                0x0000000020401ba0                riscv_plic_set_priority
 .text.mtime    0x0000000020401bc0       0x18 zephyr/drivers/timer/libdrivers__timer.a(riscv_machine_timer.c.obj)
 .text.timer_isr
                0x0000000020401bd8       0x68 zephyr/drivers/timer/libdrivers__timer.a(riscv_machine_timer.c.obj)
 .text.sys_clock_driver_init
                0x0000000020401c40       0x60 zephyr/drivers/timer/libdrivers__timer.a(riscv_machine_timer.c.obj)
 .text.sys_clock_set_timeout
                0x0000000020401ca0       0xdc zephyr/drivers/timer/libdrivers__timer.a(riscv_machine_timer.c.obj)
                0x0000000020401ca0                sys_clock_set_timeout
 .text.sys_clock_elapsed
                0x0000000020401d7c       0x40 zephyr/drivers/timer/libdrivers__timer.a(riscv_machine_timer.c.obj)
                0x0000000020401d7c                sys_clock_elapsed
 .text.arch_system_halt
                0x0000000020401dbc        0xc zephyr/kernel/libkernel.a(fatal.c.obj)
                0x0000000020401dbc                arch_system_halt
 .text.k_sys_fatal_error_handler
                0x0000000020401dc8        0xc zephyr/kernel/libkernel.a(fatal.c.obj)
                0x0000000020401dc8                k_sys_fatal_error_handler
 .text.z_fatal_error
                0x0000000020401dd4       0x5c zephyr/kernel/libkernel.a(fatal.c.obj)
                0x0000000020401dd4                z_fatal_error
 .text.init_idle_thread
                0x0000000020401e30       0x88 zephyr/kernel/libkernel.a(init.c.obj)
 .text.bg_thread_main
                0x0000000020401eb8       0x50 zephyr/kernel/libkernel.a(init.c.obj)
 .text.z_bss_zero
                0x0000000020401f08       0x20 zephyr/kernel/libkernel.a(init.c.obj)
                0x0000000020401f08                z_bss_zero
 .text.z_cstart
                0x0000000020401f28       0xd8 zephyr/kernel/libkernel.a(init.c.obj)
                0x0000000020401f28                z_cstart
 .text.z_setup_new_thread
                0x0000000020402000       0x84 zephyr/kernel/libkernel.a(thread.c.obj)
                0x0000000020402000                z_setup_new_thread
 .text.z_init_static_threads
                0x0000000020402084      0x128 zephyr/kernel/libkernel.a(thread.c.obj)
                0x0000000020402084                z_init_static_threads
 .text.idle     0x00000000204021ac       0x1c zephyr/kernel/libkernel.a(idle.c.obj)
                0x00000000204021ac                idle
 .text.sys_dlist_remove
                0x00000000204021c8       0x1c zephyr/kernel/libkernel.a(sched.c.obj)
 .text.unpend_thread_no_timeout
                0x00000000204021e4       0x34 zephyr/kernel/libkernel.a(sched.c.obj)
 .text.z_reset_time_slice
                0x0000000020402218       0x58 zephyr/kernel/libkernel.a(sched.c.obj)
                0x0000000020402218                z_reset_time_slice
 .text.k_sched_time_slice_set
                0x0000000020402270       0x98 zephyr/kernel/libkernel.a(sched.c.obj)
                0x0000000020402270                k_sched_time_slice_set
 .text.z_reschedule
                0x0000000020402308       0x34 zephyr/kernel/libkernel.a(sched.c.obj)
                0x0000000020402308                z_reschedule
 .text.z_reschedule_irqlock
                0x000000002040233c       0x20 zephyr/kernel/libkernel.a(sched.c.obj)
                0x000000002040233c                z_reschedule_irqlock
 .text.z_reschedule_unlocked
                0x000000002040235c       0x10 zephyr/kernel/libkernel.a(sched.c.obj)
 .text.k_sched_lock
                0x000000002040236c       0x28 zephyr/kernel/libkernel.a(sched.c.obj)
                0x000000002040236c                k_sched_lock
 .text.z_priq_dumb_best
                0x0000000020402394       0x14 zephyr/kernel/libkernel.a(sched.c.obj)
                0x0000000020402394                z_priq_dumb_best
 .text.update_cache
                0x00000000204023a8       0x84 zephyr/kernel/libkernel.a(sched.c.obj)
 .text.move_thread_to_end_of_prio_q
                0x000000002040242c       0xc0 zephyr/kernel/libkernel.a(sched.c.obj)
 .text.z_time_slice
                0x00000000204024ec       0xa0 zephyr/kernel/libkernel.a(sched.c.obj)
                0x00000000204024ec                z_time_slice
 .text.ready_thread
                0x000000002040258c       0xa0 zephyr/kernel/libkernel.a(sched.c.obj)
 .text.z_ready_thread
                0x000000002040262c       0x30 zephyr/kernel/libkernel.a(sched.c.obj)
                0x000000002040262c                z_ready_thread
 .text.z_sched_start
                0x000000002040265c       0x50 zephyr/kernel/libkernel.a(sched.c.obj)
                0x000000002040265c                z_sched_start
 .text.z_thread_timeout
                0x00000000204026ac       0x6c zephyr/kernel/libkernel.a(sched.c.obj)
                0x00000000204026ac                z_thread_timeout
 .text.k_sched_unlock
                0x0000000020402718       0x48 zephyr/kernel/libkernel.a(sched.c.obj)
                0x0000000020402718                k_sched_unlock
 .text.z_sched_init
                0x0000000020402760       0x24 zephyr/kernel/libkernel.a(sched.c.obj)
                0x0000000020402760                z_sched_init
 .text.z_impl_z_current_get
                0x0000000020402784        0xc zephyr/kernel/libkernel.a(sched.c.obj)
                0x0000000020402784                z_impl_z_current_get
 .text.z_thread_abort
                0x0000000020402790       0xf4 zephyr/kernel/libkernel.a(sched.c.obj)
                0x0000000020402790                z_thread_abort
 .text.z_impl_k_thread_abort
                0x0000000020402884        0x4 zephyr/kernel/libkernel.a(sched.c.obj)
                0x0000000020402884                z_impl_k_thread_abort
 .text.z_data_copy
                0x0000000020402888       0x24 zephyr/kernel/libkernel.a(xip.c.obj)
                0x0000000020402888                z_data_copy
 .text.elapsed  0x00000000204028ac       0x18 zephyr/kernel/libkernel.a(timeout.c.obj)
 .text.next_timeout
                0x00000000204028c4       0x8c zephyr/kernel/libkernel.a(timeout.c.obj)
 .text.remove_timeout
                0x0000000020402950       0x54 zephyr/kernel/libkernel.a(timeout.c.obj)
 .text.z_add_timeout
                0x00000000204029a4      0x1ac zephyr/kernel/libkernel.a(timeout.c.obj)
                0x00000000204029a4                z_add_timeout
 .text.z_abort_timeout
                0x0000000020402b50       0x44 zephyr/kernel/libkernel.a(timeout.c.obj)
                0x0000000020402b50                z_abort_timeout
 .text.z_set_timeout_expiry
                0x0000000020402b94       0x58 zephyr/kernel/libkernel.a(timeout.c.obj)
                0x0000000020402b94                z_set_timeout_expiry
 .text.sys_clock_announce
                0x0000000020402bec      0x138 zephyr/kernel/libkernel.a(timeout.c.obj)
                0x0000000020402bec                sys_clock_announce
 .text.boot_banner
                0x0000000020402d24        0x4 zephyr/kernel/libkernel.a(banner.c.obj)
                0x0000000020402d24                boot_banner
 .text.z_device_state_init
                0x0000000020402d28        0x4 zephyr/kernel/libkernel.a(device.c.obj)
                0x0000000020402d28                z_device_state_init
 .text.z_sys_init_run_level
                0x0000000020402d2c       0xa8 zephyr/kernel/libkernel.a(device.c.obj)
                0x0000000020402d2c                z_sys_init_run_level
 *(SORT_BY_ALIGNMENT(.gnu.linkonce.t.*))
                0x0000000020402dd4                __text_region_end = .
                0x0000000020402dd4                __rodata_region_start = .

initlevel       0x0000000020402dd4       0x10
                0x0000000020402dd4                __init_start = .
                0x0000000020402dd4                __init_PRE_KERNEL_1_start = .
 *(SORT_BY_NAME(SORT_BY_ALIGNMENT(.z_init_PRE_KERNEL_1[0-9]_*)))
 *(SORT_BY_NAME(SORT_BY_ALIGNMENT(.z_init_PRE_KERNEL_1[1-9][0-9]_*)))
 .z_init_PRE_KERNEL_140_
                0x0000000020402dd4        0x8 zephyr/drivers/interrupt_controller/libdrivers__interrupt_controller.a(intc_plic.c.obj)
                0x0000000020402ddc                __init_PRE_KERNEL_2_start = .
 *(SORT_BY_NAME(SORT_BY_ALIGNMENT(.z_init_PRE_KERNEL_2[0-9]_*)))
 .z_init_PRE_KERNEL_20_
                0x0000000020402ddc        0x8 zephyr/drivers/timer/libdrivers__timer.a(riscv_machine_timer.c.obj)
 *(SORT_BY_NAME(SORT_BY_ALIGNMENT(.z_init_PRE_KERNEL_2[1-9][0-9]_*)))
                0x0000000020402de4                __init_POST_KERNEL_start = .
 *(SORT_BY_NAME(SORT_BY_ALIGNMENT(.z_init_POST_KERNEL[0-9]_*)))
 *(SORT_BY_NAME(SORT_BY_ALIGNMENT(.z_init_POST_KERNEL[1-9][0-9]_*)))
                0x0000000020402de4                __init_APPLICATION_start = .
 *(SORT_BY_NAME(SORT_BY_ALIGNMENT(.z_init_APPLICATION[0-9]_*)))
 *(SORT_BY_NAME(SORT_BY_ALIGNMENT(.z_init_APPLICATION[1-9][0-9]_*)))
                0x0000000020402de4                __init_SMP_start = .
 *(SORT_BY_NAME(SORT_BY_ALIGNMENT(.z_init_SMP[0-9]_*)))
 *(SORT_BY_NAME(SORT_BY_ALIGNMENT(.z_init_SMP[1-9][0-9]_*)))
                0x0000000020402de4                __init_end = .

devices         0x0000000020402de4        0x0
                0x0000000020402de4                __device_start = .
                0x0000000020402de4                __device_PRE_KERNEL_1_start = .
 *(SORT_BY_NAME(SORT_BY_ALIGNMENT(.z_device_PRE_KERNEL_1[0-9]_*)))
 *(SORT_BY_NAME(SORT_BY_ALIGNMENT(.z_device_PRE_KERNEL_1[1-9][0-9]_*)))
                0x0000000020402de4                __device_PRE_KERNEL_2_start = .
 *(SORT_BY_NAME(SORT_BY_ALIGNMENT(.z_device_PRE_KERNEL_2[0-9]_*)))
 *(SORT_BY_NAME(SORT_BY_ALIGNMENT(.z_device_PRE_KERNEL_2[1-9][0-9]_*)))
                0x0000000020402de4                __device_POST_KERNEL_start = .
 *(SORT_BY_NAME(SORT_BY_ALIGNMENT(.z_device_POST_KERNEL[0-9]_*)))
 *(SORT_BY_NAME(SORT_BY_ALIGNMENT(.z_device_POST_KERNEL[1-9][0-9]_*)))
                0x0000000020402de4                __device_APPLICATION_start = .
 *(SORT_BY_NAME(SORT_BY_ALIGNMENT(.z_device_APPLICATION[0-9]_*)))
 *(SORT_BY_NAME(SORT_BY_ALIGNMENT(.z_device_APPLICATION[1-9][0-9]_*)))
                0x0000000020402de4                __device_SMP_start = .
 *(SORT_BY_NAME(SORT_BY_ALIGNMENT(.z_device_SMP[0-9]_*)))
 *(SORT_BY_NAME(SORT_BY_ALIGNMENT(.z_device_SMP[1-9][0-9]_*)))
                0x0000000020402de4                __device_end = .

sw_isr_table    0x0000000020402de4      0x200
                0x0000000020402de4                . = ALIGN (0x0)
 *(SORT_BY_ALIGNMENT(.gnu.linkonce.sw_isr_table*))
 .gnu.linkonce.sw_isr_table
                0x0000000020402de4      0x200 zephyr/CMakeFiles/zephyr_final.dir/isr_tables.c.obj
                0x0000000020402de4                _sw_isr_table

initlevel_error
                0x0000000020402dd4        0x0
 *(SORT_BY_NAME(SORT_BY_ALIGNMENT(.z_init_[_A-Z0-9]*)))
                0x0000000000000001                ASSERT ((SIZEOF (initlevel_error) == 0x0), Undefined initialization levels used.)

app_shmem_regions
                0x0000000020402fe4        0x0
                0x0000000020402fe4                __app_shmem_regions_start = .
 *(SORT_BY_NAME(SORT_BY_ALIGNMENT(.app_regions.*)))
                0x0000000020402fe4                __app_shmem_regions_end = .

bt_l2cap_fixed_chan_area
                0x0000000020402fe4        0x0
                0x0000000020402fe4                _bt_l2cap_fixed_chan_list_start = .
 *(SORT_BY_NAME(SORT_BY_ALIGNMENT(._bt_l2cap_fixed_chan.static.*)))
                0x0000000020402fe4                _bt_l2cap_fixed_chan_list_end = .

bt_gatt_service_static_area
                0x0000000020402fe4        0x0
                0x0000000020402fe4                _bt_gatt_service_static_list_start = .
 *(SORT_BY_NAME(SORT_BY_ALIGNMENT(._bt_gatt_service_static.static.*)))
                0x0000000020402fe4                _bt_gatt_service_static_list_end = .

k_p4wq_initparam_area
                0x0000000020402fe4        0x0
                0x0000000020402fe4                _k_p4wq_initparam_list_start = .
 *(SORT_BY_NAME(SORT_BY_ALIGNMENT(._k_p4wq_initparam.static.*)))
                0x0000000020402fe4                _k_p4wq_initparam_list_end = .

log_strings_sections
                0x0000000020402fe4        0x0
                0x0000000020402fe4                __log_strings_start = .
 *(SORT_BY_NAME(SORT_BY_ALIGNMENT(.log_strings*)))
                0x0000000020402fe4                __log_strings_end = .

log_const_sections
                0x0000000020402fe4        0x0
                0x0000000020402fe4                __log_const_start = .
 *(SORT_BY_NAME(SORT_BY_ALIGNMENT(.log_const_*)))
                0x0000000020402fe4                __log_const_end = .

log_backends_sections
                0x0000000020402fe4        0x0
                0x0000000020402fe4                __log_backends_start = .
 *(SORT_BY_ALIGNMENT(._log_backend.*))
                0x0000000020402fe4                __log_backends_end = .

shell_area      0x0000000020402fe4        0x0
                0x0000000020402fe4                _shell_list_start = .
 *(SORT_BY_NAME(SORT_BY_ALIGNMENT(._shell.static.*)))
                0x0000000020402fe4                _shell_list_end = .

shell_root_cmds_sections
                0x0000000020402fe4        0x0
                0x0000000020402fe4                __shell_root_cmds_start = .
 *(SORT_BY_NAME(SORT_BY_ALIGNMENT(.shell_root_cmd_*)))
                0x0000000020402fe4                __shell_root_cmds_end = .

font_entry_sections
                0x0000000020402fe4        0x0
                0x0000000020402fe4                __font_entry_start = .
 *(SORT_BY_NAME(SORT_BY_ALIGNMENT(._cfb_font.*)))
                0x0000000020402fe4                __font_entry_end = .

tracing_backend_area
                0x0000000020402fe4        0x0
                0x0000000020402fe4                _tracing_backend_list_start = .
 *(SORT_BY_NAME(SORT_BY_ALIGNMENT(._tracing_backend.static.*)))
                0x0000000020402fe4                _tracing_backend_list_end = .

zephyr_dbg_info
 *(SORT_BY_ALIGNMENT(.dbg_thread_info))

device_handles  0x0000000020402fe4        0x0
                0x0000000020402fe4                __device_handles_start = .
 *(SORT_BY_NAME(SORT_BY_ALIGNMENT(.__device_handles_pass2*)))
                0x0000000020402fe4                __device_handles_end = .

rodata          0x0000000020402fe4      0x240
                0x0000000020402fe4                . = ALIGN (0x4)
 *(SORT_BY_ALIGNMENT(.srodata))
 *(SORT_BY_ALIGNMENT(.srodata.*))
 .srodata._k_neg_eagain
                0x0000000020402fe4        0x4 zephyr/kernel/libkernel.a(errno.c.obj)
                0x0000000020402fe4                _k_neg_eagain
 *(SORT_BY_ALIGNMENT(.rodata))
 .rodata        0x0000000020402fe8      0x100 /home/arachidi/zephyr-sdk-0.13.2/riscv64-zephyr-elf/bin/../lib/gcc/riscv64-zephyr-elf/10.3.0/libgcc.a(_clz.o)
                0x0000000020402fe8                __clz_tab
 *(SORT_BY_ALIGNMENT(.rodata.*))
 .rodata.main.str1.4
                0x00000000204030e8       0x19 app/libapp.a(main.c.obj)
 *fill*         0x0000000020403101        0x3 
 .rodata.cbvprintf.str1.4
                0x0000000020403104        0x6 zephyr/libzephyr.a(cbprintf_complete.c.obj)
 *fill*         0x000000002040310a        0x2 
 .rodata.cbvprintf
                0x000000002040310c       0xfc zephyr/libzephyr.a(cbprintf_complete.c.obj)
 .rodata.z_cstart.str1.4
                0x0000000020403208        0x5 zephyr/kernel/libkernel.a(init.c.obj)
 *fill*         0x000000002040320d        0x3 
 .rodata.levels.0
                0x0000000020403210       0x14 zephyr/kernel/libkernel.a(device.c.obj)
 *(SORT_BY_ALIGNMENT(.gnu.linkonce.r.*))
 *(SORT_BY_ALIGNMENT(.sdata2) SORT_BY_ALIGNMENT(.sdata2.*) SORT_BY_ALIGNMENT(.gnu.linkonce.s2.*))
                0x0000000020403224                . = ALIGN (0x4)
                0x0000000020403224                __rodata_region_end = .

bss             0x0000000080000000      0x14c
                0x0000000080000000                . = ALIGN (0x4)
                0x0000000080000000                __bss_start = .
                0x0000000080000000                _image_ram_start = .
                0x0000000080000000                __kernel_ram_start = .
 *(SORT_BY_ALIGNMENT(.sbss))
 *(SORT_BY_ALIGNMENT(.sbss.*))
 .sbss.last_count
                0x0000000080000000        0x8 zephyr/drivers/timer/libdrivers__timer.a(riscv_machine_timer.c.obj)
 .sbss.curr_tick
                0x0000000080000008        0x8 zephyr/kernel/libkernel.a(timeout.c.obj)
 .sbss.save_irq
                0x0000000080000010        0x4 zephyr/drivers/interrupt_controller/libdrivers__interrupt_controller.a(intc_plic.c.obj)
 .sbss.slice_max_prio
                0x0000000080000014        0x4 zephyr/kernel/libkernel.a(sched.c.obj)
 .sbss.slice_time
                0x0000000080000018        0x4 zephyr/kernel/libkernel.a(sched.c.obj)
 .sbss.announce_remaining
                0x000000008000001c        0x4 zephyr/kernel/libkernel.a(timeout.c.obj)
 .sbss.z_sys_post_kernel
                0x0000000080000020        0x1 zephyr/kernel/libkernel.a(init.c.obj)
                0x0000000080000020                z_sys_post_kernel
 *(SORT_BY_ALIGNMENT(.bss))
 *(SORT_BY_ALIGNMENT(.bss.*))
 *fill*         0x0000000080000021        0x7 
 .bss.z_idle_threads
                0x0000000080000028       0x80 zephyr/kernel/libkernel.a(init.c.obj)
                0x0000000080000028                z_idle_threads
 .bss.z_main_thread
                0x00000000800000a8       0x80 zephyr/kernel/libkernel.a(init.c.obj)
                0x00000000800000a8                z_main_thread
 .bss._kernel   0x0000000080000128       0x24 zephyr/kernel/libkernel.a(init.c.obj)
                0x0000000080000128                _kernel
 .bss.sched_spinlock
                0x000000008000014c        0x0 zephyr/kernel/libkernel.a(sched.c.obj)
                0x000000008000014c                sched_spinlock
 *(SORT_BY_ALIGNMENT(COMMON))
                0x000000008000014c                __bss_end = ALIGN (0x4)

noinit          0x0000000080000150      0xe00
 *(SORT_BY_ALIGNMENT(.noinit))
 *(SORT_BY_ALIGNMENT(.noinit.*))
 .noinit."WEST_TOPDIR/zephyr/kernel/init.c".0
                0x0000000080000150      0x400 zephyr/kernel/libkernel.a(init.c.obj)
                0x0000000080000150                z_main_stack
 .noinit."WEST_TOPDIR/zephyr/kernel/init.c".1
                0x0000000080000550      0x200 zephyr/kernel/libkernel.a(init.c.obj)
 .noinit."WEST_TOPDIR/zephyr/kernel/init.c".2
                0x0000000080000750      0x800 zephyr/kernel/libkernel.a(init.c.obj)
                0x0000000080000750                z_interrupt_stacks

datas           0x0000000080000f50        0xc load address 0x0000000020403224
                0x0000000080000f50                . = ALIGN (0x4)
                0x0000000080000f50                __data_region_start = .
                0x0000000080000f50                __data_start = .
 *(SORT_BY_ALIGNMENT(.data))
 *(SORT_BY_ALIGNMENT(.data.*))
                0x0000000080000f50                . = ALIGN (0x8)
                0x0000000080001750                PROVIDE (__global_pointer$ = (. + 0x800))
 *(SORT_BY_ALIGNMENT(.sdata) SORT_BY_ALIGNMENT(.sdata.*) SORT_BY_ALIGNMENT(.gnu.linkonce.s.*))
 .sdata._char_out
                0x0000000080000f50        0x4 zephyr/libzephyr.a(printk.c.obj)
                0x0000000080000f50                _char_out
 .sdata.timeout_list
                0x0000000080000f54        0x8 zephyr/kernel/libkernel.a(timeout.c.obj)
                0x0000000080000f5c                __data_end = .
                0x000000000000000c                __data_size = (__data_end - __data_start)
                0x0000000020403224                __data_load_start = LOADADDR (datas)
                0x0000000020403224                __data_region_load_start = LOADADDR (datas)

device_states   0x0000000080000f5c        0x0 load address 0x0000000020403230
                0x0000000080000f5c                __device_states_start = .
 *(SORT_BY_ALIGNMENT(.z_devstate))
 *(SORT_BY_ALIGNMENT(.z_devstate.*))
                0x0000000080000f5c                __device_states_end = .

initshell       0x0000000080000f5c        0x0 load address 0x0000000020403230
                0x0000000080000f5c                __shell_module_start = .
 *(SORT_BY_ALIGNMENT(.shell_module_*))
                0x0000000080000f5c                __shell_module_end = .
                0x0000000080000f5c                __shell_cmd_start = .
 *(SORT_BY_ALIGNMENT(.shell_cmd_*))
                0x0000000080000f5c                __shell_cmd_end = .

log_dynamic_sections
                0x0000000080000f5c        0x0 load address 0x0000000020403230
                0x0000000080000f5c                __log_dynamic_start = .
 *(SORT_BY_NAME(SORT_BY_ALIGNMENT(.log_dynamic_*)))
                0x0000000080000f5c                __log_dynamic_end = .

_static_thread_data_area
                0x0000000080000f5c        0x0 load address 0x0000000020403230
                0x0000000080000f5c                __static_thread_data_list_start = .
 *(SORT_BY_NAME(SORT_BY_ALIGNMENT(.__static_thread_data.static.*)))
                0x0000000080000f5c                __static_thread_data_list_end = .

k_timer_area    0x0000000080000f5c        0x0 load address 0x0000000020403230
                0x0000000080000f5c                _k_timer_list_start = .
 *(SORT_BY_NAME(SORT_BY_ALIGNMENT(._k_timer.static.*)))
                0x0000000080000f5c                _k_timer_list_end = .

k_mem_slab_area
                0x0000000080000f5c        0x0 load address 0x0000000020403230
                0x0000000080000f5c                _k_mem_slab_list_start = .
 *(SORT_BY_NAME(SORT_BY_ALIGNMENT(._k_mem_slab.static.*)))
                0x0000000080000f5c                _k_mem_slab_list_end = .

k_mem_pool_area
                0x0000000080000f5c        0x0 load address 0x0000000020403230
                0x0000000080000f5c                _k_mem_pool_list_start = .
 *(SORT_BY_NAME(SORT_BY_ALIGNMENT(._k_mem_pool.static.*)))
                0x0000000080000f5c                _k_mem_pool_list_end = .

k_heap_area     0x0000000080000f5c        0x0 load address 0x0000000020403230
                0x0000000080000f5c                _k_heap_list_start = .
 *(SORT_BY_NAME(SORT_BY_ALIGNMENT(._k_heap.static.*)))
                0x0000000080000f5c                _k_heap_list_end = .

k_mutex_area    0x0000000080000f5c        0x0 load address 0x0000000020403230
                0x0000000080000f5c                _k_mutex_list_start = .
 *(SORT_BY_NAME(SORT_BY_ALIGNMENT(._k_mutex.static.*)))
                0x0000000080000f5c                _k_mutex_list_end = .

k_stack_area    0x0000000080000f5c        0x0 load address 0x0000000020403230
                0x0000000080000f5c                _k_stack_list_start = .
 *(SORT_BY_NAME(SORT_BY_ALIGNMENT(._k_stack.static.*)))
                0x0000000080000f5c                _k_stack_list_end = .

k_msgq_area     0x0000000080000f5c        0x0 load address 0x0000000020403230
                0x0000000080000f5c                _k_msgq_list_start = .
 *(SORT_BY_NAME(SORT_BY_ALIGNMENT(._k_msgq.static.*)))
                0x0000000080000f5c                _k_msgq_list_end = .

k_mbox_area     0x0000000080000f5c        0x0 load address 0x0000000020403230
                0x0000000080000f5c                _k_mbox_list_start = .
 *(SORT_BY_NAME(SORT_BY_ALIGNMENT(._k_mbox.static.*)))
                0x0000000080000f5c                _k_mbox_list_end = .

k_pipe_area     0x0000000080000f5c        0x0 load address 0x0000000020403230
                0x0000000080000f5c                _k_pipe_list_start = .
 *(SORT_BY_NAME(SORT_BY_ALIGNMENT(._k_pipe.static.*)))
                0x0000000080000f5c                _k_pipe_list_end = .

k_sem_area      0x0000000080000f5c        0x0 load address 0x0000000020403230
                0x0000000080000f5c                _k_sem_list_start = .
 *(SORT_BY_NAME(SORT_BY_ALIGNMENT(._k_sem.static.*)))
                0x0000000080000f5c                _k_sem_list_end = .

k_event_area    0x0000000080000f5c        0x0 load address 0x0000000020403230
                0x0000000080000f5c                _k_event_list_start = .
 *(SORT_BY_NAME(SORT_BY_ALIGNMENT(._k_event.static.*)))
                0x0000000080000f5c                _k_event_list_end = .

k_queue_area    0x0000000080000f5c        0x0 load address 0x0000000020403230
                0x0000000080000f5c                _k_queue_list_start = .
 *(SORT_BY_NAME(SORT_BY_ALIGNMENT(._k_queue.static.*)))
                0x0000000080000f5c                _k_queue_list_end = .

k_condvar_area  0x0000000080000f5c        0x0 load address 0x0000000020403230
                0x0000000080000f5c                _k_condvar_list_start = .
 *(SORT_BY_NAME(SORT_BY_ALIGNMENT(._k_condvar.static.*)))
                0x0000000080000f5c                _k_condvar_list_end = .

_net_buf_pool_area
                0x0000000080000f5c        0x0 load address 0x0000000020403230
                0x0000000080000f5c                _net_buf_pool_list = .
 *(SORT_BY_NAME(SORT_BY_ALIGNMENT(._net_buf_pool.static.*)))
                0x0000000080000f5c                __data_region_end = .
                0x0000000080000f5c                _image_ram_end = .
                0x0000000080000f5c                _end = .
                0x0000000080000f5c                __kernel_ram_end = .
                0x0000000000000f5c                __kernel_ram_size = (__kernel_ram_end - __kernel_ram_start)

/DISCARD/
 *(SORT_BY_ALIGNMENT(.irq_info*))
 *(SORT_BY_ALIGNMENT(.intList*))
 *(SORT_BY_ALIGNMENT(.note.GNU-stack))

.stab
 *(SORT_BY_ALIGNMENT(.stab))

.stabstr
 *(SORT_BY_ALIGNMENT(.stabstr))

.stab.excl
 *(SORT_BY_ALIGNMENT(.stab.excl))

.stab.exclstr
 *(SORT_BY_ALIGNMENT(.stab.exclstr))

.stab.index
 *(SORT_BY_ALIGNMENT(.stab.index))

.stab.indexstr
 *(SORT_BY_ALIGNMENT(.stab.indexstr))

.gnu.build.attributes
 *(SORT_BY_ALIGNMENT(.gnu.build.attributes) SORT_BY_ALIGNMENT(.gnu.build.attributes.*))

.comment        0x0000000000000000       0x2e
 *(SORT_BY_ALIGNMENT(.comment))
 .comment       0x0000000000000000       0x2e zephyr/CMakeFiles/zephyr_final.dir/isr_tables.c.obj
                                         0x2f (size before relaxing)
 .comment       0x000000000000002e       0x2f zephyr/CMakeFiles/offsets.dir/./arch/riscv/core/offsets/offsets.c.obj
 .comment       0x000000000000002e       0x2f app/libapp.a(main.c.obj)
 .comment       0x000000000000002e       0x2f zephyr/libzephyr.a(printk.c.obj)
 .comment       0x000000000000002e       0x2f zephyr/libzephyr.a(thread_entry.c.obj)
 .comment       0x000000000000002e       0x2f zephyr/libzephyr.a(cbprintf_complete.c.obj)
 .comment       0x000000000000002e       0x2f zephyr/libzephyr.a(configs.c.obj)
 .comment       0x000000000000002e       0x2f zephyr/libzephyr.a(idle.c.obj)
 .comment       0x000000000000002e       0x2f zephyr/libzephyr.a(soc_common_irq.c.obj)
 .comment       0x000000000000002e       0x2f zephyr/libzephyr.a(tracing_none.c.obj)
 .comment       0x000000000000002e       0x2f zephyr/arch/arch/riscv/core/libarch__riscv__core.a(fatal.c.obj)
 .comment       0x000000000000002e       0x2f zephyr/arch/arch/riscv/core/libarch__riscv__core.a(irq_manage.c.obj)
 .comment       0x000000000000002e       0x2f zephyr/arch/arch/riscv/core/libarch__riscv__core.a(prep_c.c.obj)
 .comment       0x000000000000002e       0x2f zephyr/arch/arch/riscv/core/libarch__riscv__core.a(thread.c.obj)
 .comment       0x000000000000002e       0x2f zephyr/lib/libc/minimal/liblib__libc__minimal.a(string.c.obj)
 .comment       0x000000000000002e       0x2f zephyr/drivers/interrupt_controller/libdrivers__interrupt_controller.a(intc_plic.c.obj)
 .comment       0x000000000000002e       0x2f zephyr/drivers/timer/libdrivers__timer.a(riscv_machine_timer.c.obj)
 .comment       0x000000000000002e       0x2f zephyr/kernel/libkernel.a(errno.c.obj)
 .comment       0x000000000000002e       0x2f zephyr/kernel/libkernel.a(fatal.c.obj)
 .comment       0x000000000000002e       0x2f zephyr/kernel/libkernel.a(init.c.obj)
 .comment       0x000000000000002e       0x2f zephyr/kernel/libkernel.a(thread.c.obj)
 .comment       0x000000000000002e       0x2f zephyr/kernel/libkernel.a(idle.c.obj)
 .comment       0x000000000000002e       0x2f zephyr/kernel/libkernel.a(sched.c.obj)
 .comment       0x000000000000002e       0x2f zephyr/kernel/libkernel.a(xip.c.obj)
 .comment       0x000000000000002e       0x2f zephyr/kernel/libkernel.a(timeout.c.obj)
 .comment       0x000000000000002e       0x2f zephyr/kernel/libkernel.a(banner.c.obj)
 .comment       0x000000000000002e       0x2f zephyr/kernel/libkernel.a(device.c.obj)

.debug
 *(SORT_BY_ALIGNMENT(.debug))

.line
 *(SORT_BY_ALIGNMENT(.line))

.debug_srcinfo
 *(SORT_BY_ALIGNMENT(.debug_srcinfo))

.debug_sfnames
 *(SORT_BY_ALIGNMENT(.debug_sfnames))

.debug_aranges  0x0000000000000000      0x8d0
 *(SORT_BY_ALIGNMENT(.debug_aranges))
 .debug_aranges
                0x0000000000000000       0x28 zephyr/libzephyr.a(soc_irq.S.obj)
 .debug_aranges
                0x0000000000000028       0x20 zephyr/libzephyr.a(vector.S.obj)
 .debug_aranges
                0x0000000000000048       0x20 zephyr/arch/arch/riscv/core/libarch__riscv__core.a(isr.S.obj)
 .debug_aranges
                0x0000000000000068       0x28 zephyr/arch/arch/riscv/core/libarch__riscv__core.a(reset.S.obj)
 .debug_aranges
                0x0000000000000090       0x28 zephyr/arch/arch/riscv/core/libarch__riscv__core.a(swap.S.obj)
 .debug_aranges
                0x00000000000000b8       0x18 zephyr/CMakeFiles/zephyr_final.dir/isr_tables.c.obj
 .debug_aranges
                0x00000000000000d0       0x20 zephyr/CMakeFiles/offsets.dir/./arch/riscv/core/offsets/offsets.c.obj
 .debug_aranges
                0x00000000000000f0       0x20 app/libapp.a(main.c.obj)
 .debug_aranges
                0x0000000000000110       0x68 zephyr/libzephyr.a(printk.c.obj)
 .debug_aranges
                0x0000000000000178       0x20 zephyr/libzephyr.a(thread_entry.c.obj)
 .debug_aranges
                0x0000000000000198       0x30 zephyr/libzephyr.a(cbprintf_complete.c.obj)
 .debug_aranges
                0x00000000000001c8       0x20 zephyr/libzephyr.a(configs.c.obj)
 .debug_aranges
                0x00000000000001e8       0x28 zephyr/libzephyr.a(idle.c.obj)
 .debug_aranges
                0x0000000000000210       0x40 zephyr/libzephyr.a(soc_common_irq.c.obj)
 .debug_aranges
                0x0000000000000250       0x20 zephyr/libzephyr.a(tracing_none.c.obj)
 .debug_aranges
                0x0000000000000270       0x28 zephyr/arch/arch/riscv/core/libarch__riscv__core.a(fatal.c.obj)
 .debug_aranges
                0x0000000000000298       0x20 zephyr/arch/arch/riscv/core/libarch__riscv__core.a(irq_manage.c.obj)
 .debug_aranges
                0x00000000000002b8       0x20 zephyr/arch/arch/riscv/core/libarch__riscv__core.a(prep_c.c.obj)
 .debug_aranges
                0x00000000000002d8       0x20 zephyr/arch/arch/riscv/core/libarch__riscv__core.a(thread.c.obj)
 .debug_aranges
                0x00000000000002f8       0x98 zephyr/lib/libc/minimal/liblib__libc__minimal.a(string.c.obj)
 .debug_aranges
                0x0000000000000390       0x50 zephyr/drivers/interrupt_controller/libdrivers__interrupt_controller.a(intc_plic.c.obj)
 .debug_aranges
                0x00000000000003e0       0x50 zephyr/drivers/timer/libdrivers__timer.a(riscv_machine_timer.c.obj)
 .debug_aranges
                0x0000000000000430       0x20 zephyr/kernel/libkernel.a(errno.c.obj)
 .debug_aranges
                0x0000000000000450       0x58 zephyr/kernel/libkernel.a(fatal.c.obj)
 .debug_aranges
                0x00000000000004a8       0x40 zephyr/kernel/libkernel.a(init.c.obj)
 .debug_aranges
                0x00000000000004e8       0xb0 zephyr/kernel/libkernel.a(thread.c.obj)
 .debug_aranges
                0x0000000000000598       0x28 zephyr/kernel/libkernel.a(idle.c.obj)
 .debug_aranges
                0x00000000000005c0      0x1e0 zephyr/kernel/libkernel.a(sched.c.obj)
 .debug_aranges
                0x00000000000007a0       0x20 zephyr/kernel/libkernel.a(xip.c.obj)
 .debug_aranges
                0x00000000000007c0       0x98 zephyr/kernel/libkernel.a(timeout.c.obj)
 .debug_aranges
                0x0000000000000858       0x20 zephyr/kernel/libkernel.a(banner.c.obj)
 .debug_aranges
                0x0000000000000878       0x58 zephyr/kernel/libkernel.a(device.c.obj)

.debug_pubnames
 *(SORT_BY_ALIGNMENT(.debug_pubnames))

.debug_info     0x0000000000000000    0x15b11
 *(SORT_BY_ALIGNMENT(.debug_info) SORT_BY_ALIGNMENT(.gnu.linkonce.wi.*))
 .debug_info    0x0000000000000000       0xf0 zephyr/CMakeFiles/zephyr_final.dir/isr_tables.c.obj
 .debug_info    0x00000000000000f0       0x93 zephyr/CMakeFiles/offsets.dir/./arch/riscv/core/offsets/offsets.c.obj
 .debug_info    0x0000000000000183       0xc0 app/libapp.a(main.c.obj)
 .debug_info    0x0000000000000243      0x4cf zephyr/libzephyr.a(printk.c.obj)
 .debug_info    0x0000000000000712      0x5d8 zephyr/libzephyr.a(thread_entry.c.obj)
 .debug_info    0x0000000000000cea      0xefc zephyr/libzephyr.a(cbprintf_complete.c.obj)
 .debug_info    0x0000000000001be6       0x38 zephyr/libzephyr.a(configs.c.obj)
 .debug_info    0x0000000000001c1e      0x1a6 zephyr/libzephyr.a(idle.c.obj)
 .debug_info    0x0000000000001dc4       0x22 zephyr/libzephyr.a(soc_irq.S.obj)
 .debug_info    0x0000000000001de6      0x3ab zephyr/libzephyr.a(soc_common_irq.c.obj)
 .debug_info    0x0000000000002191       0x26 zephyr/libzephyr.a(vector.S.obj)
 .debug_info    0x00000000000021b7       0xb1 zephyr/libzephyr.a(tracing_none.c.obj)
 .debug_info    0x0000000000002268     0x4bee zephyr/arch/arch/riscv/core/libarch__riscv__core.a(fatal.c.obj)
 .debug_info    0x0000000000006e56      0xc85 zephyr/arch/arch/riscv/core/libarch__riscv__core.a(irq_manage.c.obj)
 .debug_info    0x0000000000007adb       0x26 zephyr/arch/arch/riscv/core/libarch__riscv__core.a(isr.S.obj)
 .debug_info    0x0000000000007b01       0xec zephyr/arch/arch/riscv/core/libarch__riscv__core.a(prep_c.c.obj)
 .debug_info    0x0000000000007bed       0x22 zephyr/arch/arch/riscv/core/libarch__riscv__core.a(reset.S.obj)
 .debug_info    0x0000000000007c0f       0x22 zephyr/arch/arch/riscv/core/libarch__riscv__core.a(swap.S.obj)
 .debug_info    0x0000000000007c31      0x6a9 zephyr/arch/arch/riscv/core/libarch__riscv__core.a(thread.c.obj)
 .debug_info    0x00000000000082da      0x640 zephyr/lib/libc/minimal/liblib__libc__minimal.a(string.c.obj)
 .debug_info    0x000000000000891a      0x5b1 zephyr/drivers/interrupt_controller/libdrivers__interrupt_controller.a(intc_plic.c.obj)
 .debug_info    0x0000000000008ecb      0x847 zephyr/drivers/timer/libdrivers__timer.a(riscv_machine_timer.c.obj)
 .debug_info    0x0000000000009712      0x619 zephyr/kernel/libkernel.a(errno.c.obj)
 .debug_info    0x0000000000009d2b     0x1ad3 zephyr/kernel/libkernel.a(fatal.c.obj)
 .debug_info    0x000000000000b7fe      0xc18 zephyr/kernel/libkernel.a(init.c.obj)
 .debug_info    0x000000000000c416     0x2016 zephyr/kernel/libkernel.a(thread.c.obj)
 .debug_info    0x000000000000e42c      0x227 zephyr/kernel/libkernel.a(idle.c.obj)
 .debug_info    0x000000000000e653     0x52a5 zephyr/kernel/libkernel.a(sched.c.obj)
 .debug_info    0x00000000000138f8       0xdc zephyr/kernel/libkernel.a(xip.c.obj)
 .debug_info    0x00000000000139d4     0x1901 zephyr/kernel/libkernel.a(timeout.c.obj)
 .debug_info    0x00000000000152d5       0xca zephyr/kernel/libkernel.a(banner.c.obj)
 .debug_info    0x000000000001539f      0x772 zephyr/kernel/libkernel.a(device.c.obj)

.debug_abbrev   0x0000000000000000     0x3a56
 *(SORT_BY_ALIGNMENT(.debug_abbrev))
 .debug_abbrev  0x0000000000000000       0xb0 zephyr/CMakeFiles/zephyr_final.dir/isr_tables.c.obj
 .debug_abbrev  0x00000000000000b0       0x44 zephyr/CMakeFiles/offsets.dir/./arch/riscv/core/offsets/offsets.c.obj
 .debug_abbrev  0x00000000000000f4       0x73 app/libapp.a(main.c.obj)
 .debug_abbrev  0x0000000000000167      0x23e zephyr/libzephyr.a(printk.c.obj)
 .debug_abbrev  0x00000000000003a5      0x210 zephyr/libzephyr.a(thread_entry.c.obj)
 .debug_abbrev  0x00000000000005b5      0x385 zephyr/libzephyr.a(cbprintf_complete.c.obj)
 .debug_abbrev  0x000000000000093a       0x2e zephyr/libzephyr.a(configs.c.obj)
 .debug_abbrev  0x0000000000000968      0x11c zephyr/libzephyr.a(idle.c.obj)
 .debug_abbrev  0x0000000000000a84       0x12 zephyr/libzephyr.a(soc_irq.S.obj)
 .debug_abbrev  0x0000000000000a96      0x170 zephyr/libzephyr.a(soc_common_irq.c.obj)
 .debug_abbrev  0x0000000000000c06       0x14 zephyr/libzephyr.a(vector.S.obj)
 .debug_abbrev  0x0000000000000c1a       0x5e zephyr/libzephyr.a(tracing_none.c.obj)
 .debug_abbrev  0x0000000000000c78      0x23d zephyr/arch/arch/riscv/core/libarch__riscv__core.a(fatal.c.obj)
 .debug_abbrev  0x0000000000000eb5      0x1cd zephyr/arch/arch/riscv/core/libarch__riscv__core.a(irq_manage.c.obj)
 .debug_abbrev  0x0000000000001082       0x14 zephyr/arch/arch/riscv/core/libarch__riscv__core.a(isr.S.obj)
 .debug_abbrev  0x0000000000001096       0x64 zephyr/arch/arch/riscv/core/libarch__riscv__core.a(prep_c.c.obj)
 .debug_abbrev  0x00000000000010fa       0x12 zephyr/arch/arch/riscv/core/libarch__riscv__core.a(reset.S.obj)
 .debug_abbrev  0x000000000000110c       0x12 zephyr/arch/arch/riscv/core/libarch__riscv__core.a(swap.S.obj)
 .debug_abbrev  0x000000000000111e      0x1c2 zephyr/arch/arch/riscv/core/libarch__riscv__core.a(thread.c.obj)
 .debug_abbrev  0x00000000000012e0      0x1a0 zephyr/lib/libc/minimal/liblib__libc__minimal.a(string.c.obj)
 .debug_abbrev  0x0000000000001480      0x2dd zephyr/drivers/interrupt_controller/libdrivers__interrupt_controller.a(intc_plic.c.obj)
 .debug_abbrev  0x000000000000175d      0x3bd zephyr/drivers/timer/libdrivers__timer.a(riscv_machine_timer.c.obj)
 .debug_abbrev  0x0000000000001b1a      0x17c zephyr/kernel/libkernel.a(errno.c.obj)
 .debug_abbrev  0x0000000000001c96      0x41f zephyr/kernel/libkernel.a(fatal.c.obj)
 .debug_abbrev  0x00000000000020b5      0x415 zephyr/kernel/libkernel.a(init.c.obj)
 .debug_abbrev  0x00000000000024ca      0x566 zephyr/kernel/libkernel.a(thread.c.obj)
 .debug_abbrev  0x0000000000002a30      0x152 zephyr/kernel/libkernel.a(idle.c.obj)
 .debug_abbrev  0x0000000000002b82      0x5f4 zephyr/kernel/libkernel.a(sched.c.obj)
 .debug_abbrev  0x0000000000003176       0x88 zephyr/kernel/libkernel.a(xip.c.obj)
 .debug_abbrev  0x00000000000031fe      0x4c2 zephyr/kernel/libkernel.a(timeout.c.obj)
 .debug_abbrev  0x00000000000036c0       0x89 zephyr/kernel/libkernel.a(banner.c.obj)
 .debug_abbrev  0x0000000000003749      0x30d zephyr/kernel/libkernel.a(device.c.obj)

.debug_line     0x0000000000000000     0xde5f
 *(SORT_BY_ALIGNMENT(.debug_line) SORT_BY_ALIGNMENT(.debug_line.*) SORT_BY_ALIGNMENT(.debug_line_end))
 .debug_line    0x0000000000000000       0x9c zephyr/CMakeFiles/zephyr_final.dir/isr_tables.c.obj
 .debug_line    0x000000000000009c      0x219 zephyr/CMakeFiles/offsets.dir/./arch/riscv/core/offsets/offsets.c.obj
 .debug_line    0x00000000000002b5       0xb9 app/libapp.a(main.c.obj)
 .debug_line    0x000000000000036e      0x50b zephyr/libzephyr.a(printk.c.obj)
 .debug_line    0x0000000000000879      0x36e zephyr/libzephyr.a(thread_entry.c.obj)
 .debug_line    0x0000000000000be7     0x16d2 zephyr/libzephyr.a(cbprintf_complete.c.obj)
 .debug_line    0x00000000000022b9      0x3ed zephyr/libzephyr.a(configs.c.obj)
 .debug_line    0x00000000000026a6      0x1f0 zephyr/libzephyr.a(idle.c.obj)
 .debug_line    0x0000000000002896       0xc5 zephyr/libzephyr.a(soc_irq.S.obj)
 .debug_line    0x000000000000295b      0x45c zephyr/libzephyr.a(soc_common_irq.c.obj)
 .debug_line    0x0000000000002db7       0x90 zephyr/libzephyr.a(vector.S.obj)
 .debug_line    0x0000000000002e47       0x7c zephyr/libzephyr.a(tracing_none.c.obj)
 .debug_line    0x0000000000002ec3      0x376 zephyr/arch/arch/riscv/core/libarch__riscv__core.a(fatal.c.obj)
 .debug_line    0x0000000000003239      0x2e4 zephyr/arch/arch/riscv/core/libarch__riscv__core.a(irq_manage.c.obj)
 .debug_line    0x000000000000351d      0x223 zephyr/arch/arch/riscv/core/libarch__riscv__core.a(isr.S.obj)
 .debug_line    0x0000000000003740      0x13a zephyr/arch/arch/riscv/core/libarch__riscv__core.a(prep_c.c.obj)
 .debug_line    0x000000000000387a       0xac zephyr/arch/arch/riscv/core/libarch__riscv__core.a(reset.S.obj)
 .debug_line    0x0000000000003926       0xa6 zephyr/arch/arch/riscv/core/libarch__riscv__core.a(swap.S.obj)
 .debug_line    0x00000000000039cc      0x375 zephyr/arch/arch/riscv/core/libarch__riscv__core.a(thread.c.obj)
 .debug_line    0x0000000000003d41      0xa7b zephyr/lib/libc/minimal/liblib__libc__minimal.a(string.c.obj)
 .debug_line    0x00000000000047bc      0x600 zephyr/drivers/interrupt_controller/libdrivers__interrupt_controller.a(intc_plic.c.obj)
 .debug_line    0x0000000000004dbc      0x8df zephyr/drivers/timer/libdrivers__timer.a(riscv_machine_timer.c.obj)
 .debug_line    0x000000000000569b      0x341 zephyr/kernel/libkernel.a(errno.c.obj)
 .debug_line    0x00000000000059dc      0x66b zephyr/kernel/libkernel.a(fatal.c.obj)
 .debug_line    0x0000000000006047      0x87c zephyr/kernel/libkernel.a(init.c.obj)
 .debug_line    0x00000000000068c3      0xedb zephyr/kernel/libkernel.a(thread.c.obj)
 .debug_line    0x000000000000779e      0x2d3 zephyr/kernel/libkernel.a(idle.c.obj)
 .debug_line    0x0000000000007a71     0x43e5 zephyr/kernel/libkernel.a(sched.c.obj)
 .debug_line    0x000000000000be56      0x119 zephyr/kernel/libkernel.a(xip.c.obj)
 .debug_line    0x000000000000bf6f     0x15fd zephyr/kernel/libkernel.a(timeout.c.obj)
 .debug_line    0x000000000000d56c      0x11e zephyr/kernel/libkernel.a(banner.c.obj)
 .debug_line    0x000000000000d68a      0x7d5 zephyr/kernel/libkernel.a(device.c.obj)

.debug_frame    0x0000000000000000     0x14a4
 *(SORT_BY_ALIGNMENT(.debug_frame))
 .debug_frame   0x0000000000000000       0x20 zephyr/CMakeFiles/offsets.dir/./arch/riscv/core/offsets/offsets.c.obj
 .debug_frame   0x0000000000000020       0x20 app/libapp.a(main.c.obj)
 .debug_frame   0x0000000000000040      0x100 zephyr/libzephyr.a(printk.c.obj)
 .debug_frame   0x0000000000000140       0x28 zephyr/libzephyr.a(thread_entry.c.obj)
 .debug_frame   0x0000000000000168       0xdc zephyr/libzephyr.a(cbprintf_complete.c.obj)
 .debug_frame   0x0000000000000244       0x20 zephyr/libzephyr.a(configs.c.obj)
 .debug_frame   0x0000000000000264       0x4c zephyr/libzephyr.a(idle.c.obj)
 .debug_frame   0x00000000000002b0       0x60 zephyr/libzephyr.a(soc_common_irq.c.obj)
 .debug_frame   0x0000000000000310       0x50 zephyr/libzephyr.a(tracing_none.c.obj)
 .debug_frame   0x0000000000000360       0x40 zephyr/arch/arch/riscv/core/libarch__riscv__core.a(fatal.c.obj)
 .debug_frame   0x00000000000003a0       0x28 zephyr/arch/arch/riscv/core/libarch__riscv__core.a(irq_manage.c.obj)
 .debug_frame   0x00000000000003c8       0x28 zephyr/arch/arch/riscv/core/libarch__riscv__core.a(prep_c.c.obj)
 .debug_frame   0x00000000000003f0       0x20 zephyr/arch/arch/riscv/core/libarch__riscv__core.a(thread.c.obj)
 .debug_frame   0x0000000000000410      0x15c zephyr/lib/libc/minimal/liblib__libc__minimal.a(string.c.obj)
 .debug_frame   0x000000000000056c       0xa4 zephyr/drivers/interrupt_controller/libdrivers__interrupt_controller.a(intc_plic.c.obj)
 .debug_frame   0x0000000000000610       0xd8 zephyr/drivers/timer/libdrivers__timer.a(riscv_machine_timer.c.obj)
 .debug_frame   0x00000000000006e8       0x20 zephyr/kernel/libkernel.a(errno.c.obj)
 .debug_frame   0x0000000000000708       0xc8 zephyr/kernel/libkernel.a(fatal.c.obj)
 .debug_frame   0x00000000000007d0       0x90 zephyr/kernel/libkernel.a(init.c.obj)
 .debug_frame   0x0000000000000860      0x1b0 zephyr/kernel/libkernel.a(thread.c.obj)
 .debug_frame   0x0000000000000a10       0x38 zephyr/kernel/libkernel.a(idle.c.obj)
 .debug_frame   0x0000000000000a48      0x6ec zephyr/kernel/libkernel.a(sched.c.obj)
 .debug_frame   0x0000000000001134       0x20 zephyr/kernel/libkernel.a(xip.c.obj)
 .debug_frame   0x0000000000001154      0x230 zephyr/kernel/libkernel.a(timeout.c.obj)
 .debug_frame   0x0000000000001384       0x20 zephyr/kernel/libkernel.a(banner.c.obj)
 .debug_frame   0x00000000000013a4      0x100 zephyr/kernel/libkernel.a(device.c.obj)

.debug_str      0x0000000000000000     0x2dd2
 *(SORT_BY_ALIGNMENT(.debug_str))
 .debug_str     0x0000000000000000      0x1d9 zephyr/CMakeFiles/zephyr_final.dir/isr_tables.c.obj
                                        0x20d (size before relaxing)
 .debug_str     0x00000000000001d9       0x5b zephyr/CMakeFiles/offsets.dir/./arch/riscv/core/offsets/offsets.c.obj
                                        0x210 (size before relaxing)
 .debug_str     0x0000000000000234       0x43 app/libapp.a(main.c.obj)
                                        0x20a (size before relaxing)
 .debug_str     0x0000000000000277      0x234 zephyr/libzephyr.a(printk.c.obj)
                                        0x42d (size before relaxing)
 .debug_str     0x00000000000004ab      0x20d zephyr/libzephyr.a(thread_entry.c.obj)
                                        0x46d (size before relaxing)
 .debug_str     0x00000000000006b8      0x386 zephyr/libzephyr.a(cbprintf_complete.c.obj)
                                        0x5d4 (size before relaxing)
 .debug_str     0x0000000000000a3e       0x59 zephyr/libzephyr.a(configs.c.obj)
                                        0x179 (size before relaxing)
 .debug_str     0x0000000000000a97       0xa1 zephyr/libzephyr.a(idle.c.obj)
                                        0x264 (size before relaxing)
 .debug_str     0x0000000000000b38       0x5d zephyr/libzephyr.a(soc_irq.S.obj)
                                         0x87 (size before relaxing)
 .debug_str     0x0000000000000b95      0x140 zephyr/libzephyr.a(soc_common_irq.c.obj)
                                        0x314 (size before relaxing)
 .debug_str     0x0000000000000cd5       0x4e zephyr/libzephyr.a(vector.S.obj)
                                         0x86 (size before relaxing)
 .debug_str     0x0000000000000d23       0x89 zephyr/libzephyr.a(tracing_none.c.obj)
                                        0x253 (size before relaxing)
 .debug_str     0x0000000000000dac      0x3a4 zephyr/arch/arch/riscv/core/libarch__riscv__core.a(fatal.c.obj)
                                        0x5db (size before relaxing)
 .debug_str     0x0000000000001150       0x57 zephyr/arch/arch/riscv/core/libarch__riscv__core.a(irq_manage.c.obj)
                                        0x5b4 (size before relaxing)
 .debug_str     0x00000000000011a7       0x3a zephyr/arch/arch/riscv/core/libarch__riscv__core.a(isr.S.obj)
                                         0x72 (size before relaxing)
 .debug_str     0x00000000000011e1       0x64 zephyr/arch/arch/riscv/core/libarch__riscv__core.a(prep_c.c.obj)
                                        0x232 (size before relaxing)
 .debug_str     0x0000000000001245       0x3c zephyr/arch/arch/riscv/core/libarch__riscv__core.a(reset.S.obj)
                                         0x74 (size before relaxing)
 .debug_str     0x0000000000001281       0x3b zephyr/arch/arch/riscv/core/libarch__riscv__core.a(swap.S.obj)
                                         0x73 (size before relaxing)
 .debug_str     0x00000000000012bc       0x9c zephyr/arch/arch/riscv/core/libarch__riscv__core.a(thread.c.obj)
                                        0x48a (size before relaxing)
 .debug_str     0x0000000000001358       0xda zephyr/lib/libc/minimal/liblib__libc__minimal.a(string.c.obj)
                                        0x2b1 (size before relaxing)
 .debug_str     0x0000000000001432      0x112 zephyr/drivers/interrupt_controller/libdrivers__interrupt_controller.a(intc_plic.c.obj)
                                        0x528 (size before relaxing)
 .debug_str     0x0000000000001544      0x1d6 zephyr/drivers/timer/libdrivers__timer.a(riscv_machine_timer.c.obj)
                                        0x5c4 (size before relaxing)
 .debug_str     0x000000000000171a       0x92 zephyr/kernel/libkernel.a(errno.c.obj)
                                        0x5ba (size before relaxing)
 .debug_str     0x00000000000017ac      0x1ad zephyr/kernel/libkernel.a(fatal.c.obj)
                                        0x908 (size before relaxing)
 .debug_str     0x0000000000001959      0x229 zephyr/kernel/libkernel.a(init.c.obj)
                                        0x74f (size before relaxing)
 .debug_str     0x0000000000001b82      0x483 zephyr/kernel/libkernel.a(thread.c.obj)
                                        0xce1 (size before relaxing)
 .debug_str     0x0000000000002005       0x65 zephyr/kernel/libkernel.a(idle.c.obj)
                                        0x2fb (size before relaxing)
 .debug_str     0x000000000000206a      0x909 zephyr/kernel/libkernel.a(sched.c.obj)
                                       0x12f1 (size before relaxing)
 .debug_str     0x0000000000002973       0x70 zephyr/kernel/libkernel.a(xip.c.obj)
                                        0x23e (size before relaxing)
 .debug_str     0x00000000000029e3      0x1b5 zephyr/kernel/libkernel.a(timeout.c.obj)
                                        0x96a (size before relaxing)
 .debug_str     0x0000000000002b98       0x3f zephyr/kernel/libkernel.a(banner.c.obj)
                                        0x228 (size before relaxing)
 .debug_str     0x0000000000002bd7      0x1fb zephyr/kernel/libkernel.a(device.c.obj)
                                        0x47f (size before relaxing)

.debug_loc      0x0000000000000000     0x7065
 *(SORT_BY_ALIGNMENT(.debug_loc))
 .debug_loc     0x0000000000000000      0x285 zephyr/libzephyr.a(printk.c.obj)
 .debug_loc     0x0000000000000285       0xb8 zephyr/libzephyr.a(thread_entry.c.obj)
 .debug_loc     0x000000000000033d     0x1282 zephyr/libzephyr.a(cbprintf_complete.c.obj)
 .debug_loc     0x00000000000015bf       0x85 zephyr/libzephyr.a(idle.c.obj)
 .debug_loc     0x0000000000001644      0x24d zephyr/libzephyr.a(soc_common_irq.c.obj)
 .debug_loc     0x0000000000001891       0xc1 zephyr/arch/arch/riscv/core/libarch__riscv__core.a(fatal.c.obj)
 .debug_loc     0x0000000000001952       0x21 zephyr/arch/arch/riscv/core/libarch__riscv__core.a(irq_manage.c.obj)
 .debug_loc     0x0000000000001973       0x6f zephyr/arch/arch/riscv/core/libarch__riscv__core.a(thread.c.obj)
 .debug_loc     0x00000000000019e2      0xa22 zephyr/lib/libc/minimal/liblib__libc__minimal.a(string.c.obj)
 .debug_loc     0x0000000000002404      0x2a9 zephyr/drivers/interrupt_controller/libdrivers__interrupt_controller.a(intc_plic.c.obj)
 .debug_loc     0x00000000000026ad      0x24f zephyr/drivers/timer/libdrivers__timer.a(riscv_machine_timer.c.obj)
 .debug_loc     0x00000000000028fc      0x15b zephyr/kernel/libkernel.a(fatal.c.obj)
 .debug_loc     0x0000000000002a57      0x198 zephyr/kernel/libkernel.a(init.c.obj)
 .debug_loc     0x0000000000002bef      0x85b zephyr/kernel/libkernel.a(thread.c.obj)
 .debug_loc     0x000000000000344a       0x63 zephyr/kernel/libkernel.a(idle.c.obj)
 .debug_loc     0x00000000000034ad     0x2b3e zephyr/kernel/libkernel.a(sched.c.obj)
 .debug_loc     0x0000000000005feb      0xb25 zephyr/kernel/libkernel.a(timeout.c.obj)
 .debug_loc     0x0000000000006b10      0x555 zephyr/kernel/libkernel.a(device.c.obj)

.debug_macinfo
 *(SORT_BY_ALIGNMENT(.debug_macinfo))

.debug_weaknames
 *(SORT_BY_ALIGNMENT(.debug_weaknames))

.debug_funcnames
 *(SORT_BY_ALIGNMENT(.debug_funcnames))

.debug_typenames
 *(SORT_BY_ALIGNMENT(.debug_typenames))

.debug_varnames
 *(SORT_BY_ALIGNMENT(.debug_varnames))

.debug_pubtypes
 *(SORT_BY_ALIGNMENT(.debug_pubtypes))

.debug_ranges   0x0000000000000000     0x2108
 *(SORT_BY_ALIGNMENT(.debug_ranges))
 .debug_ranges  0x0000000000000000       0x20 zephyr/libzephyr.a(soc_irq.S.obj)
 .debug_ranges  0x0000000000000020       0x20 zephyr/arch/arch/riscv/core/libarch__riscv__core.a(reset.S.obj)
 .debug_ranges  0x0000000000000040       0x20 zephyr/arch/arch/riscv/core/libarch__riscv__core.a(swap.S.obj)
 .debug_ranges  0x0000000000000060       0x10 zephyr/CMakeFiles/offsets.dir/./arch/riscv/core/offsets/offsets.c.obj
 .debug_ranges  0x0000000000000070       0x10 app/libapp.a(main.c.obj)
 .debug_ranges  0x0000000000000080       0x58 zephyr/libzephyr.a(printk.c.obj)
 .debug_ranges  0x00000000000000d8       0x10 zephyr/libzephyr.a(thread_entry.c.obj)
 .debug_ranges  0x00000000000000e8      0x238 zephyr/libzephyr.a(cbprintf_complete.c.obj)
 .debug_ranges  0x0000000000000320       0x10 zephyr/libzephyr.a(configs.c.obj)
 .debug_ranges  0x0000000000000330       0x30 zephyr/libzephyr.a(idle.c.obj)
 .debug_ranges  0x0000000000000360       0x30 zephyr/libzephyr.a(soc_common_irq.c.obj)
 .debug_ranges  0x0000000000000390       0x10 zephyr/libzephyr.a(tracing_none.c.obj)
 .debug_ranges  0x00000000000003a0       0x18 zephyr/arch/arch/riscv/core/libarch__riscv__core.a(fatal.c.obj)
 .debug_ranges  0x00000000000003b8       0x10 zephyr/arch/arch/riscv/core/libarch__riscv__core.a(irq_manage.c.obj)
 .debug_ranges  0x00000000000003c8       0x10 zephyr/arch/arch/riscv/core/libarch__riscv__core.a(prep_c.c.obj)
 .debug_ranges  0x00000000000003d8       0x28 zephyr/arch/arch/riscv/core/libarch__riscv__core.a(thread.c.obj)
 .debug_ranges  0x0000000000000400       0x88 zephyr/lib/libc/minimal/liblib__libc__minimal.a(string.c.obj)
 .debug_ranges  0x0000000000000488       0xa0 zephyr/drivers/interrupt_controller/libdrivers__interrupt_controller.a(intc_plic.c.obj)
 .debug_ranges  0x0000000000000528      0x100 zephyr/drivers/timer/libdrivers__timer.a(riscv_machine_timer.c.obj)
 .debug_ranges  0x0000000000000628       0x10 zephyr/kernel/libkernel.a(errno.c.obj)
 .debug_ranges  0x0000000000000638       0xb8 zephyr/kernel/libkernel.a(fatal.c.obj)
 .debug_ranges  0x00000000000006f0       0xc8 zephyr/kernel/libkernel.a(init.c.obj)
 .debug_ranges  0x00000000000007b8      0x218 zephyr/kernel/libkernel.a(thread.c.obj)
 .debug_ranges  0x00000000000009d0       0x30 zephyr/kernel/libkernel.a(idle.c.obj)
 .debug_ranges  0x0000000000000a00     0x10a0 zephyr/kernel/libkernel.a(sched.c.obj)
 .debug_ranges  0x0000000000001aa0       0x10 zephyr/kernel/libkernel.a(xip.c.obj)
 .debug_ranges  0x0000000000001ab0      0x508 zephyr/kernel/libkernel.a(timeout.c.obj)
 .debug_ranges  0x0000000000001fb8       0x10 zephyr/kernel/libkernel.a(banner.c.obj)
 .debug_ranges  0x0000000000001fc8      0x140 zephyr/kernel/libkernel.a(device.c.obj)

.debug_macro
 *(SORT_BY_ALIGNMENT(.debug_macro))

.debug_line_str
 *(SORT_BY_ALIGNMENT(.debug_line_str))

.debug_loclists
 *(SORT_BY_ALIGNMENT(.debug_loclists))

.debug_rnglists
 *(SORT_BY_ALIGNMENT(.debug_rnglists))

.riscv.attributes
                0x0000000000000000       0x2a
 *(SORT_BY_ALIGNMENT(.riscv.attributes))
 .riscv.attributes
                0x0000000000000000       0x26 zephyr/CMakeFiles/zephyr_final.dir/misc/empty_file.c.obj
 .riscv.attributes
                0x0000000000000026       0x26 zephyr/CMakeFiles/zephyr_final.dir/dev_handles.c.obj
 .riscv.attributes
                0x000000000000004c       0x26 zephyr/CMakeFiles/zephyr_final.dir/isr_tables.c.obj
 .riscv.attributes
                0x0000000000000072       0x26 zephyr/CMakeFiles/offsets.dir/./arch/riscv/core/offsets/offsets.c.obj
 .riscv.attributes
                0x0000000000000098       0x26 app/libapp.a(main.c.obj)
 .riscv.attributes
                0x00000000000000be       0x26 zephyr/libzephyr.a(cbprintf.c.obj)
 .riscv.attributes
                0x00000000000000e4       0x26 zephyr/libzephyr.a(cbprintf_packaged.c.obj)
 .riscv.attributes
                0x000000000000010a       0x26 zephyr/libzephyr.a(crc32c_sw.c.obj)
 .riscv.attributes
                0x0000000000000130       0x26 zephyr/libzephyr.a(crc32_sw.c.obj)
 .riscv.attributes
                0x0000000000000156       0x26 zephyr/libzephyr.a(crc16_sw.c.obj)
 .riscv.attributes
                0x000000000000017c       0x26 zephyr/libzephyr.a(crc8_sw.c.obj)
 .riscv.attributes
                0x00000000000001a2       0x26 zephyr/libzephyr.a(crc7_sw.c.obj)
 .riscv.attributes
                0x00000000000001c8       0x26 zephyr/libzephyr.a(dec.c.obj)
 .riscv.attributes
                0x00000000000001ee       0x26 zephyr/libzephyr.a(fdtable.c.obj)
 .riscv.attributes
                0x0000000000000214       0x26 zephyr/libzephyr.a(hex.c.obj)
 .riscv.attributes
                0x000000000000023a       0x26 zephyr/libzephyr.a(notify.c.obj)
 .riscv.attributes
                0x0000000000000260       0x26 zephyr/libzephyr.a(printk.c.obj)
 .riscv.attributes
                0x0000000000000286       0x2a zephyr/libzephyr.a(onoff.c.obj)
 .riscv.attributes
                0x00000000000002b0       0x26 zephyr/libzephyr.a(rb.c.obj)
 .riscv.attributes
                0x00000000000002d6       0x26 zephyr/libzephyr.a(sem.c.obj)
 .riscv.attributes
                0x00000000000002fc       0x26 zephyr/libzephyr.a(thread_entry.c.obj)
 .riscv.attributes
                0x0000000000000322       0x26 zephyr/libzephyr.a(timeutil.c.obj)
 .riscv.attributes
                0x0000000000000348       0x26 zephyr/libzephyr.a(heap.c.obj)
 .riscv.attributes
                0x000000000000036e       0x26 zephyr/libzephyr.a(heap-validate.c.obj)
 .riscv.attributes
                0x0000000000000394       0x2a zephyr/libzephyr.a(bitarray.c.obj)
 .riscv.attributes
                0x00000000000003be       0x26 zephyr/libzephyr.a(multi_heap.c.obj)
 .riscv.attributes
                0x00000000000003e4       0x26 zephyr/libzephyr.a(cbprintf_complete.c.obj)
 .riscv.attributes
                0x000000000000040a       0x26 zephyr/libzephyr.a(configs.c.obj)
 .riscv.attributes
                0x0000000000000430       0x2a zephyr/libzephyr.a(idle.c.obj)
 .riscv.attributes
                0x000000000000045a       0x28 zephyr/libzephyr.a(soc_irq.S.obj)
 .riscv.attributes
                0x0000000000000482       0x2a zephyr/libzephyr.a(soc_common_irq.c.obj)
 .riscv.attributes
                0x00000000000004ac       0x28 zephyr/libzephyr.a(vector.S.obj)
 .riscv.attributes
                0x00000000000004d4       0x26 zephyr/libzephyr.a(tracing_none.c.obj)
 .riscv.attributes
                0x00000000000004fa       0x26 zephyr/arch/common/libarch__common.a(sw_isr_common.c.obj)
 .riscv.attributes
                0x0000000000000520       0x2a zephyr/arch/arch/riscv/core/libarch__riscv__core.a(cpu_idle.c.obj)
 .riscv.attributes
                0x000000000000054a       0x2a zephyr/arch/arch/riscv/core/libarch__riscv__core.a(fatal.c.obj)
 .riscv.attributes
                0x0000000000000574       0x2a zephyr/arch/arch/riscv/core/libarch__riscv__core.a(irq_manage.c.obj)
 .riscv.attributes
                0x000000000000059e       0x28 zephyr/arch/arch/riscv/core/libarch__riscv__core.a(isr.S.obj)
 .riscv.attributes
                0x00000000000005c6       0x26 zephyr/arch/arch/riscv/core/libarch__riscv__core.a(prep_c.c.obj)
 .riscv.attributes
                0x00000000000005ec       0x26 zephyr/arch/arch/riscv/core/libarch__riscv__core.a(reboot.c.obj)
 .riscv.attributes
                0x0000000000000612       0x28 zephyr/arch/arch/riscv/core/libarch__riscv__core.a(reset.S.obj)
 .riscv.attributes
                0x000000000000063a       0x28 zephyr/arch/arch/riscv/core/libarch__riscv__core.a(swap.S.obj)
 .riscv.attributes
                0x0000000000000662       0x26 zephyr/arch/arch/riscv/core/libarch__riscv__core.a(thread.c.obj)
 .riscv.attributes
                0x0000000000000688       0x26 zephyr/lib/libc/minimal/liblib__libc__minimal.a(abort.c.obj)
 .riscv.attributes
                0x00000000000006ae       0x26 zephyr/lib/libc/minimal/liblib__libc__minimal.a(atoi.c.obj)
 .riscv.attributes
                0x00000000000006d4       0x26 zephyr/lib/libc/minimal/liblib__libc__minimal.a(strtol.c.obj)
 .riscv.attributes
                0x00000000000006fa       0x26 zephyr/lib/libc/minimal/liblib__libc__minimal.a(strtoul.c.obj)
 .riscv.attributes
                0x0000000000000720       0x26 zephyr/lib/libc/minimal/liblib__libc__minimal.a(malloc.c.obj)
 .riscv.attributes
                0x0000000000000746       0x26 zephyr/lib/libc/minimal/liblib__libc__minimal.a(bsearch.c.obj)
 .riscv.attributes
                0x000000000000076c       0x26 zephyr/lib/libc/minimal/liblib__libc__minimal.a(exit.c.obj)
 .riscv.attributes
                0x0000000000000792       0x26 zephyr/lib/libc/minimal/liblib__libc__minimal.a(qsort.c.obj)
 .riscv.attributes
                0x00000000000007b8       0x26 zephyr/lib/libc/minimal/liblib__libc__minimal.a(strncasecmp.c.obj)
 .riscv.attributes
                0x00000000000007de       0x26 zephyr/lib/libc/minimal/liblib__libc__minimal.a(strstr.c.obj)
 .riscv.attributes
                0x0000000000000804       0x26 zephyr/lib/libc/minimal/liblib__libc__minimal.a(string.c.obj)
 .riscv.attributes
                0x000000000000082a       0x26 zephyr/lib/libc/minimal/liblib__libc__minimal.a(strspn.c.obj)
 .riscv.attributes
                0x0000000000000850       0x26 zephyr/lib/libc/minimal/liblib__libc__minimal.a(stdout_console.c.obj)
 .riscv.attributes
                0x0000000000000876       0x26 zephyr/lib/libc/minimal/liblib__libc__minimal.a(sprintf.c.obj)
 .riscv.attributes
                0x000000000000089c       0x26 zephyr/lib/libc/minimal/liblib__libc__minimal.a(fprintf.c.obj)
 .riscv.attributes
                0x00000000000008c2       0x26 zephyr/lib/libc/minimal/liblib__libc__minimal.a(gmtime.c.obj)
 .riscv.attributes
                0x00000000000008e8       0x26 zephyr/lib/posix/liblib__posix.a(pthread_common.c.obj)
 .riscv.attributes
                0x000000000000090e       0x26 zephyr/lib/posix/liblib__posix.a(nanosleep.c.obj)
 .riscv.attributes
                0x0000000000000934       0x2a zephyr/drivers/interrupt_controller/libdrivers__interrupt_controller.a(intc_plic.c.obj)
 .riscv.attributes
                0x000000000000095e       0x26 zephyr/drivers/timer/libdrivers__timer.a(sys_clock_init.c.obj)
 .riscv.attributes
                0x0000000000000984       0x2a zephyr/drivers/timer/libdrivers__timer.a(riscv_machine_timer.c.obj)
 .riscv.attributes
                0x00000000000009ae       0x26 zephyr/kernel/libkernel.a(errno.c.obj)
 .riscv.attributes
                0x00000000000009d4       0x2a zephyr/kernel/libkernel.a(fatal.c.obj)
 .riscv.attributes
                0x00000000000009fe       0x2a zephyr/kernel/libkernel.a(init.c.obj)
 .riscv.attributes
                0x0000000000000a28       0x26 zephyr/kernel/libkernel.a(thread.c.obj)
 .riscv.attributes
                0x0000000000000a4e       0x2a zephyr/kernel/libkernel.a(idle.c.obj)
 .riscv.attributes
                0x0000000000000a78       0x2a zephyr/kernel/libkernel.a(mutex.c.obj)
 .riscv.attributes
                0x0000000000000aa2       0x2a zephyr/kernel/libkernel.a(sem.c.obj)
 .riscv.attributes
                0x0000000000000acc       0x2a zephyr/kernel/libkernel.a(sched.c.obj)
 .riscv.attributes
                0x0000000000000af6       0x26 zephyr/kernel/libkernel.a(xip.c.obj)
 .riscv.attributes
                0x0000000000000b1c       0x2a zephyr/kernel/libkernel.a(timeout.c.obj)
 .riscv.attributes
                0x0000000000000b46       0x2a zephyr/kernel/libkernel.a(atomic_c.c.obj)
 .riscv.attributes
                0x0000000000000b70       0x26 zephyr/kernel/libkernel.a(banner.c.obj)
 .riscv.attributes
                0x0000000000000b96       0x26 zephyr/kernel/libkernel.a(device.c.obj)
 .riscv.attributes
                0x0000000000000bbc       0x26 /home/arachidi/zephyr-sdk-0.13.2/riscv64-zephyr-elf/bin/../lib/gcc/riscv64-zephyr-elf/10.3.0/libgcc.a(_ffssi2.o)
 .riscv.attributes
                0x0000000000000be2       0x26 /home/arachidi/zephyr-sdk-0.13.2/riscv64-zephyr-elf/bin/../lib/gcc/riscv64-zephyr-elf/10.3.0/libgcc.a(_clz.o)
 .riscv.attributes
                0x0000000000000c08       0x26 /home/arachidi/zephyr-sdk-0.13.2/riscv64-zephyr-elf/bin/../lib/gcc/riscv64-zephyr-elf/10.3.0/libgcc.a(_clzsi2.o)
 .riscv.attributes
                0x0000000000000c2e       0x26 /home/arachidi/zephyr-sdk-0.13.2/riscv64-zephyr-elf/bin/../lib/gcc/riscv64-zephyr-elf/10.3.0/libgcc.a(_ctzsi2.o)
 .riscv.attributes
                0x0000000000000c54       0x26 /home/arachidi/zephyr-sdk-0.13.2/riscv64-zephyr-elf/bin/../lib/gcc/riscv64-zephyr-elf/10.3.0/libgcc.a(_divdi3.o)
 .riscv.attributes
                0x0000000000000c7a       0x26 /home/arachidi/zephyr-sdk-0.13.2/riscv64-zephyr-elf/bin/../lib/gcc/riscv64-zephyr-elf/10.3.0/libgcc.a(_moddi3.o)
 .riscv.attributes
                0x0000000000000ca0       0x26 /home/arachidi/zephyr-sdk-0.13.2/riscv64-zephyr-elf/bin/../lib/gcc/riscv64-zephyr-elf/10.3.0/libgcc.a(_udivdi3.o)
 .riscv.attributes
                0x0000000000000cc6       0x26 /home/arachidi/zephyr-sdk-0.13.2/riscv64-zephyr-elf/bin/../lib/gcc/riscv64-zephyr-elf/10.3.0/libgcc.a(_umoddi3.o)
 .riscv.attributes
                0x0000000000000cec       0x26 /home/arachidi/zephyr-sdk-0.13.2/riscv64-zephyr-elf/bin/../lib/gcc/riscv64-zephyr-elf/10.3.0/libgcc.a(divdf3.o)
 .riscv.attributes
                0x0000000000000d12       0x26 /home/arachidi/zephyr-sdk-0.13.2/riscv64-zephyr-elf/bin/../lib/gcc/riscv64-zephyr-elf/10.3.0/libgcc.a(muldf3.o)
 .riscv.attributes
                0x0000000000000d38       0x26 /home/arachidi/zephyr-sdk-0.13.2/riscv64-zephyr-elf/bin/../lib/gcc/riscv64-zephyr-elf/10.3.0/libgcc.a(subdf3.o)
 .riscv.attributes
                0x0000000000000d5e       0x26 /home/arachidi/zephyr-sdk-0.13.2/riscv64-zephyr-elf/bin/../lib/gcc/riscv64-zephyr-elf/10.3.0/libgcc.a(floatunsidf.o)
 .riscv.attributes
                0x0000000000000d84       0x26 /home/arachidi/zephyr-sdk-0.13.2/riscv64-zephyr-elf/bin/../lib/gcc/riscv64-zephyr-elf/10.3.0/libgcc.a(fixdfdi.o)
 .riscv.attributes
                0x0000000000000daa       0x26 /home/arachidi/zephyr-sdk-0.13.2/riscv64-zephyr-elf/bin/../lib/gcc/riscv64-zephyr-elf/10.3.0/libgcc.a(floatdidf.o)
 .riscv.attributes
                0x0000000000000dd0       0x26 /home/arachidi/zephyr-sdk-0.13.2/riscv64-zephyr-elf/bin/../lib/gcc/riscv64-zephyr-elf/10.3.0/libgcc.a(floatundidf.o)
 .riscv.attributes
                0x0000000000000df6       0x26 /home/arachidi/zephyr-sdk-0.13.2/riscv64-zephyr-elf/bin/../lib/gcc/riscv64-zephyr-elf/10.3.0/libgcc.a(eqsf2.o)
 .riscv.attributes
                0x0000000000000e1c       0x26 /home/arachidi/zephyr-sdk-0.13.2/riscv64-zephyr-elf/bin/../lib/gcc/riscv64-zephyr-elf/10.3.0/libgcc.a(gesf2.o)
 .riscv.attributes
                0x0000000000000e42       0x26 /home/arachidi/zephyr-sdk-0.13.2/riscv64-zephyr-elf/bin/../lib/gcc/riscv64-zephyr-elf/10.3.0/libgcc.a(extendsfdf2.o)
 .riscv.attributes
                0x0000000000000e68       0x26 /home/arachidi/zephyr-sdk-0.13.2/riscv64-zephyr-elf/bin/../lib/gcc/riscv64-zephyr-elf/10.3.0/libgcc.a(truncdfsf2.o)
 .riscv.attributes
                0x0000000000000e8e       0x26 /home/arachidi/zephyr-sdk-0.13.2/riscv64-zephyr-elf/bin/../lib/gcc/riscv64-zephyr-elf/10.3.0/libgcc.a(_lshrdi3.o)
 .riscv.attributes
                0x0000000000000eb4       0x26 /home/arachidi/zephyr-sdk-0.13.2/riscv64-zephyr-elf/bin/../lib/gcc/riscv64-zephyr-elf/10.3.0/libgcc.a(_ashldi3.o)
 *(SORT_BY_ALIGNMENT(.gnu.attributes))

.last_section   0x0000000020403230        0x0
                0x0000000020403230                __rom_region_end = LOADADDR (.last_section)
                0x0000000000003230                __rom_region_size = (__rom_region_end - __rom_region_start)
LOAD app/libapp.a
LOAD zephyr/libzephyr.a
LOAD zephyr/arch/common/libarch__common.a
LOAD zephyr/arch/arch/riscv/core/libarch__riscv__core.a
LOAD zephyr/lib/libc/minimal/liblib__libc__minimal.a
LOAD zephyr/lib/posix/liblib__posix.a
LOAD zephyr/drivers/interrupt_controller/libdrivers__interrupt_controller.a
LOAD zephyr/drivers/timer/libdrivers__timer.a
LOAD zephyr/kernel/libkernel.a
LOAD /home/arachidi/zephyr-sdk-0.13.2/riscv64-zephyr-elf/bin/../lib/gcc/riscv64-zephyr-elf/10.3.0/libgcc.a
LOAD zephyr/arch/common/libisr_tables.a
OUTPUT(zephyr/zephyr.elf elf32-littleriscv)
